To honour the JVM settings for this build a single-use Daemon process will be forked. For more on this, please refer to https://docs.gradle.org/8.9/userguide/gradle_daemon.html#sec:disabling_the_daemon in the Gradle documentation.
Daemon will be stopped at the end of the build
> Task :app:checkKotlinGradlePluginConfigurationErrors SKIPPED
> Task :app:preBuild UP-TO-DATE
> Task :app:preDebugBuild UP-TO-DATE
> Task :app:generateDebugBuildConfig UP-TO-DATE
> Task :app:checkDebugAarMetadata UP-TO-DATE
> Task :app:generateDebugResValues UP-TO-DATE
> Task :app:mapDebugSourceSetPaths UP-TO-DATE
> Task :app:generateDebugResources UP-TO-DATE
> Task :app:mergeDebugResources UP-TO-DATE
> Task :app:packageDebugResources UP-TO-DATE
> Task :app:parseDebugLocalResources UP-TO-DATE
> Task :app:createDebugCompatibleScreenManifests UP-TO-DATE
> Task :app:extractDeepLinksDebug UP-TO-DATE
> Task :app:processDebugMainManifest UP-TO-DATE
> Task :app:processDebugManifest UP-TO-DATE
> Task :app:processDebugManifestForPackage UP-TO-DATE
> Task :app:processDebugResources UP-TO-DATE
> Task :app:javaPreCompileDebug UP-TO-DATE
> Task :app:preDebugUnitTestBuild UP-TO-DATE
> Task :app:javaPreCompileDebugUnitTest UP-TO-DATE
> Task :app:preDebugAndroidTestBuild SKIPPED
> Task :app:generateDebugAndroidTestResValues UP-TO-DATE
> Task :app:extractProguardFiles UP-TO-DATE
> Task :app:mergeDebugNativeDebugMetadata NO-SOURCE
> Task :app:mergeDebugShaders UP-TO-DATE
> Task :app:compileDebugShaders NO-SOURCE
> Task :app:generateDebugAssets UP-TO-DATE
> Task :app:mergeDebugAssets UP-TO-DATE
> Task :app:compressDebugAssets UP-TO-DATE
> Task :app:desugarDebugFileDependencies UP-TO-DATE
> Task :app:checkDebugDuplicateClasses UP-TO-DATE
> Task :app:mergeExtDexDebug UP-TO-DATE
> Task :app:mergeLibDexDebug UP-TO-DATE
> Task :app:mergeDebugJniLibFolders UP-TO-DATE
> Task :app:mergeDebugNativeLibs UP-TO-DATE
> Task :app:stripDebugDebugSymbols UP-TO-DATE
> Task :app:validateSigningDebug UP-TO-DATE
> Task :app:writeDebugAppMetadata UP-TO-DATE
> Task :app:writeDebugSigningConfigVersions UP-TO-DATE
> Task :app:processDebugAndroidTestManifest UP-TO-DATE
> Task :app:generateDebugAndroidTestBuildConfig UP-TO-DATE
> Task :app:checkDebugAndroidTestAarMetadata UP-TO-DATE
> Task :app:mapDebugAndroidTestSourceSetPaths UP-TO-DATE
> Task :app:generateDebugAndroidTestResources UP-TO-DATE
> Task :app:mergeDebugAndroidTestResources UP-TO-DATE
> Task :app:processDebugAndroidTestResources UP-TO-DATE
> Task :app:javaPreCompileDebugAndroidTest UP-TO-DATE
> Task :app:mergeDebugAndroidTestShaders UP-TO-DATE
> Task :app:compileDebugAndroidTestShaders NO-SOURCE
> Task :app:generateDebugAndroidTestAssets UP-TO-DATE
> Task :app:mergeDebugAndroidTestAssets UP-TO-DATE
> Task :app:compressDebugAndroidTestAssets UP-TO-DATE
> Task :app:desugarDebugAndroidTestFileDependencies UP-TO-DATE
> Task :app:checkDebugAndroidTestDuplicateClasses UP-TO-DATE
> Task :app:mergeExtDexDebugAndroidTest UP-TO-DATE
> Task :app:mergeLibDexDebugAndroidTest UP-TO-DATE
> Task :app:mergeDebugAndroidTestJniLibFolders UP-TO-DATE
> Task :app:mergeDebugAndroidTestNativeLibs NO-SOURCE
> Task :app:stripDebugAndroidTestDebugSymbols NO-SOURCE
> Task :app:validateSigningDebugAndroidTest UP-TO-DATE
> Task :app:writeDebugAndroidTestSigningConfigVersions UP-TO-DATE
> Task :app:compileDebugKotlin
> Task :app:compileDebugJavaWithJavac UP-TO-DATE
> Task :app:processDebugJavaRes UP-TO-DATE
> Task :app:bundleDebugClassesToRuntimeJar
> Task :app:bundleDebugClassesToCompileJar
> Task :app:generateDebugLintReportModel
> Task :app:generateDebugAndroidTestLintModel
> Task :app:generateDebugUnitTestLintModel
> Task :app:compileDebugUnitTestKotlin
> Task :app:compileDebugUnitTestJavaWithJavac NO-SOURCE
> Task :app:processDebugUnitTestJavaRes UP-TO-DATE
> Task :app:testDebugUnitTest
> Task :app:dexBuilderDebug
> Task :app:mergeDebugGlobalSynthetics UP-TO-DATE
> Task :app:mergeDebugJavaResource UP-TO-DATE
> Task :app:mergeProjectDexDebug
> Task :app:packageDebug
> Task :app:createDebugApkListingFileRedirect UP-TO-DATE
> Task :app:assembleDebug
> Task :app:compileDebugAndroidTestKotlin
> Task :app:compileDebugAndroidTestJavaWithJavac UP-TO-DATE
> Task :app:dexBuilderDebugAndroidTest
> Task :app:mergeDebugAndroidTestGlobalSynthetics UP-TO-DATE
> Task :app:processDebugAndroidTestJavaRes UP-TO-DATE
> Task :app:mergeDebugAndroidTestJavaResource UP-TO-DATE
> Task :app:mergeProjectDexDebugAndroidTest
> Task :app:packageDebugAndroidTest
> Task :app:createDebugAndroidTestApkListingFileRedirect UP-TO-DATE
> Task :app:lintAnalyzeDebugUnitTest
> Task :app:lintAnalyzeDebugAndroidTest

> Task :app:connectedDebugAndroidTest
Starting 48 tests on cairn-r307-api26(AVD) - 8.0.0

> Task :app:lintAnalyzeDebug
cairn-r307-api26(AVD) - 8.0.0 Tests 19/48 completed. (0 skipped) (0 failed)

> Task :app:connectedDebugAndroidTest

com.alpenl.cairn.share.CurationWorkerRecoveryTest > persistBeforeSendAndLoseFirstResponse[cairn-r307-api26(AVD) - 8.0.0] [33mSKIPPED [0m

com.alpenl.cairn.share.CurationWorkerRecoveryTest > persistDeletionAfterRealCommitResponseLoss[cairn-r307-api26(AVD) - 8.0.0] [33mSKIPPED [0m

com.alpenl.cairn.share.CurationWorkerRecoveryTest > explicitlyRecoverLegacyAfterRestart[cairn-r307-api26(AVD) - 8.0.0] [33mSKIPPED [0m

com.alpenl.cairn.share.CurationWorkerRecoveryTest > blankKeywordLibraryUsesFullEffectiveFiltersAndConfirmedWrites[cairn-r307-api26(AVD) - 8.0.0] [33mSKIPPED [0m

com.alpenl.cairn.share.CurationWorkerRecoveryTest > preserveAmbiguousLegacyAndSeparateSameSuffixAccounts[cairn-r307-api26(AVD) - 8.0.0] [33mSKIPPED [0m

com.alpenl.cairn.share.CurationWorkerRecoveryTest > restoreAutomaticDraftAfterProcessDeath[cairn-r307-api26(AVD) - 8.0.0] [33mSKIPPED [0m

com.alpenl.cairn.share.CurationWorkerRecoveryTest > persistTermResetAfterExplicitEmpty[cairn-r307-api26(AVD) - 8.0.0] [33mSKIPPED [0m

com.alpenl.cairn.share.CurationWorkerRecoveryTest > restoreTermResetAfterProcessDeath[cairn-r307-api26(AVD) - 8.0.0] [33mSKIPPED [0m

com.alpenl.cairn.share.CurationWorkerRecoveryTest > recoverDeletionAfterProcessDeathWithoutReplayingCuration[cairn-r307-api26(AVD) - 8.0.0] [33mSKIPPED [0m

com.alpenl.cairn.share.CurationWorkerRecoveryTest > confirmedCurationRefreshesRealFilteredSearch[cairn-r307-api26(AVD) - 8.0.0] [33mSKIPPED [0m

com.alpenl.cairn.share.CurationWorkerRecoveryTest > persistResetWithIndependentAutomaticBaseline[cairn-r307-api26(AVD) - 8.0.0] [33mSKIPPED [0m

com.alpenl.cairn.share.CurationWorkerRecoveryTest > discardAndAccountSwitchPreserveUnrelatedActions[cairn-r307-api26(AVD) - 8.0.0] [33mSKIPPED [0m

com.alpenl.cairn.share.CurationWorkerRecoveryTest > recoverThenHandleTwoRealConflictsAndMidChainFailure[cairn-r307-api26(AVD) - 8.0.0] [33mSKIPPED [0m

cairn-r307-api26(AVD) - 8.0.0 Tests 56/48 completed. (13 skipped) (0 failed)
Finished 61 tests on cairn-r307-api26(AVD) - 8.0.0

> Task :app:lintReportDebug
> Task :app:lintDebug

BUILD SUCCESSFUL in 50s
81 actionable tasks: 21 executed, 60 up-to-date
