INSTRUMENTATION_STATUS: numtests=1
INSTRUMENTATION_STATUS: stream=
com.alpenl.cairn.share.AccountCacheInstrumentedTest:
INSTRUMENTATION_STATUS: id=AndroidJUnitRunner
INSTRUMENTATION_STATUS: test=deletionPurgesOwnedActionsAndRejectsLateSelectionAndDetail
INSTRUMENTATION_STATUS: class=com.alpenl.cairn.share.AccountCacheInstrumentedTest
INSTRUMENTATION_STATUS: current=1
INSTRUMENTATION_STATUS_CODE: 1
INSTRUMENTATION_STATUS: numtests=1
INSTRUMENTATION_STATUS: stream=
Error in deletionPurgesOwnedActionsAndRejectsLateSelectionAndDetail(com.alpenl.cairn.share.AccountCacheInstrumentedTest):
java.lang.AssertionError: late detail must not revive a deleted link
	at org.junit.Assert.fail(Assert.java:89)
	at org.junit.Assert.assertTrue(Assert.java:42)
	at org.junit.Assert.assertFalse(Assert.java:65)
	at com.alpenl.cairn.share.AccountCacheInstrumentedTest$deletionPurgesOwnedActionsAndRejectsLateSelectionAndDetail$1$5.invokeSuspend(AccountCacheInstrumentedTest.kt:817)
	at kotlin.coroutines.jvm.internal.BaseContinuationImpl.resumeWith(ContinuationImpl.kt:33)
	at kotlinx.coroutines.DispatchedTask.run(DispatchedTask.kt:108)
	at android.os.Handler.handleCallback(Handler.java:789)
	at android.os.Handler.dispatchMessage(Handler.java:98)
	at android.os.Looper.loop(Looper.java:164)
	at android.app.ActivityThread.main(ActivityThread.java:6541)
	at java.lang.reflect.Method.invoke(Native Method)
	at com.android.internal.os.Zygote$MethodAndArgsCaller.run(Zygote.java:240)
	at com.android.internal.os.ZygoteInit.main(ZygoteInit.java:767)

INSTRUMENTATION_STATUS: id=AndroidJUnitRunner
INSTRUMENTATION_STATUS: test=deletionPurgesOwnedActionsAndRejectsLateSelectionAndDetail
INSTRUMENTATION_STATUS: class=com.alpenl.cairn.share.AccountCacheInstrumentedTest
INSTRUMENTATION_STATUS: stack=java.lang.AssertionError: late detail must not revive a deleted link
	at org.junit.Assert.fail(Assert.java:89)
	at org.junit.Assert.assertTrue(Assert.java:42)
	at org.junit.Assert.assertFalse(Assert.java:65)
	at com.alpenl.cairn.share.AccountCacheInstrumentedTest$deletionPurgesOwnedActionsAndRejectsLateSelectionAndDetail$1$5.invokeSuspend(AccountCacheInstrumentedTest.kt:817)
	at kotlin.coroutines.jvm.internal.BaseContinuationImpl.resumeWith(ContinuationImpl.kt:33)
	at kotlinx.coroutines.DispatchedTask.run(DispatchedTask.kt:108)
	at android.os.Handler.handleCallback(Handler.java:789)
	at android.os.Handler.dispatchMessage(Handler.java:98)
	at android.os.Looper.loop(Looper.java:164)
	at android.app.ActivityThread.main(ActivityThread.java:6541)
	at java.lang.reflect.Method.invoke(Native Method)
	at com.android.internal.os.Zygote$MethodAndArgsCaller.run(Zygote.java:240)
	at com.android.internal.os.ZygoteInit.main(ZygoteInit.java:767)

INSTRUMENTATION_STATUS: current=1
INSTRUMENTATION_STATUS_CODE: -2
INSTRUMENTATION_RESULT: stream=

Time: 0.872
There was 1 failure:
1) deletionPurgesOwnedActionsAndRejectsLateSelectionAndDetail(com.alpenl.cairn.share.AccountCacheInstrumentedTest)
java.lang.AssertionError: late detail must not revive a deleted link
	at org.junit.Assert.fail(Assert.java:89)
	at org.junit.Assert.assertTrue(Assert.java:42)
	at org.junit.Assert.assertFalse(Assert.java:65)
	at com.alpenl.cairn.share.AccountCacheInstrumentedTest$deletionPurgesOwnedActionsAndRejectsLateSelectionAndDetail$1$5.invokeSuspend(AccountCacheInstrumentedTest.kt:817)
	at kotlin.coroutines.jvm.internal.BaseContinuationImpl.resumeWith(ContinuationImpl.kt:33)
	at kotlinx.coroutines.DispatchedTask.run(DispatchedTask.kt:108)
	at android.os.Handler.handleCallback(Handler.java:789)
	at android.os.Handler.dispatchMessage(Handler.java:98)
	at android.os.Looper.loop(Looper.java:164)
	at android.app.ActivityThread.main(ActivityThread.java:6541)
	at java.lang.reflect.Method.invoke(Native Method)
	at com.android.internal.os.Zygote$MethodAndArgsCaller.run(Zygote.java:240)
	at com.android.internal.os.ZygoteInit.main(ZygoteInit.java:767)

FAILURES!!!
Tests run: 1,  Failures: 1


INSTRUMENTATION_CODE: -1
