== TestLocalWorkerFullLifecycle: starting worker on 127.0.0.1:39067 ==
=== RUN   TestLocalWorkerFullLifecycle
--- PASS: TestLocalWorkerFullLifecycle (0.91s)
PASS
ok  	github.com/Alpenl/cairn-x-enricher/tests/localintegration	0.918s
== TestLocalWorkerVersionCompetition: starting worker on 127.0.0.1:48565 ==
=== RUN   TestLocalWorkerVersionCompetition
--- PASS: TestLocalWorkerVersionCompetition (0.69s)
PASS
ok  	github.com/Alpenl/cairn-x-enricher/tests/localintegration	0.689s
== TestLocalWorkerDisplayRenameKeepsSemantics: starting worker on 127.0.0.1:58487 ==
=== RUN   TestLocalWorkerDisplayRenameKeepsSemantics
--- PASS: TestLocalWorkerDisplayRenameKeepsSemantics (0.09s)
PASS
ok  	github.com/Alpenl/cairn-x-enricher/tests/localintegration	0.088s
== TestLocalWorkerEvidenceCheckpointAndBoundRead: starting worker on 127.0.0.1:54717 ==
=== RUN   TestLocalWorkerEvidenceCheckpointAndBoundRead
    evidence_test.go:153: source saved, snapshot 503, three empty claims without attempt consumption, retry repairs snapshot with one retrieval
=== RUN   TestLocalWorkerEvidenceCheckpointAndBoundRead/404
=== RUN   TestLocalWorkerEvidenceCheckpointAndBoundRead/503
=== RUN   TestLocalWorkerEvidenceCheckpointAndBoundRead/malformed
=== RUN   TestLocalWorkerEvidenceCheckpointAndBoundRead/id
=== RUN   TestLocalWorkerEvidenceCheckpointAndBoundRead/revision
=== RUN   TestLocalWorkerEvidenceCheckpointAndBoundRead/hash
=== RUN   TestLocalWorkerEvidenceCheckpointAndBoundRead/body
=== NAME  TestLocalWorkerEvidenceCheckpointAndBoundRead
    evidence_test.go:252: real bound snapshot retained 45435 archive bytes; outbound request=2057 state=613 runes=200 blocks=0, truncation recorded
    evidence_test.go:253: seven bound-read failures: zero model calls/commits; recovery: 1 model call, 1 run
--- PASS: TestLocalWorkerEvidenceCheckpointAndBoundRead (1.39s)
    --- PASS: TestLocalWorkerEvidenceCheckpointAndBoundRead/404 (0.12s)
    --- PASS: TestLocalWorkerEvidenceCheckpointAndBoundRead/503 (0.11s)
    --- PASS: TestLocalWorkerEvidenceCheckpointAndBoundRead/malformed (0.12s)
    --- PASS: TestLocalWorkerEvidenceCheckpointAndBoundRead/id (0.12s)
    --- PASS: TestLocalWorkerEvidenceCheckpointAndBoundRead/revision (0.12s)
    --- PASS: TestLocalWorkerEvidenceCheckpointAndBoundRead/hash (0.11s)
    --- PASS: TestLocalWorkerEvidenceCheckpointAndBoundRead/body (0.09s)
PASS
ok  	github.com/Alpenl/cairn-x-enricher/tests/localintegration	1.391s
== TestLocalWorkerEntitySnapshotIdentity: starting worker on 127.0.0.1:50993 ==
=== RUN   TestLocalWorkerEntitySnapshotIdentity
    entities_test.go:210: actual processor: input_revision=1 content_revision=3 snapshot=2; classification=1 entity=1; 3 archived blocks; reject/reset API+search agree; stale result refused
--- PASS: TestLocalWorkerEntitySnapshotIdentity (0.84s)
PASS
ok  	github.com/Alpenl/cairn-x-enricher/tests/localintegration	0.839s
