To honour the JVM settings for this build a single-use Daemon process will be forked. For more on this, please refer to https://docs.gradle.org/8.9/userguide/gradle_daemon.html#sec:disabling_the_daemon in the Gradle documentation.
Daemon will be stopped at the end of the build
> Task :app:checkKotlinGradlePluginConfigurationErrors SKIPPED
> Task :app:preBuild UP-TO-DATE
> Task :app:preDebugBuild UP-TO-DATE
> Task :app:generateDebugBuildConfig
> Task :app:generateDebugResValues
> Task :app:mapDebugSourceSetPaths
> Task :app:generateDebugResources
> Task :app:checkDebugAarMetadata
> Task :app:packageDebugResources
> Task :app:createDebugCompatibleScreenManifests
> Task :app:extractDeepLinksDebug
> Task :app:mergeDebugResources
> Task :app:parseDebugLocalResources
> Task :app:processDebugMainManifest
> Task :app:processDebugManifest
> Task :app:preDebugAndroidTestBuild SKIPPED
> Task :app:javaPreCompileDebug
> Task :app:processDebugAndroidTestManifest
> Task :app:generateDebugAndroidTestBuildConfig
> Task :app:generateDebugAndroidTestResValues
> Task :app:checkDebugAndroidTestAarMetadata
> Task :app:mapDebugAndroidTestSourceSetPaths
> Task :app:generateDebugAndroidTestResources
> Task :app:javaPreCompileDebugAndroidTest
> Task :app:mergeDebugAndroidTestResources
> Task :app:mergeDebugShaders
> Task :app:compileDebugShaders NO-SOURCE
> Task :app:generateDebugAssets UP-TO-DATE
> Task :app:processDebugManifestForPackage
> Task :app:mergeDebugAssets
> Task :app:compressDebugAssets
> Task :app:desugarDebugFileDependencies
> Task :app:mergeDebugJniLibFolders
> Task :app:mergeDebugNativeLibs
> Task :app:validateSigningDebug
> Task :app:checkDebugDuplicateClasses
> Task :app:processDebugAndroidTestResources

> Task :app:stripDebugDebugSymbols
Unable to strip the following libraries, packaging them as they are: libandroidx.graphics.path.so, libdatastore_shared_counter.so.

> Task :app:writeDebugAppMetadata
> Task :app:mergeLibDexDebug
> Task :app:processDebugResources
> Task :app:writeDebugSigningConfigVersions
> Task :app:mergeDebugAndroidTestShaders
> Task :app:compileDebugAndroidTestShaders NO-SOURCE
> Task :app:generateDebugAndroidTestAssets UP-TO-DATE
> Task :app:mergeDebugAndroidTestAssets
> Task :app:compressDebugAndroidTestAssets
> Task :app:desugarDebugAndroidTestFileDependencies
> Task :app:mergeDebugAndroidTestJniLibFolders
> Task :app:mergeDebugAndroidTestNativeLibs NO-SOURCE
> Task :app:stripDebugAndroidTestDebugSymbols NO-SOURCE
> Task :app:checkDebugAndroidTestDuplicateClasses
> Task :app:validateSigningDebugAndroidTest
> Task :app:writeDebugAndroidTestSigningConfigVersions
> Task :app:mergeLibDexDebugAndroidTest
> Task :app:mergeExtDexDebugAndroidTest
> Task :app:mergeExtDexDebug
> Task :app:compileDebugKotlin
> Task :app:compileDebugJavaWithJavac
> Task :app:bundleDebugClassesToCompileJar
> Task :app:dexBuilderDebug
> Task :app:processDebugJavaRes
> Task :app:mergeDebugGlobalSynthetics
> Task :app:mergeProjectDexDebug
> Task :app:mergeDebugJavaResource
> Task :app:packageDebug
> Task :app:createDebugApkListingFileRedirect
> Task :app:compileDebugAndroidTestKotlin
> Task :app:compileDebugAndroidTestJavaWithJavac
> Task :app:dexBuilderDebugAndroidTest
> Task :app:processDebugAndroidTestJavaRes
> Task :app:mergeDebugAndroidTestGlobalSynthetics
> Task :app:mergeProjectDexDebugAndroidTest
> Task :app:mergeDebugAndroidTestJavaResource
> Task :app:packageDebugAndroidTest
> Task :app:createDebugAndroidTestApkListingFileRedirect

> Task :app:connectedDebugAndroidTest
Starting 3 tests on cairn-r307-api26(AVD) - 8.0.0

cairn-r307-api26(AVD) - 8.0.0 Tests 0/3 completed. (0 skipped) (0 failed)

> Task :app:connectedDebugAndroidTest

com.alpenl.cairn.share.AccountCacheInstrumentedTest > refreshRebasesResetPreviewWithoutChangingTheDurableIntentAndCapabilitiesStayIndependent[cairn-r307-api26(AVD) - 8.0.0] FAILED
	java.lang.AssertionError: State timeout: loading=false, status=已同步 4 条链接。, notes=[current, current, current, current], message=保存失败：服务端错误；动作已保留。
	at com.alpenl.cairn.share.AccountCacheInstrumentedTest.awaitState(AccountCacheInstrumentedTest.kt:67)

com.alpenl.cairn.share.AccountCacheInstrumentedTest > returningToSameAccountCannotPublishOldDetailSelectionTaxonomyOrDebug[cairn-r307-api26(AVD) - 8.0.0] FAILED
	java.lang.AssertionError
	at org.junit.Assert.fail(Assert.java:87)

com.alpenl.cairn.share.AccountCacheInstrumentedTest > oldMutationsCannotReplaceDeleteOrNavigateTheNewAccount[cairn-r307-api26(AVD) - 8.0.0] FAILED
	java.lang.AssertionError: expected:<4> but was:<3>
	at org.junit.Assert.fail(Assert.java:89)
Tests on cairn-r307-api26(AVD) - 8.0.0 failed: There was 3 failure(s).

Finished 3 tests on cairn-r307-api26(AVD) - 8.0.0

> Task :app:connectedDebugAndroidTest FAILED

FAILURE: Build failed with an exception.

* What went wrong:
Execution failed for task ':app:connectedDebugAndroidTest'.
> There were failing tests. See the report at: file:///tmp/cairn-b07-cache-before/android/app/build/reports/androidTests/connected/debug/index.html

* Try:
> Run with --stacktrace option to get the stack trace.
> Run with --info or --debug option to get more log output.
> Run with --scan to get full insights.
> Get more help at https://help.gradle.org.

BUILD FAILED in 1m 35s
67 actionable tasks: 67 executed
