WHAT: 验证 Go 与新 Worker 迁移兼容
WHY:  运行八个真实服务集成场景
== TestLocalWorkerFullLifecycle: starting worker on 127.0.0.1:52395 ==
=== RUN   TestLocalWorkerFullLifecycle
--- PASS: TestLocalWorkerFullLifecycle (1.02s)
PASS
ok  	github.com/Alpenl/cairn-x-enricher/tests/localintegration	1.025s
== TestLocalWorkerVersionCompetition: starting worker on 127.0.0.1:37923 ==
=== RUN   TestLocalWorkerVersionCompetition
--- PASS: TestLocalWorkerVersionCompetition (1.06s)
PASS
ok  	github.com/Alpenl/cairn-x-enricher/tests/localintegration	1.068s
== TestLocalWorkerDisplayRenameKeepsSemantics: starting worker on 127.0.0.1:42171 ==
=== RUN   TestLocalWorkerDisplayRenameKeepsSemantics
--- PASS: TestLocalWorkerDisplayRenameKeepsSemantics (0.13s)
PASS
ok  	github.com/Alpenl/cairn-x-enricher/tests/localintegration	0.134s
== TestLocalWorkerEvidenceCheckpointAndBoundRead: starting worker on 127.0.0.1:51767 ==
=== RUN   TestLocalWorkerEvidenceCheckpointAndBoundRead
    evidence_test.go:153: source saved, snapshot 503, three empty claims without attempt consumption, retry repairs snapshot with one retrieval
=== RUN   TestLocalWorkerEvidenceCheckpointAndBoundRead/404
=== RUN   TestLocalWorkerEvidenceCheckpointAndBoundRead/503
=== RUN   TestLocalWorkerEvidenceCheckpointAndBoundRead/malformed
=== RUN   TestLocalWorkerEvidenceCheckpointAndBoundRead/id
=== RUN   TestLocalWorkerEvidenceCheckpointAndBoundRead/revision
=== RUN   TestLocalWorkerEvidenceCheckpointAndBoundRead/hash
=== RUN   TestLocalWorkerEvidenceCheckpointAndBoundRead/body
=== NAME  TestLocalWorkerEvidenceCheckpointAndBoundRead
    evidence_test.go:252: real bound snapshot retained 45435 archive bytes; outbound request=2057 state=613 runes=200 blocks=0, truncation recorded
    evidence_test.go:253: seven bound-read failures: zero model calls/commits; recovery: 1 model call, 1 run
--- PASS: TestLocalWorkerEvidenceCheckpointAndBoundRead (2.64s)
    --- PASS: TestLocalWorkerEvidenceCheckpointAndBoundRead/404 (0.22s)
    --- PASS: TestLocalWorkerEvidenceCheckpointAndBoundRead/503 (0.25s)
    --- PASS: TestLocalWorkerEvidenceCheckpointAndBoundRead/malformed (0.25s)
    --- PASS: TestLocalWorkerEvidenceCheckpointAndBoundRead/id (0.20s)
    --- PASS: TestLocalWorkerEvidenceCheckpointAndBoundRead/revision (0.22s)
    --- PASS: TestLocalWorkerEvidenceCheckpointAndBoundRead/hash (0.23s)
    --- PASS: TestLocalWorkerEvidenceCheckpointAndBoundRead/body (0.20s)
PASS
ok  	github.com/Alpenl/cairn-x-enricher/tests/localintegration	2.662s
== TestLocalWorkerEntitySnapshotIdentity: starting worker on 127.0.0.1:57873 ==
=== RUN   TestLocalWorkerEntitySnapshotIdentity
    entities_test.go:210: actual processor: input_revision=1 content_revision=3 snapshot=2; classification=1 entity=1; 3 archived blocks; reject/reset API+search agree; stale result refused
--- PASS: TestLocalWorkerEntitySnapshotIdentity (1.52s)
PASS
ok  	github.com/Alpenl/cairn-x-enricher/tests/localintegration	1.528s
== TestLocalWorkerStoredQuestionReuse: starting worker on 127.0.0.1:34943 ==
=== RUN   TestLocalWorkerStoredQuestionReuse
    reuse_test.go:259: production store/read/reuse: initial=4 changed=1 display=0 policy=0; legacy/partial/alias bounded full; drift=1 and no fallback; total requests=8
--- PASS: TestLocalWorkerStoredQuestionReuse (4.02s)
PASS
ok  	github.com/Alpenl/cairn-x-enricher/tests/localintegration	4.027s
== TestLocalWorkerDecisionReferences: starting worker on 127.0.0.1:56783 ==
=== RUN   TestLocalWorkerDecisionReferences
    decision_test.go:197: production multi-run references restored; alias drift rejected; committed response-loss recovery preserved human edit and made zero additional model calls; 3 local calls total
--- PASS: TestLocalWorkerDecisionReferences (1.87s)
PASS
ok  	github.com/Alpenl/cairn-x-enricher/tests/localintegration	1.872s
== TestLocalWorkerEvidenceExecutionRecovery: starting worker on 127.0.0.1:40323 ==
=== RUN   TestLocalWorkerEvidenceExecutionRecovery
    escalation_test.go:247: real production evidence escalation: competing owner denied; 1 external HTTP fetch, checkpoint lost-response replay, 3 bounded finalize failures, new processor recovery, 2 model fixture calls; 3 original blocks retained and third poll unchanged
--- PASS: TestLocalWorkerEvidenceExecutionRecovery (1.30s)
PASS
ok  	github.com/Alpenl/cairn-x-enricher/tests/localintegration	1.303s
