WHAT: 验证缓存契约和数据库迁移
WHY:  确认旧契约兼容及身份与实际内容一致

> test
> vitest run

▲ [WARNING] Proxy environment variables detected. We'll use your proxy for fetch requests.


(node:1049997) [DEP0040] DeprecationWarning: The `punycode` module is deprecated. Please use a userland alternative instead.
(Use `node --trace-deprecation ...` to show where the warning was created)

 RUN  v4.1.11 /home/alpen/Stu/Cairn/cairn-share/worker

exception = workerd/api/unsafe.c++:229: failed: jsg.Error: Application called deleteAllDurableObjects().
stack: /home/alpen/Stu/Cairn/cairn-share/worker/node_modules/@cloudflare/workerd-linux-64/bin/workerd@376c0d0 /home/alpen/Stu/Cairn/cairn-share/worker/node_modules/@cloudflare/workerd-linux-64/bin/workerd@23ba480 /home/alpen/Stu/Cairn/cairn-share/worker/node_modules/@cloudflare/workerd-linux-64/bin/workerd@579605a /home/alpen/Stu/Cairn/cairn-share/worker/node_modules/@cloudflare/workerd-linux-64/bin/workerd@5934588 /home/alpen/Stu/Cairn/cairn-share/worker/node_modules/@cloudflare/workerd-linux-64/bin/workerd@57957c0 /home/alpen/Stu/Cairn/cairn-share/worker/node_modules/@cloudflare/workerd-linux-64/bin/workerd@34c54e0 /home/alpen/Stu/Cairn/cairn-share/worker/node_modules/@cloudflare/workerd-linux-64/bin/workerd@34c5a00 /home/alpen/Stu/Cairn/cairn-share/worker/node_modules/@cloudflare/workerd-linux-64/bin/workerd@3359440 /home/alpen/Stu/Cairn/cairn-share/worker/node_modules/@cloudflare/workerd-linux-64/bin/workerd@33597f6 /home/alpen/Stu/Cairn/cairn-share/worker/node_modules/@cloudflare/workerd-linux-64/bin/workerd@5934588 /home/alpen/Stu/Cairn/cairn-share/worker/node_modules/@cloudflare/workerd-linux-64/bin/workerd@30c87cb /home/alpen/Stu/Cairn/cairn-share/worker/node_modules/@cloudflare/workerd-linux-64/bin/workerd@30c8c94
exception = workerd/api/unsafe.c++:229: failed: jsg.Error: Application called deleteAllDurableObjects().
stack: /home/alpen/Stu/Cairn/cairn-share/worker/node_modules/@cloudflare/workerd-linux-64/bin/workerd@376c0d0 /home/alpen/Stu/Cairn/cairn-share/worker/node_modules/@cloudflare/workerd-linux-64/bin/workerd@23ba480 /home/alpen/Stu/Cairn/cairn-share/worker/node_modules/@cloudflare/workerd-linux-64/bin/workerd@579605a /home/alpen/Stu/Cairn/cairn-share/worker/node_modules/@cloudflare/workerd-linux-64/bin/workerd@5934588 /home/alpen/Stu/Cairn/cairn-share/worker/node_modules/@cloudflare/workerd-linux-64/bin/workerd@57957c0 /home/alpen/Stu/Cairn/cairn-share/worker/node_modules/@cloudflare/workerd-linux-64/bin/workerd@34c54e0 /home/alpen/Stu/Cairn/cairn-share/worker/node_modules/@cloudflare/workerd-linux-64/bin/workerd@34c5a00 /home/alpen/Stu/Cairn/cairn-share/worker/node_modules/@cloudflare/workerd-linux-64/bin/workerd@3359440 /home/alpen/Stu/Cairn/cairn-share/worker/node_modules/@cloudflare/workerd-linux-64/bin/workerd@33597f6 /home/alpen/Stu/Cairn/cairn-share/worker/node_modules/@cloudflare/workerd-linux-64/bin/workerd@5934588 /home/alpen/Stu/Cairn/cairn-share/worker/node_modules/@cloudflare/workerd-linux-64/bin/workerd@30c87cb /home/alpen/Stu/Cairn/cairn-share/worker/node_modules/@cloudflare/workerd-linux-64/bin/workerd@30c8c94
exception = workerd/api/unsafe.c++:229: failed: jsg.Error: Application called deleteAllDurableObjects().
stack: /home/alpen/Stu/Cairn/cairn-share/worker/node_modules/@cloudflare/workerd-linux-64/bin/workerd@376c0d0 /home/alpen/Stu/Cairn/cairn-share/worker/node_modules/@cloudflare/workerd-linux-64/bin/workerd@23ba480 /home/alpen/Stu/Cairn/cairn-share/worker/node_modules/@cloudflare/workerd-linux-64/bin/workerd@579605a /home/alpen/Stu/Cairn/cairn-share/worker/node_modules/@cloudflare/workerd-linux-64/bin/workerd@5934588 /home/alpen/Stu/Cairn/cairn-share/worker/node_modules/@cloudflare/workerd-linux-64/bin/workerd@57957c0 /home/alpen/Stu/Cairn/cairn-share/worker/node_modules/@cloudflare/workerd-linux-64/bin/workerd@34c54e0 /home/alpen/Stu/Cairn/cairn-share/worker/node_modules/@cloudflare/workerd-linux-64/bin/workerd@34c5a00 /home/alpen/Stu/Cairn/cairn-share/worker/node_modules/@cloudflare/workerd-linux-64/bin/workerd@3359440 /home/alpen/Stu/Cairn/cairn-share/worker/node_modules/@cloudflare/workerd-linux-64/bin/workerd@33597f6 /home/alpen/Stu/Cairn/cairn-share/worker/node_modules/@cloudflare/workerd-linux-64/bin/workerd@5934588 /home/alpen/Stu/Cairn/cairn-share/worker/node_modules/@cloudflare/workerd-linux-64/bin/workerd@30c87cb /home/alpen/Stu/Cairn/cairn-share/worker/node_modules/@cloudflare/workerd-linux-64/bin/workerd@30c8c94
 ❯ test/entity-identity.test.ts (5 tests | 2 failed) 39341ms
   × R3-09 preserves same-revision successes including empty; a new revision may report failure 10902ms
   × R3-09 search and cached projection follow entity accept/reject/reset/set-empty and source staleness 16861ms
 ❯ test/domain.test.ts (38 tests | 3 failed) 64275ms
   × persists form choices in action order across independent reads 8133ms
   × persists use choices in action order across independent reads 7248ms
   × persists carriers choices in action order across independent reads 7028ms

⎯⎯⎯⎯⎯⎯⎯ Failed Tests 5 ⎯⎯⎯⎯⎯⎯⎯

 FAIL  test/domain.test.ts > persists form choices in action order across independent reads
 FAIL  test/domain.test.ts > persists use choices in action order across independent reads
 FAIL  test/domain.test.ts > persists carriers choices in action order across independent reads
Error: Test timed out in 5000ms.
If this is a long-running test, pass a timeout value as the last argument or configure it globally with "testTimeout".
 ❯ test/domain.test.ts:95:3
     93|   ["use", "try", "quote"],
     94|   ["carriers", "single", "external_article"]
     95| ])("persists %s choices in action order across independent reads", asy…
       |   ^
     96|   const id = await createLink();
     97|   const actions = [

⎯⎯⎯⎯⎯⎯⎯⎯⎯⎯⎯⎯⎯⎯⎯⎯⎯⎯⎯⎯⎯⎯⎯⎯[1/5]⎯

 FAIL  test/entity-identity.test.ts > R3-09 preserves same-revision successes including empty; a new revision may report failure
Error: Test timed out in 5000ms.
If this is a long-running test, pass a timeout value as the last argument or configure it globally with "testTimeout".
 ❯ test/entity-identity.test.ts:47:1
     45|   expect(await env.DB.prepare("SELECT COUNT(*) AS n FROM entity_states…
     46| });
     47| it("R3-09 preserves same-revision successes including empty; a new rev…
       | ^
     48|   const {id,body}=await setup();
     49|   for(const [index,state] of ["completed_nonempty","completed_empty"].…

⎯⎯⎯⎯⎯⎯⎯⎯⎯⎯⎯⎯⎯⎯⎯⎯⎯⎯⎯⎯⎯⎯⎯⎯[2/5]⎯

 FAIL  test/entity-identity.test.ts > R3-09 search and cached projection follow entity accept/reject/reset/set-empty and source staleness
Error: Test timed out in 5000ms.
If this is a long-running test, pass a timeout value as the last argument or configure it globally with "testTimeout".
 ❯ test/entity-identity.test.ts:76:1
     74|   expect(stale.stale).toBe(true);expect(stale.entities).toEqual([]);ex…
     75| });
     76| it("R3-09 search and cached projection follow entity accept/reject/res…
       | ^
     77|   const {id,body}=await setup();
     78|   expect((await request(`v2/links/${id}/entity-state`,body)).status).t…

⎯⎯⎯⎯⎯⎯⎯⎯⎯⎯⎯⎯⎯⎯⎯⎯⎯⎯⎯⎯⎯⎯⎯⎯[3/5]⎯


 Test Files  2 failed | 10 passed (12)
      Tests  5 failed | 176 passed (181)
   Start at  21:35:33
   Duration  76.47s (transform 11.41s, setup 0ms, import 43.99s, tests 506.63s, environment 2ms)

