
> test
> vitest run test/classification.test.ts test/decision-atomicity.test.ts -t objective

[33m▲ [43;33m[[43;30mWARNING[43;33m][0m [1mProxy environment variables detected. We'll use your proxy for fetch requests.[0m


(node:2291520) [DEP0040] DeprecationWarning: The `punycode` module is deprecated. Please use a userland alternative instead.
(Use `node --trace-deprecation ...` to show where the warning was created)

 RUN  v4.1.11 /tmp/cairn-share-intent-next/worker

 ❯ test/classification.test.ts (19 tests | 1 failed | 17 skipped) 954ms
   × objective classification rejects personal opposition without side effects 421ms
 ❯ test/decision-atomicity.test.ts (20 tests | 2 failed | 18 skipped) 975ms
   × objective replay rejects personal opposition in value before writing 484ms
   × objective replay rejects personal opposition in assessment before writing 491ms

⎯⎯⎯⎯⎯⎯⎯ Failed Tests 3 ⎯⎯⎯⎯⎯⎯⎯

 FAIL  test/classification.test.ts > objective classification rejects personal opposition without side effects
AssertionError: expected 200 to be 400 // Object.is equality

- Expected
+ Received

- 400
+ 200

 ❯ test/classification.test.ts:347:83
    345|  body.result.classification.use="contra";
    346|  const before=await env.DB.prepare("SELECT classification,curation,per…
    347|  expect((await request(`enrichment/classifications/${id}/complete`,bod…
       |                                                                                   ^
    348|  expect(await env.DB.prepare("SELECT classification,curation,personal_…
    349|  expect(await env.DB.prepare("SELECT status FROM classification_jobs W…

⎯⎯⎯⎯⎯⎯⎯⎯⎯⎯⎯⎯⎯⎯⎯⎯⎯⎯⎯⎯⎯⎯⎯⎯[1/3]⎯

 FAIL  test/decision-atomicity.test.ts > objective replay rejects personal opposition in value before writing
 FAIL  test/decision-atomicity.test.ts > objective replay rejects personal opposition in assessment before writing
AssertionError: expected 200 to be 400 // Object.is equality

- Expected
+ Received

- 400
+ 200

 ❯ test/decision-atomicity.test.ts:238:78


⎯⎯⎯⎯⎯⎯⎯⎯⎯⎯⎯⎯⎯⎯⎯⎯⎯⎯⎯⎯⎯⎯⎯⎯[2/3]⎯


 Test Files  2 failed (2)
      Tests  3 failed | 1 passed | 35 skipped (39)
   Start at  02:41:13
   Duration  1.78s (transform 206ms, setup 0ms, import 407ms, tests 1.93s, environment 0ms)

