[36mWHAT[0m: 运行最终完整 Android 门禁与服务链
[35mWHY[0m:  覆盖旧设置升级写入失败重试和全部真实阶段
To honour the JVM settings for this build a single-use Daemon process will be forked. For more on this, please refer to https://docs.gradle.org/8.9/userguide/gradle_daemon.html#sec:disabling_the_daemon in the Gradle documentation.
Daemon will be stopped at the end of the build 
> Task :app:checkKotlinGradlePluginConfigurationErrors SKIPPED
> Task :app:preBuild UP-TO-DATE
> Task :app:preDebugBuild UP-TO-DATE
> Task :app:generateDebugBuildConfig UP-TO-DATE
> Task :app:checkDebugAarMetadata UP-TO-DATE
> Task :app:generateDebugResValues UP-TO-DATE
> Task :app:mapDebugSourceSetPaths UP-TO-DATE
> Task :app:generateDebugResources UP-TO-DATE
> Task :app:mergeDebugResources UP-TO-DATE
> Task :app:packageDebugResources UP-TO-DATE
> Task :app:parseDebugLocalResources UP-TO-DATE
> Task :app:createDebugCompatibleScreenManifests UP-TO-DATE
> Task :app:extractDeepLinksDebug UP-TO-DATE
> Task :app:processDebugMainManifest UP-TO-DATE
> Task :app:processDebugManifest UP-TO-DATE
> Task :app:processDebugManifestForPackage UP-TO-DATE
> Task :app:processDebugResources UP-TO-DATE
> Task :app:compileDebugKotlin UP-TO-DATE
> Task :app:javaPreCompileDebug UP-TO-DATE
> Task :app:compileDebugJavaWithJavac UP-TO-DATE
> Task :app:bundleDebugClassesToCompileJar UP-TO-DATE
> Task :app:bundleDebugClassesToRuntimeJar
> Task :app:preDebugUnitTestBuild UP-TO-DATE
> Task :app:javaPreCompileDebugUnitTest UP-TO-DATE
> Task :app:processDebugJavaRes UP-TO-DATE
> Task :app:preDebugAndroidTestBuild SKIPPED
> Task :app:generateDebugAndroidTestResValues UP-TO-DATE
> Task :app:generateDebugAndroidTestLintModel
> Task :app:extractProguardFiles UP-TO-DATE
> Task :app:generateDebugLintReportModel
> Task :app:generateDebugUnitTestLintModel
> Task :app:mergeDebugNativeDebugMetadata NO-SOURCE
> Task :app:mergeDebugShaders UP-TO-DATE
> Task :app:compileDebugShaders NO-SOURCE
> Task :app:generateDebugAssets UP-TO-DATE
> Task :app:mergeDebugAssets UP-TO-DATE
> Task :app:compressDebugAssets UP-TO-DATE
> Task :app:desugarDebugFileDependencies UP-TO-DATE
> Task :app:dexBuilderDebug UP-TO-DATE
> Task :app:mergeDebugGlobalSynthetics UP-TO-DATE
> Task :app:mergeDebugJavaResource UP-TO-DATE
> Task :app:checkDebugDuplicateClasses UP-TO-DATE
> Task :app:mergeExtDexDebug UP-TO-DATE
> Task :app:mergeLibDexDebug UP-TO-DATE
> Task :app:mergeProjectDexDebug UP-TO-DATE
> Task :app:mergeDebugJniLibFolders UP-TO-DATE
> Task :app:mergeDebugNativeLibs UP-TO-DATE
> Task :app:stripDebugDebugSymbols UP-TO-DATE
> Task :app:validateSigningDebug UP-TO-DATE
> Task :app:writeDebugAppMetadata UP-TO-DATE
> Task :app:writeDebugSigningConfigVersions UP-TO-DATE
> Task :app:packageDebug UP-TO-DATE
> Task :app:createDebugApkListingFileRedirect UP-TO-DATE
> Task :app:assembleDebug UP-TO-DATE
> Task :app:processDebugAndroidTestManifest UP-TO-DATE
> Task :app:generateDebugAndroidTestBuildConfig UP-TO-DATE
> Task :app:checkDebugAndroidTestAarMetadata UP-TO-DATE
> Task :app:mapDebugAndroidTestSourceSetPaths UP-TO-DATE
> Task :app:generateDebugAndroidTestResources UP-TO-DATE
> Task :app:mergeDebugAndroidTestResources UP-TO-DATE
> Task :app:processDebugAndroidTestResources UP-TO-DATE
> Task :app:javaPreCompileDebugAndroidTest UP-TO-DATE
> Task :app:mergeDebugAndroidTestShaders UP-TO-DATE
> Task :app:compileDebugAndroidTestShaders NO-SOURCE
> Task :app:generateDebugAndroidTestAssets UP-TO-DATE
> Task :app:mergeDebugAndroidTestAssets UP-TO-DATE
> Task :app:compressDebugAndroidTestAssets UP-TO-DATE
> Task :app:desugarDebugAndroidTestFileDependencies UP-TO-DATE
> Task :app:checkDebugAndroidTestDuplicateClasses UP-TO-DATE
> Task :app:mergeExtDexDebugAndroidTest UP-TO-DATE
> Task :app:mergeLibDexDebugAndroidTest UP-TO-DATE
> Task :app:mergeDebugAndroidTestJniLibFolders UP-TO-DATE
> Task :app:mergeDebugAndroidTestNativeLibs NO-SOURCE
> Task :app:stripDebugAndroidTestDebugSymbols NO-SOURCE
> Task :app:validateSigningDebugAndroidTest UP-TO-DATE
> Task :app:writeDebugAndroidTestSigningConfigVersions UP-TO-DATE
> Task :app:compileDebugUnitTestKotlin
> Task :app:compileDebugUnitTestJavaWithJavac NO-SOURCE
> Task :app:processDebugUnitTestJavaRes UP-TO-DATE
> Task :app:testDebugUnitTest
> Task :app:compileDebugAndroidTestKotlin
> Task :app:compileDebugAndroidTestJavaWithJavac UP-TO-DATE
> Task :app:lintAnalyzeDebugUnitTest
> Task :app:dexBuilderDebugAndroidTest
> Task :app:mergeDebugAndroidTestGlobalSynthetics UP-TO-DATE
> Task :app:processDebugAndroidTestJavaRes UP-TO-DATE
> Task :app:mergeDebugAndroidTestJavaResource UP-TO-DATE
> Task :app:mergeProjectDexDebugAndroidTest
> Task :app:packageDebugAndroidTest
> Task :app:createDebugAndroidTestApkListingFileRedirect UP-TO-DATE
> Task :app:assembleDebugAndroidTest
> Task :app:lintAnalyzeDebugAndroidTest
> Task :app:lintAnalyzeDebug

> Task :app:connectedDebugAndroidTest
Starting 33 tests on cairn-r307-api26(AVD) - 8.0.0

cairn-r307-api26(AVD) - 8.0.0 Tests 4/33 completed. (0 skipped) (0 failed)

> Task :app:connectedDebugAndroidTest

com.alpenl.cairn.share.AccountCacheInstrumentedTest > failedCredentialPersistenceKeepsTheChosenSessionAndRetrySurvivesRestart[cairn-r307-api26(AVD) - 8.0.0] [31mFAILED [0m
	java.lang.AssertionError: State timeout: loading=false, status=已同步 4 条链接。, notes=[B, B, B, B], message=本地待上传队列已经清空。
	at com.alpenl.cairn.share.AccountCacheInstrumentedTest.awaitState(AccountCacheInstrumentedTest.kt:75)

cairn-r307-api26(AVD) - 8.0.0 Tests 8/33 completed. (0 skipped) (1 failed)

> Task :app:connectedDebugAndroidTest

com.alpenl.cairn.share.CurationWorkerRecoveryTest > persistBeforeSendAndLoseFirstResponse[cairn-r307-api26(AVD) - 8.0.0] [33mSKIPPED [0m

com.alpenl.cairn.share.CurationWorkerRecoveryTest > explicitlyRecoverLegacyAfterRestart[cairn-r307-api26(AVD) - 8.0.0] [33mSKIPPED [0m

com.alpenl.cairn.share.CurationWorkerRecoveryTest > preserveAmbiguousLegacyAndSeparateSameSuffixAccounts[cairn-r307-api26(AVD) - 8.0.0] [33mSKIPPED [0m

com.alpenl.cairn.share.CurationWorkerRecoveryTest > restoreAutomaticDraftAfterProcessDeath[cairn-r307-api26(AVD) - 8.0.0] [33mSKIPPED [0m

com.alpenl.cairn.share.CurationWorkerRecoveryTest > persistTermResetAfterExplicitEmpty[cairn-r307-api26(AVD) - 8.0.0] [33mSKIPPED [0m

com.alpenl.cairn.share.CurationWorkerRecoveryTest > restoreTermResetAfterProcessDeath[cairn-r307-api26(AVD) - 8.0.0] [33mSKIPPED [0m

com.alpenl.cairn.share.CurationWorkerRecoveryTest > confirmedCurationRefreshesRealFilteredSearch[cairn-r307-api26(AVD) - 8.0.0] [33mSKIPPED [0m

com.alpenl.cairn.share.CurationWorkerRecoveryTest > persistResetWithIndependentAutomaticBaseline[cairn-r307-api26(AVD) - 8.0.0] [33mSKIPPED [0m

com.alpenl.cairn.share.CurationWorkerRecoveryTest > discardAndAccountSwitchPreserveUnrelatedActions[cairn-r307-api26(AVD) - 8.0.0] [33mSKIPPED [0m

com.alpenl.cairn.share.CurationWorkerRecoveryTest > recoverThenHandleTwoRealConflictsAndMidChainFailure[cairn-r307-api26(AVD) - 8.0.0] [33mSKIPPED [0m

cairn-r307-api26(AVD) - 8.0.0 Tests 41/33 completed. (10 skipped) (1 failed)
Finished 43 tests on cairn-r307-api26(AVD) - 8.0.0

> Task :app:connectedDebugAndroidTest
Tests on cairn-r307-api26(AVD) - 8.0.0 failed: There was 1 failure(s).

> Task :app:connectedDebugAndroidTest FAILED

FAILURE: Build failed with an exception.

* What went wrong:
Execution failed for task ':app:connectedDebugAndroidTest'.
> There were failing tests. See the report at: file:///tmp/cairn-share-b07-search-next/android/app/build/reports/androidTests/connected/debug/index.html

* Try:
> Run with --stacktrace option to get the stack trace.
> Run with --info or --debug option to get more log output.
> Run with --scan to get full insights.
> Get more help at https://help.gradle.org.

BUILD FAILED in 51s
79 actionable tasks: 14 executed, 65 up-to-date
