[36mWHAT[0m: 运行全部跨仓服务场景
[35mWHY[0m:  载体升级须兼容现有分类与存读流程
== TestLocalWorkerFullLifecycle: starting worker on 127.0.0.1:58361 ==
=== RUN   TestLocalWorkerFullLifecycle
--- PASS: TestLocalWorkerFullLifecycle (0.73s)
PASS
ok  	github.com/Alpenl/cairn-x-enricher/tests/localintegration	0.737s
== TestLocalWorkerVersionCompetition: starting worker on 127.0.0.1:49159 ==
=== RUN   TestLocalWorkerVersionCompetition
--- PASS: TestLocalWorkerVersionCompetition (0.62s)
PASS
ok  	github.com/Alpenl/cairn-x-enricher/tests/localintegration	0.625s
== TestLocalWorkerDisplayRenameKeepsSemantics: starting worker on 127.0.0.1:54657 ==
=== RUN   TestLocalWorkerDisplayRenameKeepsSemantics
--- PASS: TestLocalWorkerDisplayRenameKeepsSemantics (0.07s)
PASS
ok  	github.com/Alpenl/cairn-x-enricher/tests/localintegration	0.072s
== TestLocalWorkerEvidenceCheckpointAndBoundRead: starting worker on 127.0.0.1:53377 ==
=== RUN   TestLocalWorkerEvidenceCheckpointAndBoundRead
    evidence_test.go:153: source saved, snapshot 503, three empty claims without attempt consumption, retry repairs snapshot with one retrieval
=== RUN   TestLocalWorkerEvidenceCheckpointAndBoundRead/404
=== RUN   TestLocalWorkerEvidenceCheckpointAndBoundRead/503
=== RUN   TestLocalWorkerEvidenceCheckpointAndBoundRead/malformed
=== RUN   TestLocalWorkerEvidenceCheckpointAndBoundRead/id
=== RUN   TestLocalWorkerEvidenceCheckpointAndBoundRead/revision
=== RUN   TestLocalWorkerEvidenceCheckpointAndBoundRead/hash
=== RUN   TestLocalWorkerEvidenceCheckpointAndBoundRead/body
=== NAME  TestLocalWorkerEvidenceCheckpointAndBoundRead
    evidence_test.go:252: real bound snapshot retained 45435 archive bytes; outbound request=3172 state=613 runes=200 blocks=0, truncation recorded
    evidence_test.go:253: seven bound-read failures: zero model calls/commits; recovery: 1 model call, 1 run
--- PASS: TestLocalWorkerEvidenceCheckpointAndBoundRead (1.32s)
    --- PASS: TestLocalWorkerEvidenceCheckpointAndBoundRead/404 (0.12s)
    --- PASS: TestLocalWorkerEvidenceCheckpointAndBoundRead/503 (0.12s)
    --- PASS: TestLocalWorkerEvidenceCheckpointAndBoundRead/malformed (0.10s)
    --- PASS: TestLocalWorkerEvidenceCheckpointAndBoundRead/id (0.11s)
    --- PASS: TestLocalWorkerEvidenceCheckpointAndBoundRead/revision (0.12s)
    --- PASS: TestLocalWorkerEvidenceCheckpointAndBoundRead/hash (0.09s)
    --- PASS: TestLocalWorkerEvidenceCheckpointAndBoundRead/body (0.10s)
PASS
ok  	github.com/Alpenl/cairn-x-enricher/tests/localintegration	1.324s
== TestLocalWorkerEntitySnapshotIdentity: starting worker on 127.0.0.1:39021 ==
=== RUN   TestLocalWorkerEntitySnapshotIdentity
    entities_test.go:218: actual processor: input_revision=1 content_revision=3 snapshot=2; classification=1 entity=1; 3 archived blocks; reject/reset API+search agree; stale result refused
--- PASS: TestLocalWorkerEntitySnapshotIdentity (0.86s)
PASS
ok  	github.com/Alpenl/cairn-x-enricher/tests/localintegration	0.867s
== TestLocalWorkerStoredQuestionReuse: starting worker on 127.0.0.1:41941 ==
=== RUN   TestLocalWorkerStoredQuestionReuse
    reuse_test.go:259: production store/read/reuse: initial=4 changed=1 display=0 policy=0; legacy/partial/alias bounded full; drift=1 and no fallback; total requests=8
--- PASS: TestLocalWorkerStoredQuestionReuse (1.99s)
PASS
ok  	github.com/Alpenl/cairn-x-enricher/tests/localintegration	1.998s
== TestLocalWorkerDecisionReferences: starting worker on 127.0.0.1:39219 ==
=== RUN   TestLocalWorkerDecisionReferences
    decision_test.go:197: production multi-run references restored; alias drift rejected; committed response-loss recovery preserved human edit and made zero additional model calls; 3 local calls total
--- PASS: TestLocalWorkerDecisionReferences (0.87s)
PASS
ok  	github.com/Alpenl/cairn-x-enricher/tests/localintegration	0.876s
== TestLocalWorkerEvidenceExecutionRecovery: starting worker on 127.0.0.1:46655 ==
=== RUN   TestLocalWorkerEvidenceExecutionRecovery
    escalation_test.go:247: real production evidence escalation: competing owner denied; 1 external HTTP fetch, checkpoint lost-response replay, 3 bounded finalize failures, new processor recovery, 2 model fixture calls; 3 original blocks retained and third poll unchanged
--- PASS: TestLocalWorkerEvidenceExecutionRecovery (0.71s)
PASS
ok  	github.com/Alpenl/cairn-x-enricher/tests/localintegration	0.709s
== TestLocalWorkerEffectiveClientFilters: starting worker on 127.0.0.1:47865 ==
=== RUN   TestLocalWorkerEffectiveClientFilters
    filters_test.go:132: real dashboard -> Go -> Worker/D1: fourth topic, OR/AND, entity states, cursors/counts, export, invalid queries and confirmed membership changes passed; zero model calls
--- PASS: TestLocalWorkerEffectiveClientFilters (0.72s)
PASS
ok  	github.com/Alpenl/cairn-x-enricher/tests/localintegration	0.722s
== TestLocalWorkerObjectivePersonalBoundary: starting worker on 127.0.0.1:43943 ==
=== RUN   TestLocalWorkerObjectivePersonalBoundary
    personal_intent_test.go:138: actual provider -> Go -> Worker/D1: 3 invalid v2 completions rejected without runs; valid completion and replay preserve explicit human opposition; unsafe replay rejected; 1 fixture model call total
--- PASS: TestLocalWorkerObjectivePersonalBoundary (0.46s)
PASS
ok  	github.com/Alpenl/cairn-x-enricher/tests/localintegration	0.467s
== TestLocalWorkerClassifyCLI: starting worker on 127.0.0.1:37445 ==
=== RUN   TestLocalWorkerClassifyCLI
    classify_cli_test.go:201: actual compiled classify CLI: same service v2 spec; two bounded one-job drains, empty drain zero calls, explicit --id retry; full dimensional raw/decisions persisted; saved source and human choice unchanged; 3 local model fixture calls, no source retrieval
--- PASS: TestLocalWorkerClassifyCLI (1.16s)
PASS
ok  	github.com/Alpenl/cairn-x-enricher/tests/localintegration	1.161s
== TestLocalWorkerCarrierDefinitionUpgrade: starting worker on 127.0.0.1:40191 ==
=== RUN   TestLocalWorkerCarrierDefinitionUpgrade
    carrier_catalog_test.go:88: actual Worker definition v2 -> production catalog -> experiment spec exact match; only carriers changed; old classify-736e775b96c2 and new classify-ffb0edb18cb5 separately persisted/read; legacy 17/7/5 vocabulary retained; zero model calls
--- PASS: TestLocalWorkerCarrierDefinitionUpgrade (0.11s)
PASS
ok  	github.com/Alpenl/cairn-x-enricher/tests/localintegration	0.112s
