[33m▲ [43;33m[[43;30mWARNING[43;33m][0m [1mProxy environment variables detected. We'll use your proxy for fetch requests.[0m



 ⛅️ wrangler 4.126.0 (update available 4.136.3)
───────────────────────────────────────────────
Resource location: local 

Use --remote if you want to access the remote instance.

🌀 Executing on local database android-recovery (android-recovery) from ../../cairn-android-worker.0CeUGG/.wrangler/state/v3/d1:
🌀 To execute on your remote database, add a --remote flag to your wrangler command.
🚣 2 commands executed successfully.
[
  {
    "results": [],
    "success": true,
    "meta": {
      "duration": 0
    }
  },
  {
    "results": [],
    "success": true,
    "meta": {
      "duration": 0
    }
  }
]
