[33m▲ [43;33m[[43;30mWARNING[43;33m][0m [1mProxy environment variables detected. We'll use your proxy for fetch requests.[0m



 ⛅️ wrangler 4.126.0 (update available 4.136.3)
───────────────────────────────────────────────
Resource location: local 

Use --remote if you want to access the remote instance.

Migrations to be applied:
┌──────────────────────────────────────────────┐
│ name                                         │
├──────────────────────────────────────────────┤
│ 0001_create_links.sql                        │
├──────────────────────────────────────────────┤
│ 0002_add_learned_state.sql                   │
├──────────────────────────────────────────────┤
│ 0003_add_cache_metadata.sql                  │
├──────────────────────────────────────────────┤
│ 0004_add_client_id.sql                       │
├──────────────────────────────────────────────┤
│ 0005_add_x_enrichment.sql                    │
├──────────────────────────────────────────────┤
│ 0006_add_rich_x_enrichment.sql               │
├──────────────────────────────────────────────┤
│ 0007_add_bookmark_curation.sql               │
├──────────────────────────────────────────────┤
│ 0008_invalidate_enriched_link_cache.sql      │
├──────────────────────────────────────────────┤
│ 0009_independent_classification.sql          │
├──────────────────────────────────────────────┤
│ 0010_authoritative_classification_target.sql │
├──────────────────────────────────────────────┤
│ 0011_replayable_domain.sql                   │
├──────────────────────────────────────────────┤
│ 0012_multidimensional_taxonomy.sql           │
├──────────────────────────────────────────────┤
│ 0013_decision_history.sql                    │
├──────────────────────────────────────────────┤
│ 0014_content_revision_guard.sql              │
├──────────────────────────────────────────────┤
│ 0015_entity_lifecycle.sql                    │
├──────────────────────────────────────────────┤
│ 0016_r2_input_identity.sql                   │
├──────────────────────────────────────────────┤
│ 0017_source_context_revision.sql             │
├──────────────────────────────────────────────┤
│ 0018_legacy_curation_origin.sql              │
├──────────────────────────────────────────────┤
│ 0019_entity_snapshot_identity.sql            │
├──────────────────────────────────────────────┤
│ 0020_run_provenance.sql                      │
├──────────────────────────────────────────────┤
│ 0021_decision_run_references.sql             │
├──────────────────────────────────────────────┤
│ 0022_evidence_request_execution.sql          │
├──────────────────────────────────────────────┤
│ 0023_app_body_cache_revision.sql             │
├──────────────────────────────────────────────┤
│ 0024_per_term_reset.sql                      │
├──────────────────────────────────────────────┤
│ 0025_selection_filter_cache.sql              │
└──────────────────────────────────────────────┘
? About to apply 25 migration(s)
Your database may not be available to serve requests during the migration, continue?
🤖 Using fallback value in non-interactive context: yes
🌀 Executing on local database android-recovery (android-recovery) from ../../cairn-android-worker.0CeUGG/.wrangler/state/v3/d1:
🌀 To execute on your remote database, add a --remote flag to your wrangler command.
🚣 2 commands executed successfully.
┌──────────────────────────────────────────────┬────────┐
│ name                                         │ status │
├──────────────────────────────────────────────┼────────┤
│ 0001_create_links.sql                        │ ✅     │
├──────────────────────────────────────────────┼────────┤
│ 0002_add_learned_state.sql                   │ 🕒️    │
├──────────────────────────────────────────────┼────────┤
│ 0003_add_cache_metadata.sql                  │ 🕒️    │
├──────────────────────────────────────────────┼────────┤
│ 0004_add_client_id.sql                       │ 🕒️    │
├──────────────────────────────────────────────┼────────┤
│ 0005_add_x_enrichment.sql                    │ 🕒️    │
├──────────────────────────────────────────────┼────────┤
│ 0006_add_rich_x_enrichment.sql               │ 🕒️    │
├──────────────────────────────────────────────┼────────┤
│ 0007_add_bookmark_curation.sql               │ 🕒️    │
├──────────────────────────────────────────────┼────────┤
│ 0008_invalidate_enriched_link_cache.sql      │ 🕒️    │
├──────────────────────────────────────────────┼────────┤
│ 0009_independent_classification.sql          │ 🕒️    │
├──────────────────────────────────────────────┼────────┤
│ 0010_authoritative_classification_target.sql │ 🕒️    │
├──────────────────────────────────────────────┼────────┤
│ 0011_replayable_domain.sql                   │ 🕒️    │
├──────────────────────────────────────────────┼────────┤
│ 0012_multidimensional_taxonomy.sql           │ 🕒️    │
├──────────────────────────────────────────────┼────────┤
│ 0013_decision_history.sql                    │ 🕒️    │
├──────────────────────────────────────────────┼────────┤
│ 0014_content_revision_guard.sql              │ 🕒️    │
├──────────────────────────────────────────────┼────────┤
│ 0015_entity_lifecycle.sql                    │ 🕒️    │
├──────────────────────────────────────────────┼────────┤
│ 0016_r2_input_identity.sql                   │ 🕒️    │
├──────────────────────────────────────────────┼────────┤
│ 0017_source_context_revision.sql             │ 🕒️    │
├──────────────────────────────────────────────┼────────┤
│ 0018_legacy_curation_origin.sql              │ 🕒️    │
├──────────────────────────────────────────────┼────────┤
│ 0019_entity_snapshot_identity.sql            │ 🕒️    │
├──────────────────────────────────────────────┼────────┤
│ 0020_run_provenance.sql                      │ 🕒️    │
├──────────────────────────────────────────────┼────────┤
│ 0021_decision_run_references.sql             │ 🕒️    │
├──────────────────────────────────────────────┼────────┤
│ 0022_evidence_request_execution.sql          │ 🕒️    │
├──────────────────────────────────────────────┼────────┤
│ 0023_app_body_cache_revision.sql             │ 🕒️    │
├──────────────────────────────────────────────┼────────┤
│ 0024_per_term_reset.sql                      │ 🕒️    │
├──────────────────────────────────────────────┼────────┤
│ 0025_selection_filter_cache.sql              │ 🕒️    │
└──────────────────────────────────────────────┴────────┘
🌀 Executing on local database android-recovery (android-recovery) from ../../cairn-android-worker.0CeUGG/.wrangler/state/v3/d1:
🌀 To execute on your remote database, add a --remote flag to your wrangler command.
🚣 4 commands executed successfully.
┌──────────────────────────────────────────────┬────────┐
│ name                                         │ status │
├──────────────────────────────────────────────┼────────┤
│ 0001_create_links.sql                        │ ✅     │
├──────────────────────────────────────────────┼────────┤
│ 0002_add_learned_state.sql                   │ ✅     │
├──────────────────────────────────────────────┼────────┤
│ 0003_add_cache_metadata.sql                  │ 🕒️    │
├──────────────────────────────────────────────┼────────┤
│ 0004_add_client_id.sql                       │ 🕒️    │
├──────────────────────────────────────────────┼────────┤
│ 0005_add_x_enrichment.sql                    │ 🕒️    │
├──────────────────────────────────────────────┼────────┤
│ 0006_add_rich_x_enrichment.sql               │ 🕒️    │
├──────────────────────────────────────────────┼────────┤
│ 0007_add_bookmark_curation.sql               │ 🕒️    │
├──────────────────────────────────────────────┼────────┤
│ 0008_invalidate_enriched_link_cache.sql      │ 🕒️    │
├──────────────────────────────────────────────┼────────┤
│ 0009_independent_classification.sql          │ 🕒️    │
├──────────────────────────────────────────────┼────────┤
│ 0010_authoritative_classification_target.sql │ 🕒️    │
├──────────────────────────────────────────────┼────────┤
│ 0011_replayable_domain.sql                   │ 🕒️    │
├──────────────────────────────────────────────┼────────┤
│ 0012_multidimensional_taxonomy.sql           │ 🕒️    │
├──────────────────────────────────────────────┼────────┤
│ 0013_decision_history.sql                    │ 🕒️    │
├──────────────────────────────────────────────┼────────┤
│ 0014_content_revision_guard.sql              │ 🕒️    │
├──────────────────────────────────────────────┼────────┤
│ 0015_entity_lifecycle.sql                    │ 🕒️    │
├──────────────────────────────────────────────┼────────┤
│ 0016_r2_input_identity.sql                   │ 🕒️    │
├──────────────────────────────────────────────┼────────┤
│ 0017_source_context_revision.sql             │ 🕒️    │
├──────────────────────────────────────────────┼────────┤
│ 0018_legacy_curation_origin.sql              │ 🕒️    │
├──────────────────────────────────────────────┼────────┤
│ 0019_entity_snapshot_identity.sql            │ 🕒️    │
├──────────────────────────────────────────────┼────────┤
│ 0020_run_provenance.sql                      │ 🕒️    │
├──────────────────────────────────────────────┼────────┤
│ 0021_decision_run_references.sql             │ 🕒️    │
├──────────────────────────────────────────────┼────────┤
│ 0022_evidence_request_execution.sql          │ 🕒️    │
├──────────────────────────────────────────────┼────────┤
│ 0023_app_body_cache_revision.sql             │ 🕒️    │
├──────────────────────────────────────────────┼────────┤
│ 0024_per_term_reset.sql                      │ 🕒️    │
├──────────────────────────────────────────────┼────────┤
│ 0025_selection_filter_cache.sql              │ 🕒️    │
└──────────────────────────────────────────────┴────────┘
🌀 Executing on local database android-recovery (android-recovery) from ../../cairn-android-worker.0CeUGG/.wrangler/state/v3/d1:
🌀 To execute on your remote database, add a --remote flag to your wrangler command.
🚣 3 commands executed successfully.
┌──────────────────────────────────────────────┬────────┐
│ name                                         │ status │
├──────────────────────────────────────────────┼────────┤
│ 0001_create_links.sql                        │ ✅     │
├──────────────────────────────────────────────┼────────┤
│ 0002_add_learned_state.sql                   │ ✅     │
├──────────────────────────────────────────────┼────────┤
│ 0003_add_cache_metadata.sql                  │ ✅     │
├──────────────────────────────────────────────┼────────┤
│ 0004_add_client_id.sql                       │ 🕒️    │
├──────────────────────────────────────────────┼────────┤
│ 0005_add_x_enrichment.sql                    │ 🕒️    │
├──────────────────────────────────────────────┼────────┤
│ 0006_add_rich_x_enrichment.sql               │ 🕒️    │
├──────────────────────────────────────────────┼────────┤
│ 0007_add_bookmark_curation.sql               │ 🕒️    │
├──────────────────────────────────────────────┼────────┤
│ 0008_invalidate_enriched_link_cache.sql      │ 🕒️    │
├──────────────────────────────────────────────┼────────┤
│ 0009_independent_classification.sql          │ 🕒️    │
├──────────────────────────────────────────────┼────────┤
│ 0010_authoritative_classification_target.sql │ 🕒️    │
├──────────────────────────────────────────────┼────────┤
│ 0011_replayable_domain.sql                   │ 🕒️    │
├──────────────────────────────────────────────┼────────┤
│ 0012_multidimensional_taxonomy.sql           │ 🕒️    │
├──────────────────────────────────────────────┼────────┤
│ 0013_decision_history.sql                    │ 🕒️    │
├──────────────────────────────────────────────┼────────┤
│ 0014_content_revision_guard.sql              │ 🕒️    │
├──────────────────────────────────────────────┼────────┤
│ 0015_entity_lifecycle.sql                    │ 🕒️    │
├──────────────────────────────────────────────┼────────┤
│ 0016_r2_input_identity.sql                   │ 🕒️    │
├──────────────────────────────────────────────┼────────┤
│ 0017_source_context_revision.sql             │ 🕒️    │
├──────────────────────────────────────────────┼────────┤
│ 0018_legacy_curation_origin.sql              │ 🕒️    │
├──────────────────────────────────────────────┼────────┤
│ 0019_entity_snapshot_identity.sql            │ 🕒️    │
├──────────────────────────────────────────────┼────────┤
│ 0020_run_provenance.sql                      │ 🕒️    │
├──────────────────────────────────────────────┼────────┤
│ 0021_decision_run_references.sql             │ 🕒️    │
├──────────────────────────────────────────────┼────────┤
│ 0022_evidence_request_execution.sql          │ 🕒️    │
├──────────────────────────────────────────────┼────────┤
│ 0023_app_body_cache_revision.sql             │ 🕒️    │
├──────────────────────────────────────────────┼────────┤
│ 0024_per_term_reset.sql                      │ 🕒️    │
├──────────────────────────────────────────────┼────────┤
│ 0025_selection_filter_cache.sql              │ 🕒️    │
└──────────────────────────────────────────────┴────────┘
🌀 Executing on local database android-recovery (android-recovery) from ../../cairn-android-worker.0CeUGG/.wrangler/state/v3/d1:
🌀 To execute on your remote database, add a --remote flag to your wrangler command.
🚣 3 commands executed successfully.
┌──────────────────────────────────────────────┬────────┐
│ name                                         │ status │
├──────────────────────────────────────────────┼────────┤
│ 0001_create_links.sql                        │ ✅     │
├──────────────────────────────────────────────┼────────┤
│ 0002_add_learned_state.sql                   │ ✅     │
├──────────────────────────────────────────────┼────────┤
│ 0003_add_cache_metadata.sql                  │ ✅     │
├──────────────────────────────────────────────┼────────┤
│ 0004_add_client_id.sql                       │ ✅     │
├──────────────────────────────────────────────┼────────┤
│ 0005_add_x_enrichment.sql                    │ 🕒️    │
├──────────────────────────────────────────────┼────────┤
│ 0006_add_rich_x_enrichment.sql               │ 🕒️    │
├──────────────────────────────────────────────┼────────┤
│ 0007_add_bookmark_curation.sql               │ 🕒️    │
├──────────────────────────────────────────────┼────────┤
│ 0008_invalidate_enriched_link_cache.sql      │ 🕒️    │
├──────────────────────────────────────────────┼────────┤
│ 0009_independent_classification.sql          │ 🕒️    │
├──────────────────────────────────────────────┼────────┤
│ 0010_authoritative_classification_target.sql │ 🕒️    │
├──────────────────────────────────────────────┼────────┤
│ 0011_replayable_domain.sql                   │ 🕒️    │
├──────────────────────────────────────────────┼────────┤
│ 0012_multidimensional_taxonomy.sql           │ 🕒️    │
├──────────────────────────────────────────────┼────────┤
│ 0013_decision_history.sql                    │ 🕒️    │
├──────────────────────────────────────────────┼────────┤
│ 0014_content_revision_guard.sql              │ 🕒️    │
├──────────────────────────────────────────────┼────────┤
│ 0015_entity_lifecycle.sql                    │ 🕒️    │
├──────────────────────────────────────────────┼────────┤
│ 0016_r2_input_identity.sql                   │ 🕒️    │
├──────────────────────────────────────────────┼────────┤
│ 0017_source_context_revision.sql             │ 🕒️    │
├──────────────────────────────────────────────┼────────┤
│ 0018_legacy_curation_origin.sql              │ 🕒️    │
├──────────────────────────────────────────────┼────────┤
│ 0019_entity_snapshot_identity.sql            │ 🕒️    │
├──────────────────────────────────────────────┼────────┤
│ 0020_run_provenance.sql                      │ 🕒️    │
├──────────────────────────────────────────────┼────────┤
│ 0021_decision_run_references.sql             │ 🕒️    │
├──────────────────────────────────────────────┼────────┤
│ 0022_evidence_request_execution.sql          │ 🕒️    │
├──────────────────────────────────────────────┼────────┤
│ 0023_app_body_cache_revision.sql             │ 🕒️    │
├──────────────────────────────────────────────┼────────┤
│ 0024_per_term_reset.sql                      │ 🕒️    │
├──────────────────────────────────────────────┼────────┤
│ 0025_selection_filter_cache.sql              │ 🕒️    │
└──────────────────────────────────────────────┴────────┘
🌀 Executing on local database android-recovery (android-recovery) from ../../cairn-android-worker.0CeUGG/.wrangler/state/v3/d1:
🌀 To execute on your remote database, add a --remote flag to your wrangler command.
🚣 14 commands executed successfully.
┌──────────────────────────────────────────────┬────────┐
│ name                                         │ status │
├──────────────────────────────────────────────┼────────┤
│ 0001_create_links.sql                        │ ✅     │
├──────────────────────────────────────────────┼────────┤
│ 0002_add_learned_state.sql                   │ ✅     │
├──────────────────────────────────────────────┼────────┤
│ 0003_add_cache_metadata.sql                  │ ✅     │
├──────────────────────────────────────────────┼────────┤
│ 0004_add_client_id.sql                       │ ✅     │
├──────────────────────────────────────────────┼────────┤
│ 0005_add_x_enrichment.sql                    │ ✅     │
├──────────────────────────────────────────────┼────────┤
│ 0006_add_rich_x_enrichment.sql               │ 🕒️    │
├──────────────────────────────────────────────┼────────┤
│ 0007_add_bookmark_curation.sql               │ 🕒️    │
├──────────────────────────────────────────────┼────────┤
│ 0008_invalidate_enriched_link_cache.sql      │ 🕒️    │
├──────────────────────────────────────────────┼────────┤
│ 0009_independent_classification.sql          │ 🕒️    │
├──────────────────────────────────────────────┼────────┤
│ 0010_authoritative_classification_target.sql │ 🕒️    │
├──────────────────────────────────────────────┼────────┤
│ 0011_replayable_domain.sql                   │ 🕒️    │
├──────────────────────────────────────────────┼────────┤
│ 0012_multidimensional_taxonomy.sql           │ 🕒️    │
├──────────────────────────────────────────────┼────────┤
│ 0013_decision_history.sql                    │ 🕒️    │
├──────────────────────────────────────────────┼────────┤
│ 0014_content_revision_guard.sql              │ 🕒️    │
├──────────────────────────────────────────────┼────────┤
│ 0015_entity_lifecycle.sql                    │ 🕒️    │
├──────────────────────────────────────────────┼────────┤
│ 0016_r2_input_identity.sql                   │ 🕒️    │
├──────────────────────────────────────────────┼────────┤
│ 0017_source_context_revision.sql             │ 🕒️    │
├──────────────────────────────────────────────┼────────┤
│ 0018_legacy_curation_origin.sql              │ 🕒️    │
├──────────────────────────────────────────────┼────────┤
│ 0019_entity_snapshot_identity.sql            │ 🕒️    │
├──────────────────────────────────────────────┼────────┤
│ 0020_run_provenance.sql                      │ 🕒️    │
├──────────────────────────────────────────────┼────────┤
│ 0021_decision_run_references.sql             │ 🕒️    │
├──────────────────────────────────────────────┼────────┤
│ 0022_evidence_request_execution.sql          │ 🕒️    │
├──────────────────────────────────────────────┼────────┤
│ 0023_app_body_cache_revision.sql             │ 🕒️    │
├──────────────────────────────────────────────┼────────┤
│ 0024_per_term_reset.sql                      │ 🕒️    │
├──────────────────────────────────────────────┼────────┤
│ 0025_selection_filter_cache.sql              │ 🕒️    │
└──────────────────────────────────────────────┴────────┘
🌀 Executing on local database android-recovery (android-recovery) from ../../cairn-android-worker.0CeUGG/.wrangler/state/v3/d1:
🌀 To execute on your remote database, add a --remote flag to your wrangler command.
🚣 5 commands executed successfully.
┌──────────────────────────────────────────────┬────────┐
│ name                                         │ status │
├──────────────────────────────────────────────┼────────┤
│ 0001_create_links.sql                        │ ✅     │
├──────────────────────────────────────────────┼────────┤
│ 0002_add_learned_state.sql                   │ ✅     │
├──────────────────────────────────────────────┼────────┤
│ 0003_add_cache_metadata.sql                  │ ✅     │
├──────────────────────────────────────────────┼────────┤
│ 0004_add_client_id.sql                       │ ✅     │
├──────────────────────────────────────────────┼────────┤
│ 0005_add_x_enrichment.sql                    │ ✅     │
├──────────────────────────────────────────────┼────────┤
│ 0006_add_rich_x_enrichment.sql               │ ✅     │
├──────────────────────────────────────────────┼────────┤
│ 0007_add_bookmark_curation.sql               │ 🕒️    │
├──────────────────────────────────────────────┼────────┤
│ 0008_invalidate_enriched_link_cache.sql      │ 🕒️    │
├──────────────────────────────────────────────┼────────┤
│ 0009_independent_classification.sql          │ 🕒️    │
├──────────────────────────────────────────────┼────────┤
│ 0010_authoritative_classification_target.sql │ 🕒️    │
├──────────────────────────────────────────────┼────────┤
│ 0011_replayable_domain.sql                   │ 🕒️    │
├──────────────────────────────────────────────┼────────┤
│ 0012_multidimensional_taxonomy.sql           │ 🕒️    │
├──────────────────────────────────────────────┼────────┤
│ 0013_decision_history.sql                    │ 🕒️    │
├──────────────────────────────────────────────┼────────┤
│ 0014_content_revision_guard.sql              │ 🕒️    │
├──────────────────────────────────────────────┼────────┤
│ 0015_entity_lifecycle.sql                    │ 🕒️    │
├──────────────────────────────────────────────┼────────┤
│ 0016_r2_input_identity.sql                   │ 🕒️    │
├──────────────────────────────────────────────┼────────┤
│ 0017_source_context_revision.sql             │ 🕒️    │
├──────────────────────────────────────────────┼────────┤
│ 0018_legacy_curation_origin.sql              │ 🕒️    │
├──────────────────────────────────────────────┼────────┤
│ 0019_entity_snapshot_identity.sql            │ 🕒️    │
├──────────────────────────────────────────────┼────────┤
│ 0020_run_provenance.sql                      │ 🕒️    │
├──────────────────────────────────────────────┼────────┤
│ 0021_decision_run_references.sql             │ 🕒️    │
├──────────────────────────────────────────────┼────────┤
│ 0022_evidence_request_execution.sql          │ 🕒️    │
├──────────────────────────────────────────────┼────────┤
│ 0023_app_body_cache_revision.sql             │ 🕒️    │
├──────────────────────────────────────────────┼────────┤
│ 0024_per_term_reset.sql                      │ 🕒️    │
├──────────────────────────────────────────────┼────────┤
│ 0025_selection_filter_cache.sql              │ 🕒️    │
└──────────────────────────────────────────────┴────────┘
🌀 Executing on local database android-recovery (android-recovery) from ../../cairn-android-worker.0CeUGG/.wrangler/state/v3/d1:
🌀 To execute on your remote database, add a --remote flag to your wrangler command.
🚣 6 commands executed successfully.
┌──────────────────────────────────────────────┬────────┐
│ name                                         │ status │
├──────────────────────────────────────────────┼────────┤
│ 0001_create_links.sql                        │ ✅     │
├──────────────────────────────────────────────┼────────┤
│ 0002_add_learned_state.sql                   │ ✅     │
├──────────────────────────────────────────────┼────────┤
│ 0003_add_cache_metadata.sql                  │ ✅     │
├──────────────────────────────────────────────┼────────┤
│ 0004_add_client_id.sql                       │ ✅     │
├──────────────────────────────────────────────┼────────┤
│ 0005_add_x_enrichment.sql                    │ ✅     │
├──────────────────────────────────────────────┼────────┤
│ 0006_add_rich_x_enrichment.sql               │ ✅     │
├──────────────────────────────────────────────┼────────┤
│ 0007_add_bookmark_curation.sql               │ ✅     │
├──────────────────────────────────────────────┼────────┤
│ 0008_invalidate_enriched_link_cache.sql      │ 🕒️    │
├──────────────────────────────────────────────┼────────┤
│ 0009_independent_classification.sql          │ 🕒️    │
├──────────────────────────────────────────────┼────────┤
│ 0010_authoritative_classification_target.sql │ 🕒️    │
├──────────────────────────────────────────────┼────────┤
│ 0011_replayable_domain.sql                   │ 🕒️    │
├──────────────────────────────────────────────┼────────┤
│ 0012_multidimensional_taxonomy.sql           │ 🕒️    │
├──────────────────────────────────────────────┼────────┤
│ 0013_decision_history.sql                    │ 🕒️    │
├──────────────────────────────────────────────┼────────┤
│ 0014_content_revision_guard.sql              │ 🕒️    │
├──────────────────────────────────────────────┼────────┤
│ 0015_entity_lifecycle.sql                    │ 🕒️    │
├──────────────────────────────────────────────┼────────┤
│ 0016_r2_input_identity.sql                   │ 🕒️    │
├──────────────────────────────────────────────┼────────┤
│ 0017_source_context_revision.sql             │ 🕒️    │
├──────────────────────────────────────────────┼────────┤
│ 0018_legacy_curation_origin.sql              │ 🕒️    │
├──────────────────────────────────────────────┼────────┤
│ 0019_entity_snapshot_identity.sql            │ 🕒️    │
├──────────────────────────────────────────────┼────────┤
│ 0020_run_provenance.sql                      │ 🕒️    │
├──────────────────────────────────────────────┼────────┤
│ 0021_decision_run_references.sql             │ 🕒️    │
├──────────────────────────────────────────────┼────────┤
│ 0022_evidence_request_execution.sql          │ 🕒️    │
├──────────────────────────────────────────────┼────────┤
│ 0023_app_body_cache_revision.sql             │ 🕒️    │
├──────────────────────────────────────────────┼────────┤
│ 0024_per_term_reset.sql                      │ 🕒️    │
├──────────────────────────────────────────────┼────────┤
│ 0025_selection_filter_cache.sql              │ 🕒️    │
└──────────────────────────────────────────────┴────────┘
🌀 Executing on local database android-recovery (android-recovery) from ../../cairn-android-worker.0CeUGG/.wrangler/state/v3/d1:
🌀 To execute on your remote database, add a --remote flag to your wrangler command.
🚣 2 commands executed successfully.
┌──────────────────────────────────────────────┬────────┐
│ name                                         │ status │
├──────────────────────────────────────────────┼────────┤
│ 0001_create_links.sql                        │ ✅     │
├──────────────────────────────────────────────┼────────┤
│ 0002_add_learned_state.sql                   │ ✅     │
├──────────────────────────────────────────────┼────────┤
│ 0003_add_cache_metadata.sql                  │ ✅     │
├──────────────────────────────────────────────┼────────┤
│ 0004_add_client_id.sql                       │ ✅     │
├──────────────────────────────────────────────┼────────┤
│ 0005_add_x_enrichment.sql                    │ ✅     │
├──────────────────────────────────────────────┼────────┤
│ 0006_add_rich_x_enrichment.sql               │ ✅     │
├──────────────────────────────────────────────┼────────┤
│ 0007_add_bookmark_curation.sql               │ ✅     │
├──────────────────────────────────────────────┼────────┤
│ 0008_invalidate_enriched_link_cache.sql      │ ✅     │
├──────────────────────────────────────────────┼────────┤
│ 0009_independent_classification.sql          │ 🕒️    │
├──────────────────────────────────────────────┼────────┤
│ 0010_authoritative_classification_target.sql │ 🕒️    │
├──────────────────────────────────────────────┼────────┤
│ 0011_replayable_domain.sql                   │ 🕒️    │
├──────────────────────────────────────────────┼────────┤
│ 0012_multidimensional_taxonomy.sql           │ 🕒️    │
├──────────────────────────────────────────────┼────────┤
│ 0013_decision_history.sql                    │ 🕒️    │
├──────────────────────────────────────────────┼────────┤
│ 0014_content_revision_guard.sql              │ 🕒️    │
├──────────────────────────────────────────────┼────────┤
│ 0015_entity_lifecycle.sql                    │ 🕒️    │
├──────────────────────────────────────────────┼────────┤
│ 0016_r2_input_identity.sql                   │ 🕒️    │
├──────────────────────────────────────────────┼────────┤
│ 0017_source_context_revision.sql             │ 🕒️    │
├──────────────────────────────────────────────┼────────┤
│ 0018_legacy_curation_origin.sql              │ 🕒️    │
├──────────────────────────────────────────────┼────────┤
│ 0019_entity_snapshot_identity.sql            │ 🕒️    │
├──────────────────────────────────────────────┼────────┤
│ 0020_run_provenance.sql                      │ 🕒️    │
├──────────────────────────────────────────────┼────────┤
│ 0021_decision_run_references.sql             │ 🕒️    │
├──────────────────────────────────────────────┼────────┤
│ 0022_evidence_request_execution.sql          │ 🕒️    │
├──────────────────────────────────────────────┼────────┤
│ 0023_app_body_cache_revision.sql             │ 🕒️    │
├──────────────────────────────────────────────┼────────┤
│ 0024_per_term_reset.sql                      │ 🕒️    │
├──────────────────────────────────────────────┼────────┤
│ 0025_selection_filter_cache.sql              │ 🕒️    │
└──────────────────────────────────────────────┴────────┘
🌀 Executing on local database android-recovery (android-recovery) from ../../cairn-android-worker.0CeUGG/.wrangler/state/v3/d1:
🌀 To execute on your remote database, add a --remote flag to your wrangler command.
🚣 7 commands executed successfully.
┌──────────────────────────────────────────────┬────────┐
│ name                                         │ status │
├──────────────────────────────────────────────┼────────┤
│ 0001_create_links.sql                        │ ✅     │
├──────────────────────────────────────────────┼────────┤
│ 0002_add_learned_state.sql                   │ ✅     │
├──────────────────────────────────────────────┼────────┤
│ 0003_add_cache_metadata.sql                  │ ✅     │
├──────────────────────────────────────────────┼────────┤
│ 0004_add_client_id.sql                       │ ✅     │
├──────────────────────────────────────────────┼────────┤
│ 0005_add_x_enrichment.sql                    │ ✅     │
├──────────────────────────────────────────────┼────────┤
│ 0006_add_rich_x_enrichment.sql               │ ✅     │
├──────────────────────────────────────────────┼────────┤
│ 0007_add_bookmark_curation.sql               │ ✅     │
├──────────────────────────────────────────────┼────────┤
│ 0008_invalidate_enriched_link_cache.sql      │ ✅     │
├──────────────────────────────────────────────┼────────┤
│ 0009_independent_classification.sql          │ ✅     │
├──────────────────────────────────────────────┼────────┤
│ 0010_authoritative_classification_target.sql │ 🕒️    │
├──────────────────────────────────────────────┼────────┤
│ 0011_replayable_domain.sql                   │ 🕒️    │
├──────────────────────────────────────────────┼────────┤
│ 0012_multidimensional_taxonomy.sql           │ 🕒️    │
├──────────────────────────────────────────────┼────────┤
│ 0013_decision_history.sql                    │ 🕒️    │
├──────────────────────────────────────────────┼────────┤
│ 0014_content_revision_guard.sql              │ 🕒️    │
├──────────────────────────────────────────────┼────────┤
│ 0015_entity_lifecycle.sql                    │ 🕒️    │
├──────────────────────────────────────────────┼────────┤
│ 0016_r2_input_identity.sql                   │ 🕒️    │
├──────────────────────────────────────────────┼────────┤
│ 0017_source_context_revision.sql             │ 🕒️    │
├──────────────────────────────────────────────┼────────┤
│ 0018_legacy_curation_origin.sql              │ 🕒️    │
├──────────────────────────────────────────────┼────────┤
│ 0019_entity_snapshot_identity.sql            │ 🕒️    │
├──────────────────────────────────────────────┼────────┤
│ 0020_run_provenance.sql                      │ 🕒️    │
├──────────────────────────────────────────────┼────────┤
│ 0021_decision_run_references.sql             │ 🕒️    │
├──────────────────────────────────────────────┼────────┤
│ 0022_evidence_request_execution.sql          │ 🕒️    │
├──────────────────────────────────────────────┼────────┤
│ 0023_app_body_cache_revision.sql             │ 🕒️    │
├──────────────────────────────────────────────┼────────┤
│ 0024_per_term_reset.sql                      │ 🕒️    │
├──────────────────────────────────────────────┼────────┤
│ 0025_selection_filter_cache.sql              │ 🕒️    │
└──────────────────────────────────────────────┴────────┘
🌀 Executing on local database android-recovery (android-recovery) from ../../cairn-android-worker.0CeUGG/.wrangler/state/v3/d1:
🌀 To execute on your remote database, add a --remote flag to your wrangler command.
🚣 11 commands executed successfully.
┌──────────────────────────────────────────────┬────────┐
│ name                                         │ status │
├──────────────────────────────────────────────┼────────┤
│ 0001_create_links.sql                        │ ✅     │
├──────────────────────────────────────────────┼────────┤
│ 0002_add_learned_state.sql                   │ ✅     │
├──────────────────────────────────────────────┼────────┤
│ 0003_add_cache_metadata.sql                  │ ✅     │
├──────────────────────────────────────────────┼────────┤
│ 0004_add_client_id.sql                       │ ✅     │
├──────────────────────────────────────────────┼────────┤
│ 0005_add_x_enrichment.sql                    │ ✅     │
├──────────────────────────────────────────────┼────────┤
│ 0006_add_rich_x_enrichment.sql               │ ✅     │
├──────────────────────────────────────────────┼────────┤
│ 0007_add_bookmark_curation.sql               │ ✅     │
├──────────────────────────────────────────────┼────────┤
│ 0008_invalidate_enriched_link_cache.sql      │ ✅     │
├──────────────────────────────────────────────┼────────┤
│ 0009_independent_classification.sql          │ ✅     │
├──────────────────────────────────────────────┼────────┤
│ 0010_authoritative_classification_target.sql │ ✅     │
├──────────────────────────────────────────────┼────────┤
│ 0011_replayable_domain.sql                   │ 🕒️    │
├──────────────────────────────────────────────┼────────┤
│ 0012_multidimensional_taxonomy.sql           │ 🕒️    │
├──────────────────────────────────────────────┼────────┤
│ 0013_decision_history.sql                    │ 🕒️    │
├──────────────────────────────────────────────┼────────┤
│ 0014_content_revision_guard.sql              │ 🕒️    │
├──────────────────────────────────────────────┼────────┤
│ 0015_entity_lifecycle.sql                    │ 🕒️    │
├──────────────────────────────────────────────┼────────┤
│ 0016_r2_input_identity.sql                   │ 🕒️    │
├──────────────────────────────────────────────┼────────┤
│ 0017_source_context_revision.sql             │ 🕒️    │
├──────────────────────────────────────────────┼────────┤
│ 0018_legacy_curation_origin.sql              │ 🕒️    │
├──────────────────────────────────────────────┼────────┤
│ 0019_entity_snapshot_identity.sql            │ 🕒️    │
├──────────────────────────────────────────────┼────────┤
│ 0020_run_provenance.sql                      │ 🕒️    │
├──────────────────────────────────────────────┼────────┤
│ 0021_decision_run_references.sql             │ 🕒️    │
├──────────────────────────────────────────────┼────────┤
│ 0022_evidence_request_execution.sql          │ 🕒️    │
├──────────────────────────────────────────────┼────────┤
│ 0023_app_body_cache_revision.sql             │ 🕒️    │
├──────────────────────────────────────────────┼────────┤
│ 0024_per_term_reset.sql                      │ 🕒️    │
├──────────────────────────────────────────────┼────────┤
│ 0025_selection_filter_cache.sql              │ 🕒️    │
└──────────────────────────────────────────────┴────────┘
🌀 Executing on local database android-recovery (android-recovery) from ../../cairn-android-worker.0CeUGG/.wrangler/state/v3/d1:
🌀 To execute on your remote database, add a --remote flag to your wrangler command.
🚣 16 commands executed successfully.
┌──────────────────────────────────────────────┬────────┐
│ name                                         │ status │
├──────────────────────────────────────────────┼────────┤
│ 0001_create_links.sql                        │ ✅     │
├──────────────────────────────────────────────┼────────┤
│ 0002_add_learned_state.sql                   │ ✅     │
├──────────────────────────────────────────────┼────────┤
│ 0003_add_cache_metadata.sql                  │ ✅     │
├──────────────────────────────────────────────┼────────┤
│ 0004_add_client_id.sql                       │ ✅     │
├──────────────────────────────────────────────┼────────┤
│ 0005_add_x_enrichment.sql                    │ ✅     │
├──────────────────────────────────────────────┼────────┤
│ 0006_add_rich_x_enrichment.sql               │ ✅     │
├──────────────────────────────────────────────┼────────┤
│ 0007_add_bookmark_curation.sql               │ ✅     │
├──────────────────────────────────────────────┼────────┤
│ 0008_invalidate_enriched_link_cache.sql      │ ✅     │
├──────────────────────────────────────────────┼────────┤
│ 0009_independent_classification.sql          │ ✅     │
├──────────────────────────────────────────────┼────────┤
│ 0010_authoritative_classification_target.sql │ ✅     │
├──────────────────────────────────────────────┼────────┤
│ 0011_replayable_domain.sql                   │ ✅     │
├──────────────────────────────────────────────┼────────┤
│ 0012_multidimensional_taxonomy.sql           │ 🕒️    │
├──────────────────────────────────────────────┼────────┤
│ 0013_decision_history.sql                    │ 🕒️    │
├──────────────────────────────────────────────┼────────┤
│ 0014_content_revision_guard.sql              │ 🕒️    │
├──────────────────────────────────────────────┼────────┤
│ 0015_entity_lifecycle.sql                    │ 🕒️    │
├──────────────────────────────────────────────┼────────┤
│ 0016_r2_input_identity.sql                   │ 🕒️    │
├──────────────────────────────────────────────┼────────┤
│ 0017_source_context_revision.sql             │ 🕒️    │
├──────────────────────────────────────────────┼────────┤
│ 0018_legacy_curation_origin.sql              │ 🕒️    │
├──────────────────────────────────────────────┼────────┤
│ 0019_entity_snapshot_identity.sql            │ 🕒️    │
├──────────────────────────────────────────────┼────────┤
│ 0020_run_provenance.sql                      │ 🕒️    │
├──────────────────────────────────────────────┼────────┤
│ 0021_decision_run_references.sql             │ 🕒️    │
├──────────────────────────────────────────────┼────────┤
│ 0022_evidence_request_execution.sql          │ 🕒️    │
├──────────────────────────────────────────────┼────────┤
│ 0023_app_body_cache_revision.sql             │ 🕒️    │
├──────────────────────────────────────────────┼────────┤
│ 0024_per_term_reset.sql                      │ 🕒️    │
├──────────────────────────────────────────────┼────────┤
│ 0025_selection_filter_cache.sql              │ 🕒️    │
└──────────────────────────────────────────────┴────────┘
🌀 Executing on local database android-recovery (android-recovery) from ../../cairn-android-worker.0CeUGG/.wrangler/state/v3/d1:
🌀 To execute on your remote database, add a --remote flag to your wrangler command.
🚣 10 commands executed successfully.
┌──────────────────────────────────────────────┬────────┐
│ name                                         │ status │
├──────────────────────────────────────────────┼────────┤
│ 0001_create_links.sql                        │ ✅     │
├──────────────────────────────────────────────┼────────┤
│ 0002_add_learned_state.sql                   │ ✅     │
├──────────────────────────────────────────────┼────────┤
│ 0003_add_cache_metadata.sql                  │ ✅     │
├──────────────────────────────────────────────┼────────┤
│ 0004_add_client_id.sql                       │ ✅     │
├──────────────────────────────────────────────┼────────┤
│ 0005_add_x_enrichment.sql                    │ ✅     │
├──────────────────────────────────────────────┼────────┤
│ 0006_add_rich_x_enrichment.sql               │ ✅     │
├──────────────────────────────────────────────┼────────┤
│ 0007_add_bookmark_curation.sql               │ ✅     │
├──────────────────────────────────────────────┼────────┤
│ 0008_invalidate_enriched_link_cache.sql      │ ✅     │
├──────────────────────────────────────────────┼────────┤
│ 0009_independent_classification.sql          │ ✅     │
├──────────────────────────────────────────────┼────────┤
│ 0010_authoritative_classification_target.sql │ ✅     │
├──────────────────────────────────────────────┼────────┤
│ 0011_replayable_domain.sql                   │ ✅     │
├──────────────────────────────────────────────┼────────┤
│ 0012_multidimensional_taxonomy.sql           │ ✅     │
├──────────────────────────────────────────────┼────────┤
│ 0013_decision_history.sql                    │ 🕒️    │
├──────────────────────────────────────────────┼────────┤
│ 0014_content_revision_guard.sql              │ 🕒️    │
├──────────────────────────────────────────────┼────────┤
│ 0015_entity_lifecycle.sql                    │ 🕒️    │
├──────────────────────────────────────────────┼────────┤
│ 0016_r2_input_identity.sql                   │ 🕒️    │
├──────────────────────────────────────────────┼────────┤
│ 0017_source_context_revision.sql             │ 🕒️    │
├──────────────────────────────────────────────┼────────┤
│ 0018_legacy_curation_origin.sql              │ 🕒️    │
├──────────────────────────────────────────────┼────────┤
│ 0019_entity_snapshot_identity.sql            │ 🕒️    │
├──────────────────────────────────────────────┼────────┤
│ 0020_run_provenance.sql                      │ 🕒️    │
├──────────────────────────────────────────────┼────────┤
│ 0021_decision_run_references.sql             │ 🕒️    │
├──────────────────────────────────────────────┼────────┤
│ 0022_evidence_request_execution.sql          │ 🕒️    │
├──────────────────────────────────────────────┼────────┤
│ 0023_app_body_cache_revision.sql             │ 🕒️    │
├──────────────────────────────────────────────┼────────┤
│ 0024_per_term_reset.sql                      │ 🕒️    │
├──────────────────────────────────────────────┼────────┤
│ 0025_selection_filter_cache.sql              │ 🕒️    │
└──────────────────────────────────────────────┴────────┘
🌀 Executing on local database android-recovery (android-recovery) from ../../cairn-android-worker.0CeUGG/.wrangler/state/v3/d1:
🌀 To execute on your remote database, add a --remote flag to your wrangler command.
🚣 7 commands executed successfully.
┌──────────────────────────────────────────────┬────────┐
│ name                                         │ status │
├──────────────────────────────────────────────┼────────┤
│ 0001_create_links.sql                        │ ✅     │
├──────────────────────────────────────────────┼────────┤
│ 0002_add_learned_state.sql                   │ ✅     │
├──────────────────────────────────────────────┼────────┤
│ 0003_add_cache_metadata.sql                  │ ✅     │
├──────────────────────────────────────────────┼────────┤
│ 0004_add_client_id.sql                       │ ✅     │
├──────────────────────────────────────────────┼────────┤
│ 0005_add_x_enrichment.sql                    │ ✅     │
├──────────────────────────────────────────────┼────────┤
│ 0006_add_rich_x_enrichment.sql               │ ✅     │
├──────────────────────────────────────────────┼────────┤
│ 0007_add_bookmark_curation.sql               │ ✅     │
├──────────────────────────────────────────────┼────────┤
│ 0008_invalidate_enriched_link_cache.sql      │ ✅     │
├──────────────────────────────────────────────┼────────┤
│ 0009_independent_classification.sql          │ ✅     │
├──────────────────────────────────────────────┼────────┤
│ 0010_authoritative_classification_target.sql │ ✅     │
├──────────────────────────────────────────────┼────────┤
│ 0011_replayable_domain.sql                   │ ✅     │
├──────────────────────────────────────────────┼────────┤
│ 0012_multidimensional_taxonomy.sql           │ ✅     │
├──────────────────────────────────────────────┼────────┤
│ 0013_decision_history.sql                    │ ✅     │
├──────────────────────────────────────────────┼────────┤
│ 0014_content_revision_guard.sql              │ 🕒️    │
├──────────────────────────────────────────────┼────────┤
│ 0015_entity_lifecycle.sql                    │ 🕒️    │
├──────────────────────────────────────────────┼────────┤
│ 0016_r2_input_identity.sql                   │ 🕒️    │
├──────────────────────────────────────────────┼────────┤
│ 0017_source_context_revision.sql             │ 🕒️    │
├──────────────────────────────────────────────┼────────┤
│ 0018_legacy_curation_origin.sql              │ 🕒️    │
├──────────────────────────────────────────────┼────────┤
│ 0019_entity_snapshot_identity.sql            │ 🕒️    │
├──────────────────────────────────────────────┼────────┤
│ 0020_run_provenance.sql                      │ 🕒️    │
├──────────────────────────────────────────────┼────────┤
│ 0021_decision_run_references.sql             │ 🕒️    │
├──────────────────────────────────────────────┼────────┤
│ 0022_evidence_request_execution.sql          │ 🕒️    │
├──────────────────────────────────────────────┼────────┤
│ 0023_app_body_cache_revision.sql             │ 🕒️    │
├──────────────────────────────────────────────┼────────┤
│ 0024_per_term_reset.sql                      │ 🕒️    │
├──────────────────────────────────────────────┼────────┤
│ 0025_selection_filter_cache.sql              │ 🕒️    │
└──────────────────────────────────────────────┴────────┘
🌀 Executing on local database android-recovery (android-recovery) from ../../cairn-android-worker.0CeUGG/.wrangler/state/v3/d1:
🌀 To execute on your remote database, add a --remote flag to your wrangler command.
🚣 2 commands executed successfully.
┌──────────────────────────────────────────────┬────────┐
│ name                                         │ status │
├──────────────────────────────────────────────┼────────┤
│ 0001_create_links.sql                        │ ✅     │
├──────────────────────────────────────────────┼────────┤
│ 0002_add_learned_state.sql                   │ ✅     │
├──────────────────────────────────────────────┼────────┤
│ 0003_add_cache_metadata.sql                  │ ✅     │
├──────────────────────────────────────────────┼────────┤
│ 0004_add_client_id.sql                       │ ✅     │
├──────────────────────────────────────────────┼────────┤
│ 0005_add_x_enrichment.sql                    │ ✅     │
├──────────────────────────────────────────────┼────────┤
│ 0006_add_rich_x_enrichment.sql               │ ✅     │
├──────────────────────────────────────────────┼────────┤
│ 0007_add_bookmark_curation.sql               │ ✅     │
├──────────────────────────────────────────────┼────────┤
│ 0008_invalidate_enriched_link_cache.sql      │ ✅     │
├──────────────────────────────────────────────┼────────┤
│ 0009_independent_classification.sql          │ ✅     │
├──────────────────────────────────────────────┼────────┤
│ 0010_authoritative_classification_target.sql │ ✅     │
├──────────────────────────────────────────────┼────────┤
│ 0011_replayable_domain.sql                   │ ✅     │
├──────────────────────────────────────────────┼────────┤
│ 0012_multidimensional_taxonomy.sql           │ ✅     │
├──────────────────────────────────────────────┼────────┤
│ 0013_decision_history.sql                    │ ✅     │
├──────────────────────────────────────────────┼────────┤
│ 0014_content_revision_guard.sql              │ ✅     │
├──────────────────────────────────────────────┼────────┤
│ 0015_entity_lifecycle.sql                    │ 🕒️    │
├──────────────────────────────────────────────┼────────┤
│ 0016_r2_input_identity.sql                   │ 🕒️    │
├──────────────────────────────────────────────┼────────┤
│ 0017_source_context_revision.sql             │ 🕒️    │
├──────────────────────────────────────────────┼────────┤
│ 0018_legacy_curation_origin.sql              │ 🕒️    │
├──────────────────────────────────────────────┼────────┤
│ 0019_entity_snapshot_identity.sql            │ 🕒️    │
├──────────────────────────────────────────────┼────────┤
│ 0020_run_provenance.sql                      │ 🕒️    │
├──────────────────────────────────────────────┼────────┤
│ 0021_decision_run_references.sql             │ 🕒️    │
├──────────────────────────────────────────────┼────────┤
│ 0022_evidence_request_execution.sql          │ 🕒️    │
├──────────────────────────────────────────────┼────────┤
│ 0023_app_body_cache_revision.sql             │ 🕒️    │
├──────────────────────────────────────────────┼────────┤
│ 0024_per_term_reset.sql                      │ 🕒️    │
├──────────────────────────────────────────────┼────────┤
│ 0025_selection_filter_cache.sql              │ 🕒️    │
└──────────────────────────────────────────────┴────────┘
🌀 Executing on local database android-recovery (android-recovery) from ../../cairn-android-worker.0CeUGG/.wrangler/state/v3/d1:
🌀 To execute on your remote database, add a --remote flag to your wrangler command.
🚣 7 commands executed successfully.
┌──────────────────────────────────────────────┬────────┐
│ name                                         │ status │
├──────────────────────────────────────────────┼────────┤
│ 0001_create_links.sql                        │ ✅     │
├──────────────────────────────────────────────┼────────┤
│ 0002_add_learned_state.sql                   │ ✅     │
├──────────────────────────────────────────────┼────────┤
│ 0003_add_cache_metadata.sql                  │ ✅     │
├──────────────────────────────────────────────┼────────┤
│ 0004_add_client_id.sql                       │ ✅     │
├──────────────────────────────────────────────┼────────┤
│ 0005_add_x_enrichment.sql                    │ ✅     │
├──────────────────────────────────────────────┼────────┤
│ 0006_add_rich_x_enrichment.sql               │ ✅     │
├──────────────────────────────────────────────┼────────┤
│ 0007_add_bookmark_curation.sql               │ ✅     │
├──────────────────────────────────────────────┼────────┤
│ 0008_invalidate_enriched_link_cache.sql      │ ✅     │
├──────────────────────────────────────────────┼────────┤
│ 0009_independent_classification.sql          │ ✅     │
├──────────────────────────────────────────────┼────────┤
│ 0010_authoritative_classification_target.sql │ ✅     │
├──────────────────────────────────────────────┼────────┤
│ 0011_replayable_domain.sql                   │ ✅     │
├──────────────────────────────────────────────┼────────┤
│ 0012_multidimensional_taxonomy.sql           │ ✅     │
├──────────────────────────────────────────────┼────────┤
│ 0013_decision_history.sql                    │ ✅     │
├──────────────────────────────────────────────┼────────┤
│ 0014_content_revision_guard.sql              │ ✅     │
├──────────────────────────────────────────────┼────────┤
│ 0015_entity_lifecycle.sql                    │ ✅     │
├──────────────────────────────────────────────┼────────┤
│ 0016_r2_input_identity.sql                   │ 🕒️    │
├──────────────────────────────────────────────┼────────┤
│ 0017_source_context_revision.sql             │ 🕒️    │
├──────────────────────────────────────────────┼────────┤
│ 0018_legacy_curation_origin.sql              │ 🕒️    │
├──────────────────────────────────────────────┼────────┤
│ 0019_entity_snapshot_identity.sql            │ 🕒️    │
├──────────────────────────────────────────────┼────────┤
│ 0020_run_provenance.sql                      │ 🕒️    │
├──────────────────────────────────────────────┼────────┤
│ 0021_decision_run_references.sql             │ 🕒️    │
├──────────────────────────────────────────────┼────────┤
│ 0022_evidence_request_execution.sql          │ 🕒️    │
├──────────────────────────────────────────────┼────────┤
│ 0023_app_body_cache_revision.sql             │ 🕒️    │
├──────────────────────────────────────────────┼────────┤
│ 0024_per_term_reset.sql                      │ 🕒️    │
├──────────────────────────────────────────────┼────────┤
│ 0025_selection_filter_cache.sql              │ 🕒️    │
└──────────────────────────────────────────────┴────────┘
🌀 Executing on local database android-recovery (android-recovery) from ../../cairn-android-worker.0CeUGG/.wrangler/state/v3/d1:
🌀 To execute on your remote database, add a --remote flag to your wrangler command.
🚣 10 commands executed successfully.
┌──────────────────────────────────────────────┬────────┐
│ name                                         │ status │
├──────────────────────────────────────────────┼────────┤
│ 0001_create_links.sql                        │ ✅     │
├──────────────────────────────────────────────┼────────┤
│ 0002_add_learned_state.sql                   │ ✅     │
├──────────────────────────────────────────────┼────────┤
│ 0003_add_cache_metadata.sql                  │ ✅     │
├──────────────────────────────────────────────┼────────┤
│ 0004_add_client_id.sql                       │ ✅     │
├──────────────────────────────────────────────┼────────┤
│ 0005_add_x_enrichment.sql                    │ ✅     │
├──────────────────────────────────────────────┼────────┤
│ 0006_add_rich_x_enrichment.sql               │ ✅     │
├──────────────────────────────────────────────┼────────┤
│ 0007_add_bookmark_curation.sql               │ ✅     │
├──────────────────────────────────────────────┼────────┤
│ 0008_invalidate_enriched_link_cache.sql      │ ✅     │
├──────────────────────────────────────────────┼────────┤
│ 0009_independent_classification.sql          │ ✅     │
├──────────────────────────────────────────────┼────────┤
│ 0010_authoritative_classification_target.sql │ ✅     │
├──────────────────────────────────────────────┼────────┤
│ 0011_replayable_domain.sql                   │ ✅     │
├──────────────────────────────────────────────┼────────┤
│ 0012_multidimensional_taxonomy.sql           │ ✅     │
├──────────────────────────────────────────────┼────────┤
│ 0013_decision_history.sql                    │ ✅     │
├──────────────────────────────────────────────┼────────┤
│ 0014_content_revision_guard.sql              │ ✅     │
├──────────────────────────────────────────────┼────────┤
│ 0015_entity_lifecycle.sql                    │ ✅     │
├──────────────────────────────────────────────┼────────┤
│ 0016_r2_input_identity.sql                   │ ✅     │
├──────────────────────────────────────────────┼────────┤
│ 0017_source_context_revision.sql             │ 🕒️    │
├──────────────────────────────────────────────┼────────┤
│ 0018_legacy_curation_origin.sql              │ 🕒️    │
├──────────────────────────────────────────────┼────────┤
│ 0019_entity_snapshot_identity.sql            │ 🕒️    │
├──────────────────────────────────────────────┼────────┤
│ 0020_run_provenance.sql                      │ 🕒️    │
├──────────────────────────────────────────────┼────────┤
│ 0021_decision_run_references.sql             │ 🕒️    │
├──────────────────────────────────────────────┼────────┤
│ 0022_evidence_request_execution.sql          │ 🕒️    │
├──────────────────────────────────────────────┼────────┤
│ 0023_app_body_cache_revision.sql             │ 🕒️    │
├──────────────────────────────────────────────┼────────┤
│ 0024_per_term_reset.sql                      │ 🕒️    │
├──────────────────────────────────────────────┼────────┤
│ 0025_selection_filter_cache.sql              │ 🕒️    │
└──────────────────────────────────────────────┴────────┘
🌀 Executing on local database android-recovery (android-recovery) from ../../cairn-android-worker.0CeUGG/.wrangler/state/v3/d1:
🌀 To execute on your remote database, add a --remote flag to your wrangler command.
🚣 2 commands executed successfully.
┌──────────────────────────────────────────────┬────────┐
│ name                                         │ status │
├──────────────────────────────────────────────┼────────┤
│ 0001_create_links.sql                        │ ✅     │
├──────────────────────────────────────────────┼────────┤
│ 0002_add_learned_state.sql                   │ ✅     │
├──────────────────────────────────────────────┼────────┤
│ 0003_add_cache_metadata.sql                  │ ✅     │
├──────────────────────────────────────────────┼────────┤
│ 0004_add_client_id.sql                       │ ✅     │
├──────────────────────────────────────────────┼────────┤
│ 0005_add_x_enrichment.sql                    │ ✅     │
├──────────────────────────────────────────────┼────────┤
│ 0006_add_rich_x_enrichment.sql               │ ✅     │
├──────────────────────────────────────────────┼────────┤
│ 0007_add_bookmark_curation.sql               │ ✅     │
├──────────────────────────────────────────────┼────────┤
│ 0008_invalidate_enriched_link_cache.sql      │ ✅     │
├──────────────────────────────────────────────┼────────┤
│ 0009_independent_classification.sql          │ ✅     │
├──────────────────────────────────────────────┼────────┤
│ 0010_authoritative_classification_target.sql │ ✅     │
├──────────────────────────────────────────────┼────────┤
│ 0011_replayable_domain.sql                   │ ✅     │
├──────────────────────────────────────────────┼────────┤
│ 0012_multidimensional_taxonomy.sql           │ ✅     │
├──────────────────────────────────────────────┼────────┤
│ 0013_decision_history.sql                    │ ✅     │
├──────────────────────────────────────────────┼────────┤
│ 0014_content_revision_guard.sql              │ ✅     │
├──────────────────────────────────────────────┼────────┤
│ 0015_entity_lifecycle.sql                    │ ✅     │
├──────────────────────────────────────────────┼────────┤
│ 0016_r2_input_identity.sql                   │ ✅     │
├──────────────────────────────────────────────┼────────┤
│ 0017_source_context_revision.sql             │ ✅     │
├──────────────────────────────────────────────┼────────┤
│ 0018_legacy_curation_origin.sql              │ 🕒️    │
├──────────────────────────────────────────────┼────────┤
│ 0019_entity_snapshot_identity.sql            │ 🕒️    │
├──────────────────────────────────────────────┼────────┤
│ 0020_run_provenance.sql                      │ 🕒️    │
├──────────────────────────────────────────────┼────────┤
│ 0021_decision_run_references.sql             │ 🕒️    │
├──────────────────────────────────────────────┼────────┤
│ 0022_evidence_request_execution.sql          │ 🕒️    │
├──────────────────────────────────────────────┼────────┤
│ 0023_app_body_cache_revision.sql             │ 🕒️    │
├──────────────────────────────────────────────┼────────┤
│ 0024_per_term_reset.sql                      │ 🕒️    │
├──────────────────────────────────────────────┼────────┤
│ 0025_selection_filter_cache.sql              │ 🕒️    │
└──────────────────────────────────────────────┴────────┘
🌀 Executing on local database android-recovery (android-recovery) from ../../cairn-android-worker.0CeUGG/.wrangler/state/v3/d1:
🌀 To execute on your remote database, add a --remote flag to your wrangler command.
🚣 3 commands executed successfully.
┌──────────────────────────────────────────────┬────────┐
│ name                                         │ status │
├──────────────────────────────────────────────┼────────┤
│ 0001_create_links.sql                        │ ✅     │
├──────────────────────────────────────────────┼────────┤
│ 0002_add_learned_state.sql                   │ ✅     │
├──────────────────────────────────────────────┼────────┤
│ 0003_add_cache_metadata.sql                  │ ✅     │
├──────────────────────────────────────────────┼────────┤
│ 0004_add_client_id.sql                       │ ✅     │
├──────────────────────────────────────────────┼────────┤
│ 0005_add_x_enrichment.sql                    │ ✅     │
├──────────────────────────────────────────────┼────────┤
│ 0006_add_rich_x_enrichment.sql               │ ✅     │
├──────────────────────────────────────────────┼────────┤
│ 0007_add_bookmark_curation.sql               │ ✅     │
├──────────────────────────────────────────────┼────────┤
│ 0008_invalidate_enriched_link_cache.sql      │ ✅     │
├──────────────────────────────────────────────┼────────┤
│ 0009_independent_classification.sql          │ ✅     │
├──────────────────────────────────────────────┼────────┤
│ 0010_authoritative_classification_target.sql │ ✅     │
├──────────────────────────────────────────────┼────────┤
│ 0011_replayable_domain.sql                   │ ✅     │
├──────────────────────────────────────────────┼────────┤
│ 0012_multidimensional_taxonomy.sql           │ ✅     │
├──────────────────────────────────────────────┼────────┤
│ 0013_decision_history.sql                    │ ✅     │
├──────────────────────────────────────────────┼────────┤
│ 0014_content_revision_guard.sql              │ ✅     │
├──────────────────────────────────────────────┼────────┤
│ 0015_entity_lifecycle.sql                    │ ✅     │
├──────────────────────────────────────────────┼────────┤
│ 0016_r2_input_identity.sql                   │ ✅     │
├──────────────────────────────────────────────┼────────┤
│ 0017_source_context_revision.sql             │ ✅     │
├──────────────────────────────────────────────┼────────┤
│ 0018_legacy_curation_origin.sql              │ ✅     │
├──────────────────────────────────────────────┼────────┤
│ 0019_entity_snapshot_identity.sql            │ 🕒️    │
├──────────────────────────────────────────────┼────────┤
│ 0020_run_provenance.sql                      │ 🕒️    │
├──────────────────────────────────────────────┼────────┤
│ 0021_decision_run_references.sql             │ 🕒️    │
├──────────────────────────────────────────────┼────────┤
│ 0022_evidence_request_execution.sql          │ 🕒️    │
├──────────────────────────────────────────────┼────────┤
│ 0023_app_body_cache_revision.sql             │ 🕒️    │
├──────────────────────────────────────────────┼────────┤
│ 0024_per_term_reset.sql                      │ 🕒️    │
├──────────────────────────────────────────────┼────────┤
│ 0025_selection_filter_cache.sql              │ 🕒️    │
└──────────────────────────────────────────────┴────────┘
🌀 Executing on local database android-recovery (android-recovery) from ../../cairn-android-worker.0CeUGG/.wrangler/state/v3/d1:
🌀 To execute on your remote database, add a --remote flag to your wrangler command.
🚣 4 commands executed successfully.
┌──────────────────────────────────────────────┬────────┐
│ name                                         │ status │
├──────────────────────────────────────────────┼────────┤
│ 0001_create_links.sql                        │ ✅     │
├──────────────────────────────────────────────┼────────┤
│ 0002_add_learned_state.sql                   │ ✅     │
├──────────────────────────────────────────────┼────────┤
│ 0003_add_cache_metadata.sql                  │ ✅     │
├──────────────────────────────────────────────┼────────┤
│ 0004_add_client_id.sql                       │ ✅     │
├──────────────────────────────────────────────┼────────┤
│ 0005_add_x_enrichment.sql                    │ ✅     │
├──────────────────────────────────────────────┼────────┤
│ 0006_add_rich_x_enrichment.sql               │ ✅     │
├──────────────────────────────────────────────┼────────┤
│ 0007_add_bookmark_curation.sql               │ ✅     │
├──────────────────────────────────────────────┼────────┤
│ 0008_invalidate_enriched_link_cache.sql      │ ✅     │
├──────────────────────────────────────────────┼────────┤
│ 0009_independent_classification.sql          │ ✅     │
├──────────────────────────────────────────────┼────────┤
│ 0010_authoritative_classification_target.sql │ ✅     │
├──────────────────────────────────────────────┼────────┤
│ 0011_replayable_domain.sql                   │ ✅     │
├──────────────────────────────────────────────┼────────┤
│ 0012_multidimensional_taxonomy.sql           │ ✅     │
├──────────────────────────────────────────────┼────────┤
│ 0013_decision_history.sql                    │ ✅     │
├──────────────────────────────────────────────┼────────┤
│ 0014_content_revision_guard.sql              │ ✅     │
├──────────────────────────────────────────────┼────────┤
│ 0015_entity_lifecycle.sql                    │ ✅     │
├──────────────────────────────────────────────┼────────┤
│ 0016_r2_input_identity.sql                   │ ✅     │
├──────────────────────────────────────────────┼────────┤
│ 0017_source_context_revision.sql             │ ✅     │
├──────────────────────────────────────────────┼────────┤
│ 0018_legacy_curation_origin.sql              │ ✅     │
├──────────────────────────────────────────────┼────────┤
│ 0019_entity_snapshot_identity.sql            │ ✅     │
├──────────────────────────────────────────────┼────────┤
│ 0020_run_provenance.sql                      │ 🕒️    │
├──────────────────────────────────────────────┼────────┤
│ 0021_decision_run_references.sql             │ 🕒️    │
├──────────────────────────────────────────────┼────────┤
│ 0022_evidence_request_execution.sql          │ 🕒️    │
├──────────────────────────────────────────────┼────────┤
│ 0023_app_body_cache_revision.sql             │ 🕒️    │
├──────────────────────────────────────────────┼────────┤
│ 0024_per_term_reset.sql                      │ 🕒️    │
├──────────────────────────────────────────────┼────────┤
│ 0025_selection_filter_cache.sql              │ 🕒️    │
└──────────────────────────────────────────────┴────────┘
🌀 Executing on local database android-recovery (android-recovery) from ../../cairn-android-worker.0CeUGG/.wrangler/state/v3/d1:
🌀 To execute on your remote database, add a --remote flag to your wrangler command.
🚣 4 commands executed successfully.
┌──────────────────────────────────────────────┬────────┐
│ name                                         │ status │
├──────────────────────────────────────────────┼────────┤
│ 0001_create_links.sql                        │ ✅     │
├──────────────────────────────────────────────┼────────┤
│ 0002_add_learned_state.sql                   │ ✅     │
├──────────────────────────────────────────────┼────────┤
│ 0003_add_cache_metadata.sql                  │ ✅     │
├──────────────────────────────────────────────┼────────┤
│ 0004_add_client_id.sql                       │ ✅     │
├──────────────────────────────────────────────┼────────┤
│ 0005_add_x_enrichment.sql                    │ ✅     │
├──────────────────────────────────────────────┼────────┤
│ 0006_add_rich_x_enrichment.sql               │ ✅     │
├──────────────────────────────────────────────┼────────┤
│ 0007_add_bookmark_curation.sql               │ ✅     │
├──────────────────────────────────────────────┼────────┤
│ 0008_invalidate_enriched_link_cache.sql      │ ✅     │
├──────────────────────────────────────────────┼────────┤
│ 0009_independent_classification.sql          │ ✅     │
├──────────────────────────────────────────────┼────────┤
│ 0010_authoritative_classification_target.sql │ ✅     │
├──────────────────────────────────────────────┼────────┤
│ 0011_replayable_domain.sql                   │ ✅     │
├──────────────────────────────────────────────┼────────┤
│ 0012_multidimensional_taxonomy.sql           │ ✅     │
├──────────────────────────────────────────────┼────────┤
│ 0013_decision_history.sql                    │ ✅     │
├──────────────────────────────────────────────┼────────┤
│ 0014_content_revision_guard.sql              │ ✅     │
├──────────────────────────────────────────────┼────────┤
│ 0015_entity_lifecycle.sql                    │ ✅     │
├──────────────────────────────────────────────┼────────┤
│ 0016_r2_input_identity.sql                   │ ✅     │
├──────────────────────────────────────────────┼────────┤
│ 0017_source_context_revision.sql             │ ✅     │
├──────────────────────────────────────────────┼────────┤
│ 0018_legacy_curation_origin.sql              │ ✅     │
├──────────────────────────────────────────────┼────────┤
│ 0019_entity_snapshot_identity.sql            │ ✅     │
├──────────────────────────────────────────────┼────────┤
│ 0020_run_provenance.sql                      │ ✅     │
├──────────────────────────────────────────────┼────────┤
│ 0021_decision_run_references.sql             │ 🕒️    │
├──────────────────────────────────────────────┼────────┤
│ 0022_evidence_request_execution.sql          │ 🕒️    │
├──────────────────────────────────────────────┼────────┤
│ 0023_app_body_cache_revision.sql             │ 🕒️    │
├──────────────────────────────────────────────┼────────┤
│ 0024_per_term_reset.sql                      │ 🕒️    │
├──────────────────────────────────────────────┼────────┤
│ 0025_selection_filter_cache.sql              │ 🕒️    │
└──────────────────────────────────────────────┴────────┘
🌀 Executing on local database android-recovery (android-recovery) from ../../cairn-android-worker.0CeUGG/.wrangler/state/v3/d1:
🌀 To execute on your remote database, add a --remote flag to your wrangler command.
🚣 10 commands executed successfully.
┌──────────────────────────────────────────────┬────────┐
│ name                                         │ status │
├──────────────────────────────────────────────┼────────┤
│ 0001_create_links.sql                        │ ✅     │
├──────────────────────────────────────────────┼────────┤
│ 0002_add_learned_state.sql                   │ ✅     │
├──────────────────────────────────────────────┼────────┤
│ 0003_add_cache_metadata.sql                  │ ✅     │
├──────────────────────────────────────────────┼────────┤
│ 0004_add_client_id.sql                       │ ✅     │
├──────────────────────────────────────────────┼────────┤
│ 0005_add_x_enrichment.sql                    │ ✅     │
├──────────────────────────────────────────────┼────────┤
│ 0006_add_rich_x_enrichment.sql               │ ✅     │
├──────────────────────────────────────────────┼────────┤
│ 0007_add_bookmark_curation.sql               │ ✅     │
├──────────────────────────────────────────────┼────────┤
│ 0008_invalidate_enriched_link_cache.sql      │ ✅     │
├──────────────────────────────────────────────┼────────┤
│ 0009_independent_classification.sql          │ ✅     │
├──────────────────────────────────────────────┼────────┤
│ 0010_authoritative_classification_target.sql │ ✅     │
├──────────────────────────────────────────────┼────────┤
│ 0011_replayable_domain.sql                   │ ✅     │
├──────────────────────────────────────────────┼────────┤
│ 0012_multidimensional_taxonomy.sql           │ ✅     │
├──────────────────────────────────────────────┼────────┤
│ 0013_decision_history.sql                    │ ✅     │
├──────────────────────────────────────────────┼────────┤
│ 0014_content_revision_guard.sql              │ ✅     │
├──────────────────────────────────────────────┼────────┤
│ 0015_entity_lifecycle.sql                    │ ✅     │
├──────────────────────────────────────────────┼────────┤
│ 0016_r2_input_identity.sql                   │ ✅     │
├──────────────────────────────────────────────┼────────┤
│ 0017_source_context_revision.sql             │ ✅     │
├──────────────────────────────────────────────┼────────┤
│ 0018_legacy_curation_origin.sql              │ ✅     │
├──────────────────────────────────────────────┼────────┤
│ 0019_entity_snapshot_identity.sql            │ ✅     │
├──────────────────────────────────────────────┼────────┤
│ 0020_run_provenance.sql                      │ ✅     │
├──────────────────────────────────────────────┼────────┤
│ 0021_decision_run_references.sql             │ ✅     │
├──────────────────────────────────────────────┼────────┤
│ 0022_evidence_request_execution.sql          │ 🕒️    │
├──────────────────────────────────────────────┼────────┤
│ 0023_app_body_cache_revision.sql             │ 🕒️    │
├──────────────────────────────────────────────┼────────┤
│ 0024_per_term_reset.sql                      │ 🕒️    │
├──────────────────────────────────────────────┼────────┤
│ 0025_selection_filter_cache.sql              │ 🕒️    │
└──────────────────────────────────────────────┴────────┘
🌀 Executing on local database android-recovery (android-recovery) from ../../cairn-android-worker.0CeUGG/.wrangler/state/v3/d1:
🌀 To execute on your remote database, add a --remote flag to your wrangler command.
🚣 14 commands executed successfully.
┌──────────────────────────────────────────────┬────────┐
│ name                                         │ status │
├──────────────────────────────────────────────┼────────┤
│ 0001_create_links.sql                        │ ✅     │
├──────────────────────────────────────────────┼────────┤
│ 0002_add_learned_state.sql                   │ ✅     │
├──────────────────────────────────────────────┼────────┤
│ 0003_add_cache_metadata.sql                  │ ✅     │
├──────────────────────────────────────────────┼────────┤
│ 0004_add_client_id.sql                       │ ✅     │
├──────────────────────────────────────────────┼────────┤
│ 0005_add_x_enrichment.sql                    │ ✅     │
├──────────────────────────────────────────────┼────────┤
│ 0006_add_rich_x_enrichment.sql               │ ✅     │
├──────────────────────────────────────────────┼────────┤
│ 0007_add_bookmark_curation.sql               │ ✅     │
├──────────────────────────────────────────────┼────────┤
│ 0008_invalidate_enriched_link_cache.sql      │ ✅     │
├──────────────────────────────────────────────┼────────┤
│ 0009_independent_classification.sql          │ ✅     │
├──────────────────────────────────────────────┼────────┤
│ 0010_authoritative_classification_target.sql │ ✅     │
├──────────────────────────────────────────────┼────────┤
│ 0011_replayable_domain.sql                   │ ✅     │
├──────────────────────────────────────────────┼────────┤
│ 0012_multidimensional_taxonomy.sql           │ ✅     │
├──────────────────────────────────────────────┼────────┤
│ 0013_decision_history.sql                    │ ✅     │
├──────────────────────────────────────────────┼────────┤
│ 0014_content_revision_guard.sql              │ ✅     │
├──────────────────────────────────────────────┼────────┤
│ 0015_entity_lifecycle.sql                    │ ✅     │
├──────────────────────────────────────────────┼────────┤
│ 0016_r2_input_identity.sql                   │ ✅     │
├──────────────────────────────────────────────┼────────┤
│ 0017_source_context_revision.sql             │ ✅     │
├──────────────────────────────────────────────┼────────┤
│ 0018_legacy_curation_origin.sql              │ ✅     │
├──────────────────────────────────────────────┼────────┤
│ 0019_entity_snapshot_identity.sql            │ ✅     │
├──────────────────────────────────────────────┼────────┤
│ 0020_run_provenance.sql                      │ ✅     │
├──────────────────────────────────────────────┼────────┤
│ 0021_decision_run_references.sql             │ ✅     │
├──────────────────────────────────────────────┼────────┤
│ 0022_evidence_request_execution.sql          │ ✅     │
├──────────────────────────────────────────────┼────────┤
│ 0023_app_body_cache_revision.sql             │ 🕒️    │
├──────────────────────────────────────────────┼────────┤
│ 0024_per_term_reset.sql                      │ 🕒️    │
├──────────────────────────────────────────────┼────────┤
│ 0025_selection_filter_cache.sql              │ 🕒️    │
└──────────────────────────────────────────────┴────────┘
🌀 Executing on local database android-recovery (android-recovery) from ../../cairn-android-worker.0CeUGG/.wrangler/state/v3/d1:
🌀 To execute on your remote database, add a --remote flag to your wrangler command.
🚣 3 commands executed successfully.
┌──────────────────────────────────────────────┬────────┐
│ name                                         │ status │
├──────────────────────────────────────────────┼────────┤
│ 0001_create_links.sql                        │ ✅     │
├──────────────────────────────────────────────┼────────┤
│ 0002_add_learned_state.sql                   │ ✅     │
├──────────────────────────────────────────────┼────────┤
│ 0003_add_cache_metadata.sql                  │ ✅     │
├──────────────────────────────────────────────┼────────┤
│ 0004_add_client_id.sql                       │ ✅     │
├──────────────────────────────────────────────┼────────┤
│ 0005_add_x_enrichment.sql                    │ ✅     │
├──────────────────────────────────────────────┼────────┤
│ 0006_add_rich_x_enrichment.sql               │ ✅     │
├──────────────────────────────────────────────┼────────┤
│ 0007_add_bookmark_curation.sql               │ ✅     │
├──────────────────────────────────────────────┼────────┤
│ 0008_invalidate_enriched_link_cache.sql      │ ✅     │
├──────────────────────────────────────────────┼────────┤
│ 0009_independent_classification.sql          │ ✅     │
├──────────────────────────────────────────────┼────────┤
│ 0010_authoritative_classification_target.sql │ ✅     │
├──────────────────────────────────────────────┼────────┤
│ 0011_replayable_domain.sql                   │ ✅     │
├──────────────────────────────────────────────┼────────┤
│ 0012_multidimensional_taxonomy.sql           │ ✅     │
├──────────────────────────────────────────────┼────────┤
│ 0013_decision_history.sql                    │ ✅     │
├──────────────────────────────────────────────┼────────┤
│ 0014_content_revision_guard.sql              │ ✅     │
├──────────────────────────────────────────────┼────────┤
│ 0015_entity_lifecycle.sql                    │ ✅     │
├──────────────────────────────────────────────┼────────┤
│ 0016_r2_input_identity.sql                   │ ✅     │
├──────────────────────────────────────────────┼────────┤
│ 0017_source_context_revision.sql             │ ✅     │
├──────────────────────────────────────────────┼────────┤
│ 0018_legacy_curation_origin.sql              │ ✅     │
├──────────────────────────────────────────────┼────────┤
│ 0019_entity_snapshot_identity.sql            │ ✅     │
├──────────────────────────────────────────────┼────────┤
│ 0020_run_provenance.sql                      │ ✅     │
├──────────────────────────────────────────────┼────────┤
│ 0021_decision_run_references.sql             │ ✅     │
├──────────────────────────────────────────────┼────────┤
│ 0022_evidence_request_execution.sql          │ ✅     │
├──────────────────────────────────────────────┼────────┤
│ 0023_app_body_cache_revision.sql             │ ✅     │
├──────────────────────────────────────────────┼────────┤
│ 0024_per_term_reset.sql                      │ 🕒️    │
├──────────────────────────────────────────────┼────────┤
│ 0025_selection_filter_cache.sql              │ 🕒️    │
└──────────────────────────────────────────────┴────────┘
🌀 Executing on local database android-recovery (android-recovery) from ../../cairn-android-worker.0CeUGG/.wrangler/state/v3/d1:
🌀 To execute on your remote database, add a --remote flag to your wrangler command.
🚣 12 commands executed successfully.
┌──────────────────────────────────────────────┬────────┐
│ name                                         │ status │
├──────────────────────────────────────────────┼────────┤
│ 0001_create_links.sql                        │ ✅     │
├──────────────────────────────────────────────┼────────┤
│ 0002_add_learned_state.sql                   │ ✅     │
├──────────────────────────────────────────────┼────────┤
│ 0003_add_cache_metadata.sql                  │ ✅     │
├──────────────────────────────────────────────┼────────┤
│ 0004_add_client_id.sql                       │ ✅     │
├──────────────────────────────────────────────┼────────┤
│ 0005_add_x_enrichment.sql                    │ ✅     │
├──────────────────────────────────────────────┼────────┤
│ 0006_add_rich_x_enrichment.sql               │ ✅     │
├──────────────────────────────────────────────┼────────┤
│ 0007_add_bookmark_curation.sql               │ ✅     │
├──────────────────────────────────────────────┼────────┤
│ 0008_invalidate_enriched_link_cache.sql      │ ✅     │
├──────────────────────────────────────────────┼────────┤
│ 0009_independent_classification.sql          │ ✅     │
├──────────────────────────────────────────────┼────────┤
│ 0010_authoritative_classification_target.sql │ ✅     │
├──────────────────────────────────────────────┼────────┤
│ 0011_replayable_domain.sql                   │ ✅     │
├──────────────────────────────────────────────┼────────┤
│ 0012_multidimensional_taxonomy.sql           │ ✅     │
├──────────────────────────────────────────────┼────────┤
│ 0013_decision_history.sql                    │ ✅     │
├──────────────────────────────────────────────┼────────┤
│ 0014_content_revision_guard.sql              │ ✅     │
├──────────────────────────────────────────────┼────────┤
│ 0015_entity_lifecycle.sql                    │ ✅     │
├──────────────────────────────────────────────┼────────┤
│ 0016_r2_input_identity.sql                   │ ✅     │
├──────────────────────────────────────────────┼────────┤
│ 0017_source_context_revision.sql             │ ✅     │
├──────────────────────────────────────────────┼────────┤
│ 0018_legacy_curation_origin.sql              │ ✅     │
├──────────────────────────────────────────────┼────────┤
│ 0019_entity_snapshot_identity.sql            │ ✅     │
├──────────────────────────────────────────────┼────────┤
│ 0020_run_provenance.sql                      │ ✅     │
├──────────────────────────────────────────────┼────────┤
│ 0021_decision_run_references.sql             │ ✅     │
├──────────────────────────────────────────────┼────────┤
│ 0022_evidence_request_execution.sql          │ ✅     │
├──────────────────────────────────────────────┼────────┤
│ 0023_app_body_cache_revision.sql             │ ✅     │
├──────────────────────────────────────────────┼────────┤
│ 0024_per_term_reset.sql                      │ ✅     │
├──────────────────────────────────────────────┼────────┤
│ 0025_selection_filter_cache.sql              │ 🕒️    │
└──────────────────────────────────────────────┴────────┘
🌀 Executing on local database android-recovery (android-recovery) from ../../cairn-android-worker.0CeUGG/.wrangler/state/v3/d1:
🌀 To execute on your remote database, add a --remote flag to your wrangler command.
🚣 3 commands executed successfully.
┌──────────────────────────────────────────────┬────────┐
│ name                                         │ status │
├──────────────────────────────────────────────┼────────┤
│ 0001_create_links.sql                        │ ✅     │
├──────────────────────────────────────────────┼────────┤
│ 0002_add_learned_state.sql                   │ ✅     │
├──────────────────────────────────────────────┼────────┤
│ 0003_add_cache_metadata.sql                  │ ✅     │
├──────────────────────────────────────────────┼────────┤
│ 0004_add_client_id.sql                       │ ✅     │
├──────────────────────────────────────────────┼────────┤
│ 0005_add_x_enrichment.sql                    │ ✅     │
├──────────────────────────────────────────────┼────────┤
│ 0006_add_rich_x_enrichment.sql               │ ✅     │
├──────────────────────────────────────────────┼────────┤
│ 0007_add_bookmark_curation.sql               │ ✅     │
├──────────────────────────────────────────────┼────────┤
│ 0008_invalidate_enriched_link_cache.sql      │ ✅     │
├──────────────────────────────────────────────┼────────┤
│ 0009_independent_classification.sql          │ ✅     │
├──────────────────────────────────────────────┼────────┤
│ 0010_authoritative_classification_target.sql │ ✅     │
├──────────────────────────────────────────────┼────────┤
│ 0011_replayable_domain.sql                   │ ✅     │
├──────────────────────────────────────────────┼────────┤
│ 0012_multidimensional_taxonomy.sql           │ ✅     │
├──────────────────────────────────────────────┼────────┤
│ 0013_decision_history.sql                    │ ✅     │
├──────────────────────────────────────────────┼────────┤
│ 0014_content_revision_guard.sql              │ ✅     │
├──────────────────────────────────────────────┼────────┤
│ 0015_entity_lifecycle.sql                    │ ✅     │
├──────────────────────────────────────────────┼────────┤
│ 0016_r2_input_identity.sql                   │ ✅     │
├──────────────────────────────────────────────┼────────┤
│ 0017_source_context_revision.sql             │ ✅     │
├──────────────────────────────────────────────┼────────┤
│ 0018_legacy_curation_origin.sql              │ ✅     │
├──────────────────────────────────────────────┼────────┤
│ 0019_entity_snapshot_identity.sql            │ ✅     │
├──────────────────────────────────────────────┼────────┤
│ 0020_run_provenance.sql                      │ ✅     │
├──────────────────────────────────────────────┼────────┤
│ 0021_decision_run_references.sql             │ ✅     │
├──────────────────────────────────────────────┼────────┤
│ 0022_evidence_request_execution.sql          │ ✅     │
├──────────────────────────────────────────────┼────────┤
│ 0023_app_body_cache_revision.sql             │ ✅     │
├──────────────────────────────────────────────┼────────┤
│ 0024_per_term_reset.sql                      │ ✅     │
├──────────────────────────────────────────────┼────────┤
│ 0025_selection_filter_cache.sql              │ ✅     │
└──────────────────────────────────────────────┴────────┘
