worker	Set up job	﻿2026-09-22T16:25:20.4829129Z Current runner version: '2.337.0'
worker	Set up job	2026-09-22T16:25:20.4857292Z ##[group]Runner Image Provisioner
worker	Set up job	2026-09-22T16:25:20.4858191Z Hosted Compute Agent
worker	Set up job	2026-09-22T16:25:20.4858903Z Version: 20260828.587
worker	Set up job	2026-09-22T16:25:20.4859550Z Commit: abac92662cab4cc7352de4f9f9d2e2419aad9c29
worker	Set up job	2026-09-22T16:25:20.4860266Z Build Date: 2026-08-28T16:44:25Z
worker	Set up job	2026-09-22T16:25:20.4861040Z Worker ID: {b56fc237-3d54-483d-b37f-3e24e0ec37ae}
worker	Set up job	2026-09-22T16:25:20.4861754Z Azure Region: westus
worker	Set up job	2026-09-22T16:25:20.4862374Z ##[endgroup]
worker	Set up job	2026-09-22T16:25:20.4864252Z ##[group]Operating System
worker	Set up job	2026-09-22T16:25:20.4864897Z Ubuntu
worker	Set up job	2026-09-22T16:25:20.4865511Z 24.04.5
worker	Set up job	2026-09-22T16:25:20.4866027Z LTS
worker	Set up job	2026-09-22T16:25:20.4866571Z ##[endgroup]
worker	Set up job	2026-09-22T16:25:20.4867172Z ##[group]Runner Image
worker	Set up job	2026-09-22T16:25:20.4867777Z Image: ubuntu-24.04
worker	Set up job	2026-09-22T16:25:20.4868393Z Version: 20260907.300.1
worker	Set up job	2026-09-22T16:25:20.4869461Z Included Software: https://github.com/actions/runner-images/blob/ubuntu24/20260907.300/images/ubuntu/Ubuntu2404-Readme.md
worker	Set up job	2026-09-22T16:25:20.4871290Z Image Release: https://github.com/actions/runner-images/releases/tag/ubuntu24%2F20260907.300
worker	Set up job	2026-09-22T16:25:20.4872254Z ##[endgroup]
worker	Set up job	2026-09-22T16:25:20.4873647Z ##[group]GITHUB_TOKEN Permissions
worker	Set up job	2026-09-22T16:25:20.4875558Z Contents: read
worker	Set up job	2026-09-22T16:25:20.4876317Z Metadata: read
worker	Set up job	2026-09-22T16:25:20.4876919Z ##[endgroup]
worker	Set up job	2026-09-22T16:25:20.4879095Z Secret source: Actions
worker	Set up job	2026-09-22T16:25:20.4880040Z Cache mode: write
worker	Set up job	2026-09-22T16:25:20.4880784Z Prepare workflow directory
worker	Set up job	2026-09-22T16:25:20.5298894Z Prepare all required actions
worker	Set up job	2026-09-22T16:25:20.5348905Z Getting action download info
worker	Set up job	2026-09-22T16:25:20.8919955Z Download action repository 'actions/checkout@3d3c42e5aac5ba805825da76410c181273ba90b1' (SHA:3d3c42e5aac5ba805825da76410c181273ba90b1)
worker	Set up job	2026-09-22T16:25:21.0053170Z Download action repository 'actions/setup-node@820762786026740c76f36085b0efc47a31fe5020' (SHA:820762786026740c76f36085b0efc47a31fe5020)
worker	Set up job	2026-09-22T16:25:21.1947016Z Complete job name: worker
worker	Checkout	﻿2026-09-22T16:25:21.2822243Z ##[group]Run actions/checkout@3d3c42e5aac5ba805825da76410c181273ba90b1
worker	Checkout	2026-09-22T16:25:21.2823595Z with:
worker	Checkout	2026-09-22T16:25:21.2824101Z   repository: Alpenl/cairn-share
worker	Checkout	2026-09-22T16:25:21.2827840Z   token: ***
worker	Checkout	2026-09-22T16:25:21.2828286Z   ssh-strict: true
worker	Checkout	2026-09-22T16:25:21.2828734Z   ssh-user: git
worker	Checkout	2026-09-22T16:25:21.2829189Z   persist-credentials: true
worker	Checkout	2026-09-22T16:25:21.2829678Z   clean: true
worker	Checkout	2026-09-22T16:25:21.2830126Z   sparse-checkout-cone-mode: true
worker	Checkout	2026-09-22T16:25:21.2830643Z   fetch-depth: 1
worker	Checkout	2026-09-22T16:25:21.2831067Z   fetch-tags: false
worker	Checkout	2026-09-22T16:25:21.2831509Z   show-progress: true
worker	Checkout	2026-09-22T16:25:21.2831954Z   lfs: false
worker	Checkout	2026-09-22T16:25:21.2832360Z   submodules: false
worker	Checkout	2026-09-22T16:25:21.2832803Z   set-safe-directory: true
worker	Checkout	2026-09-22T16:25:21.2833308Z   allow-unsafe-pr-checkout: false
worker	Checkout	2026-09-22T16:25:21.2834398Z ##[endgroup]
worker	Checkout	2026-09-22T16:25:21.3977995Z Syncing repository: Alpenl/cairn-share
worker	Checkout	2026-09-22T16:25:21.3980527Z ##[group]Getting Git version info
worker	Checkout	2026-09-22T16:25:21.3982179Z Working directory is '/home/runner/work/cairn-share/cairn-share'
worker	Checkout	2026-09-22T16:25:21.3984282Z [command]/usr/bin/git version
worker	Checkout	2026-09-22T16:25:21.4079630Z git version 2.55.0
worker	Checkout	2026-09-22T16:25:21.4108550Z ##[endgroup]
worker	Checkout	2026-09-22T16:25:21.4132893Z Temporarily overriding HOME='/home/runner/work/_temp/14b6ced5-089d-4806-b1e1-5776c7b189c8' before making global git config changes
worker	Checkout	2026-09-22T16:25:21.4136108Z Adding repository directory to the temporary git global config as a safe directory
worker	Checkout	2026-09-22T16:25:21.4144889Z [command]/usr/bin/git config --global --add safe.directory /home/runner/work/cairn-share/cairn-share
worker	Checkout	2026-09-22T16:25:21.4205294Z Deleting the contents of '/home/runner/work/cairn-share/cairn-share'
worker	Checkout	2026-09-22T16:25:21.4210291Z ##[group]Determining repository object format
worker	Checkout	2026-09-22T16:25:21.4212160Z ##[endgroup]
worker	Checkout	2026-09-22T16:25:21.4212936Z ##[group]Initializing the repository
worker	Checkout	2026-09-22T16:25:21.4219231Z [command]/usr/bin/git init /home/runner/work/cairn-share/cairn-share
worker	Checkout	2026-09-22T16:25:21.4354696Z hint: Using 'master' as the name for the initial branch. This default branch name
worker	Checkout	2026-09-22T16:25:21.4356625Z hint: will change to "main" in Git 3.0. To configure the initial branch name
worker	Checkout	2026-09-22T16:25:21.4358127Z hint: to use in all of your new repositories, which will suppress this warning,
worker	Checkout	2026-09-22T16:25:21.4359320Z hint: call:
worker	Checkout	2026-09-22T16:25:21.4360023Z hint:
worker	Checkout	2026-09-22T16:25:21.4360913Z hint: 	git config --global init.defaultBranch <name>
worker	Checkout	2026-09-22T16:25:21.4361971Z hint:
worker	Checkout	2026-09-22T16:25:21.4362928Z hint: Names commonly chosen instead of 'master' are 'main', 'trunk' and
worker	Checkout	2026-09-22T16:25:21.4373167Z hint: 'development'. The just-created branch can be renamed via this command:
worker	Checkout	2026-09-22T16:25:21.4378890Z hint:
worker	Checkout	2026-09-22T16:25:21.4379720Z hint: 	git branch -m <name>
worker	Checkout	2026-09-22T16:25:21.4380700Z hint:
worker	Checkout	2026-09-22T16:25:21.4381773Z hint: Disable this message with "git config set advice.defaultBranchName false"
worker	Checkout	2026-09-22T16:25:21.4392378Z Initialized empty Git repository in /home/runner/work/cairn-share/cairn-share/.git/
worker	Checkout	2026-09-22T16:25:21.4399652Z [command]/usr/bin/git remote add origin https://github.com/Alpenl/cairn-share
worker	Checkout	2026-09-22T16:25:21.4434423Z ##[endgroup]
worker	Checkout	2026-09-22T16:25:21.4435737Z ##[group]Disabling automatic garbage collection
worker	Checkout	2026-09-22T16:25:21.4439358Z [command]/usr/bin/git config --local gc.auto 0
worker	Checkout	2026-09-22T16:25:21.4514806Z ##[endgroup]
worker	Checkout	2026-09-22T16:25:21.4517020Z ##[group]Setting up auth
worker	Checkout	2026-09-22T16:25:21.4522767Z Removing SSH command configuration
worker	Checkout	2026-09-22T16:25:21.4531116Z [command]/usr/bin/git config --local --name-only --get-regexp core\.sshCommand
worker	Checkout	2026-09-22T16:25:21.4550525Z [command]/usr/bin/git submodule foreach --recursive sh -c "git config --local --name-only --get-regexp 'core\.sshCommand' && git config --local --unset-all 'core.sshCommand' || :"
worker	Checkout	2026-09-22T16:25:21.5038355Z Removing HTTP extra header
worker	Checkout	2026-09-22T16:25:21.5045033Z [command]/usr/bin/git config --local --name-only --get-regexp http\.https\:\/\/github\.com\/\.extraheader
worker	Checkout	2026-09-22T16:25:21.5088365Z [command]/usr/bin/git submodule foreach --recursive sh -c "git config --local --name-only --get-regexp 'http\.https\:\/\/github\.com\/\.extraheader' && git config --local --unset-all 'http.https://github.com/.extraheader' || :"
worker	Checkout	2026-09-22T16:25:21.5351964Z Removing includeIf entries pointing to credentials config files
worker	Checkout	2026-09-22T16:25:21.5357921Z [command]/usr/bin/git config --local --name-only --get-regexp ^includeIf\.gitdir:
worker	Checkout	2026-09-22T16:25:21.5395977Z [command]/usr/bin/git submodule foreach --recursive git config --local --show-origin --name-only --get-regexp remote.origin.url
worker	Checkout	2026-09-22T16:25:21.5670741Z [command]/usr/bin/git config --file /home/runner/work/_temp/git-credentials-2e745453-8b76-415a-96f8-8b411875fea1.config http.https://github.com/.extraheader AUTHORIZATION: basic ***
worker	Checkout	2026-09-22T16:25:21.5708386Z [command]/usr/bin/git config --local includeIf.gitdir:/home/runner/work/cairn-share/cairn-share/.git.path /home/runner/work/_temp/git-credentials-2e745453-8b76-415a-96f8-8b411875fea1.config
worker	Checkout	2026-09-22T16:25:21.5747307Z [command]/usr/bin/git config --local includeIf.gitdir:/home/runner/work/cairn-share/cairn-share/.git/worktrees/*.path /home/runner/work/_temp/git-credentials-2e745453-8b76-415a-96f8-8b411875fea1.config
worker	Checkout	2026-09-22T16:25:21.5792753Z [command]/usr/bin/git config --local includeIf.gitdir:/github/workspace/.git.path /github/runner_temp/git-credentials-2e745453-8b76-415a-96f8-8b411875fea1.config
worker	Checkout	2026-09-22T16:25:21.5837431Z [command]/usr/bin/git config --local includeIf.gitdir:/github/workspace/.git/worktrees/*.path /github/runner_temp/git-credentials-2e745453-8b76-415a-96f8-8b411875fea1.config
worker	Checkout	2026-09-22T16:25:21.5874765Z ##[endgroup]
worker	Checkout	2026-09-22T16:25:21.5875651Z ##[group]Fetching the repository
worker	Checkout	2026-09-22T16:25:21.5885900Z [command]/usr/bin/git -c protocol.version=2 fetch --no-tags --prune --no-recurse-submodules --depth=1 origin +8409b201bbe158231d4628316754d84ebe799f7f:refs/remotes/pull/32/merge
worker	Checkout	2026-09-22T16:25:22.2000187Z From https://github.com/Alpenl/cairn-share
worker	Checkout	2026-09-22T16:25:22.2001646Z  * [new ref]         8409b201bbe158231d4628316754d84ebe799f7f -> pull/32/merge
worker	Checkout	2026-09-22T16:25:22.2005132Z ##[endgroup]
worker	Checkout	2026-09-22T16:25:22.2006062Z ##[group]Determining the checkout info
worker	Checkout	2026-09-22T16:25:22.2007232Z ##[endgroup]
worker	Checkout	2026-09-22T16:25:22.2012433Z [command]/usr/bin/git sparse-checkout disable
worker	Checkout	2026-09-22T16:25:22.2069806Z [command]/usr/bin/git config --local --unset-all extensions.worktreeConfig
worker	Checkout	2026-09-22T16:25:22.2106015Z ##[group]Checking out the ref
worker	Checkout	2026-09-22T16:25:22.2110723Z [command]/usr/bin/git checkout --progress --force refs/remotes/pull/32/merge
worker	Checkout	2026-09-22T16:25:22.2346556Z Note: switching to 'refs/remotes/pull/32/merge'.
worker	Checkout	2026-09-22T16:25:22.2347732Z 
worker	Checkout	2026-09-22T16:25:22.2348475Z You are in 'detached HEAD' state. You can look around, make experimental
worker	Checkout	2026-09-22T16:25:22.2350614Z changes and commit them, and you can discard any commits you make in this
worker	Checkout	2026-09-22T16:25:22.2352296Z state without impacting any branches by switching back to a branch.
worker	Checkout	2026-09-22T16:25:22.2353613Z 
worker	Checkout	2026-09-22T16:25:22.2354373Z If you want to create a new branch to retain commits you create, you may
worker	Checkout	2026-09-22T16:25:22.2356223Z do so (now or later) by using -c with the switch command. Example:
worker	Checkout	2026-09-22T16:25:22.2357368Z 
worker	Checkout	2026-09-22T16:25:22.2357844Z   git switch -c <new-branch-name>
worker	Checkout	2026-09-22T16:25:22.2358500Z 
worker	Checkout	2026-09-22T16:25:22.2358884Z Or undo this operation with:
worker	Checkout	2026-09-22T16:25:22.2359494Z 
worker	Checkout	2026-09-22T16:25:22.2360052Z   git switch -
worker	Checkout	2026-09-22T16:25:22.2360831Z 
worker	Checkout	2026-09-22T16:25:22.2370239Z Turn off this advice by setting config variable advice.detachedHead to false
worker	Checkout	2026-09-22T16:25:22.2372075Z 
worker	Checkout	2026-09-22T16:25:22.2373912Z HEAD is now at 8409b20 Merge aad7d0a4213da207af8ac043961b73c77edb708c into 5cf3b0d45c8fbae07d0fb5be1772e7d747c69b4b
worker	Checkout	2026-09-22T16:25:22.2378369Z ##[endgroup]
worker	Checkout	2026-09-22T16:25:22.2428333Z [command]/usr/bin/git log -1 --format=%H
worker	Checkout	2026-09-22T16:25:22.2461261Z 8409b201bbe158231d4628316754d84ebe799f7f
worker	Setup Node	﻿2026-09-22T16:25:22.2887595Z ##[group]Run actions/setup-node@820762786026740c76f36085b0efc47a31fe5020
worker	Setup Node	2026-09-22T16:25:22.2888929Z with:
worker	Setup Node	2026-09-22T16:25:22.2889451Z   node-version: 22
worker	Setup Node	2026-09-22T16:25:22.2890013Z   cache: npm
worker	Setup Node	2026-09-22T16:25:22.2890710Z   cache-dependency-path: worker/package-lock.json
worker	Setup Node	2026-09-22T16:25:22.2891706Z   check-latest: false
worker	Setup Node	2026-09-22T16:25:22.2900853Z   token: ***
worker	Setup Node	2026-09-22T16:25:22.2901470Z   package-manager-cache: true
worker	Setup Node	2026-09-22T16:25:22.2902186Z ##[endgroup]
worker	Setup Node	2026-09-22T16:25:22.4264929Z Found in cache @ /opt/hostedtoolcache/node/22.23.2/x64
worker	Setup Node	2026-09-22T16:25:22.4268174Z ##[group]Environment details
worker	Setup Node	2026-09-22T16:25:22.8296376Z node: v22.23.2
worker	Setup Node	2026-09-22T16:25:22.8297734Z npm: 10.9.8
worker	Setup Node	2026-09-22T16:25:22.8298835Z yarn: 1.22.22
worker	Setup Node	2026-09-22T16:25:22.8301430Z ##[endgroup]
worker	Setup Node	2026-09-22T16:25:22.8322188Z [command]/opt/hostedtoolcache/node/22.23.2/x64/bin/npm config get cache
worker	Setup Node	2026-09-22T16:25:22.9471343Z /home/runner/.npm
worker	Setup Node	2026-09-22T16:25:23.2259714Z Cache hit for: node-cache-Linux-x64-npm-e4c49f4fe79b89c46c6fc5d7557fa535c5678a8f04846985353e784588ddb863
worker	Setup Node	2026-09-22T16:25:24.5235910Z Received 0 of 109431488 (0.0%), 0.0 MBs/sec
worker	Setup Node	2026-09-22T16:25:25.5275090Z Received 100663296 of 109431488 (92.0%), 48.0 MBs/sec
worker	Setup Node	2026-09-22T16:25:25.7465741Z Received 109431488 of 109431488 (100.0%), 46.9 MBs/sec
worker	Setup Node	2026-09-22T16:25:25.7470974Z Cache Size: ~104 MB (109431488 B)
worker	Setup Node	2026-09-22T16:25:25.7582433Z [command]/usr/bin/tar -xf /home/runner/work/_temp/55f76e94-aae7-47a8-b21d-55bc5764c277/cache.tzst -P -C /home/runner/work/cairn-share/cairn-share --use-compress-program unzstd
worker	Setup Node	2026-09-22T16:25:25.9099013Z Cache restored successfully
worker	Setup Node	2026-09-22T16:25:25.9185002Z Cache restored from key: node-cache-Linux-x64-npm-e4c49f4fe79b89c46c6fc5d7557fa535c5678a8f04846985353e784588ddb863
worker	Install dependencies	﻿2026-09-22T16:25:25.9349878Z ##[group]Run npm ci
worker	Install dependencies	2026-09-22T16:25:25.9350296Z ^[[36;1mnpm ci^[[0m
worker	Install dependencies	2026-09-22T16:25:25.9399346Z shell: /usr/bin/bash -e {0}
worker	Install dependencies	2026-09-22T16:25:25.9399671Z ##[endgroup]
worker	Install dependencies	2026-09-22T16:25:32.6764933Z 
worker	Install dependencies	2026-09-22T16:25:32.6774761Z added 90 packages, and audited 91 packages in 7s
worker	Install dependencies	2026-09-22T16:25:32.6775738Z 
worker	Install dependencies	2026-09-22T16:25:32.6776102Z 28 packages are looking for funding
worker	Install dependencies	2026-09-22T16:25:32.6776713Z   run `npm fund` for details
worker	Install dependencies	2026-09-22T16:25:32.7264366Z 
worker	Install dependencies	2026-09-22T16:25:32.7265417Z 4 high severity vulnerabilities
worker	Install dependencies	2026-09-22T16:25:32.7265938Z 
worker	Install dependencies	2026-09-22T16:25:32.7266245Z To address all issues, run:
worker	Install dependencies	2026-09-22T16:25:32.7266670Z   npm audit fix --force
worker	Install dependencies	2026-09-22T16:25:32.7266885Z 
worker	Install dependencies	2026-09-22T16:25:32.7267094Z Run `npm audit` for details.
worker	Typecheck	﻿2026-09-22T16:25:32.8045705Z ##[group]Run npm run typecheck
worker	Typecheck	2026-09-22T16:25:32.8046076Z ^[[36;1mnpm run typecheck^[[0m
worker	Typecheck	2026-09-22T16:25:32.8086043Z shell: /usr/bin/bash -e {0}
worker	Typecheck	2026-09-22T16:25:32.8086360Z ##[endgroup]
worker	Typecheck	2026-09-22T16:25:32.9162916Z 
worker	Typecheck	2026-09-22T16:25:32.9163917Z > typecheck
worker	Typecheck	2026-09-22T16:25:32.9164455Z > tsc --noEmit
worker	Typecheck	2026-09-22T16:25:32.9164734Z 
worker	Test	﻿2026-09-22T16:25:36.4269345Z ##[group]Run npm test
worker	Test	2026-09-22T16:25:36.4269645Z ^[[36;1mnpm test^[[0m
worker	Test	2026-09-22T16:25:36.4307140Z shell: /usr/bin/bash -e {0}
worker	Test	2026-09-22T16:25:36.4307427Z ##[endgroup]
worker	Test	2026-09-22T16:25:36.5398789Z 
worker	Test	2026-09-22T16:25:36.5399397Z > test
worker	Test	2026-09-22T16:25:36.5399816Z > vitest run
worker	Test	2026-09-22T16:25:36.5399985Z 
worker	Test	2026-09-22T16:25:38.4521582Z 
worker	Test	2026-09-22T16:25:38.4526354Z ^[[1m^[[30m^[[46m RUN ^[[49m^[[39m^[[22m ^[[36mv4.1.11 ^[[39m^[[90m/home/runner/work/cairn-share/cairn-share/worker^[[39m
worker	Test	2026-09-22T16:25:38.4526950Z 
worker	Test	2026-09-22T16:25:42.8957057Z  ^[[32m✓^[[39m test/classification.test.ts ^[[2m(^[[22m^[[2m17 tests^[[22m^[[2m)^[[22m^[[33m 2677^[[2mms^[[22m^[[39m
worker	Test	2026-09-22T16:25:44.1032701Z  ^[[32m✓^[[39m test/index.test.ts ^[[2m(^[[22m^[[2m31 tests^[[22m^[[2m)^[[22m^[[33m 3882^[[2mms^[[22m^[[39m
worker	Test	2026-09-22T16:25:45.2692471Z exception = workerd/api/unsafe.c++:229: failed: jsg.Error: Application called deleteAllDurableObjects().
worker	Test	2026-09-22T16:25:45.2705065Z stack: /home/runner/work/cairn-share/cairn-share/worker/node_modules/@cloudflare/workerd-linux-64/bin/workerd@376c0d0 /home/runner/work/cairn-share/cairn-share/worker/node_modules/@cloudflare/workerd-linux-64/bin/workerd@23ba480 /home/runner/work/cairn-share/cairn-share/worker/node_modules/@cloudflare/workerd-linux-64/bin/workerd@579605a /home/runner/work/cairn-share/cairn-share/worker/node_modules/@cloudflare/workerd-linux-64/bin/workerd@5934588 /home/runner/work/cairn-share/cairn-share/worker/node_modules/@cloudflare/workerd-linux-64/bin/workerd@57957c0 /home/runner/work/cairn-share/cairn-share/worker/node_modules/@cloudflare/workerd-linux-64/bin/workerd@34c54e0 /home/runner/work/cairn-share/cairn-share/worker/node_modules/@cloudflare/workerd-linux-64/bin/workerd@34c5a00 /home/runner/work/cairn-share/cairn-share/worker/node_modules/@cloudflare/workerd-linux-64/bin/workerd@3359440 /home/runner/work/cairn-share/cairn-share/worker/node_modules/@cloudflare/workerd-linux-64/bin/workerd@33597f6 /home/runner/work/cairn-share/cairn-share/worker/node_modules/@cloudflare/workerd-linux-64/bin/workerd@5934588 /home/runner/work/cairn-share/cairn-share/worker/node_modules/@cloudflare/workerd-linux-64/bin/workerd@30c87cb /home/runner/work/cairn-share/cairn-share/worker/node_modules/@cloudflare/workerd-linux-64/bin/workerd@30c8c94
worker	Test	2026-09-22T16:25:45.2726291Z exception = workerd/api/unsafe.c++:229: failed: jsg.Error: Application called deleteAllDurableObjects().
worker	Test	2026-09-22T16:25:45.2748786Z stack: /home/runner/work/cairn-share/cairn-share/worker/node_modules/@cloudflare/workerd-linux-64/bin/workerd@376c0d0 /home/runner/work/cairn-share/cairn-share/worker/node_modules/@cloudflare/workerd-linux-64/bin/workerd@23ba480 /home/runner/work/cairn-share/cairn-share/worker/node_modules/@cloudflare/workerd-linux-64/bin/workerd@579605a /home/runner/work/cairn-share/cairn-share/worker/node_modules/@cloudflare/workerd-linux-64/bin/workerd@5934588 /home/runner/work/cairn-share/cairn-share/worker/node_modules/@cloudflare/workerd-linux-64/bin/workerd@57957c0 /home/runner/work/cairn-share/cairn-share/worker/node_modules/@cloudflare/workerd-linux-64/bin/workerd@34c54e0 /home/runner/work/cairn-share/cairn-share/worker/node_modules/@cloudflare/workerd-linux-64/bin/workerd@34c5a00 /home/runner/work/cairn-share/cairn-share/worker/node_modules/@cloudflare/workerd-linux-64/bin/workerd@3359440 /home/runner/work/cairn-share/cairn-share/worker/node_modules/@cloudflare/workerd-linux-64/bin/workerd@33597f6 /home/runner/work/cairn-share/cairn-share/worker/node_modules/@cloudflare/workerd-linux-64/bin/workerd@5934588 /home/runner/work/cairn-share/cairn-share/worker/node_modules/@cloudflare/workerd-linux-64/bin/workerd@30c87cb /home/runner/work/cairn-share/cairn-share/worker/node_modules/@cloudflare/workerd-linux-64/bin/workerd@30c8c94
worker	Test	2026-09-22T16:25:45.8445407Z exception = workerd/api/unsafe.c++:229: failed: jsg.Error: Application called deleteAllDurableObjects().
worker	Test	2026-09-22T16:25:45.8456154Z stack: /home/runner/work/cairn-share/cairn-share/worker/node_modules/@cloudflare/workerd-linux-64/bin/workerd@376c0d0 /home/runner/work/cairn-share/cairn-share/worker/node_modules/@cloudflare/workerd-linux-64/bin/workerd@23ba480 /home/runner/work/cairn-share/cairn-share/worker/node_modules/@cloudflare/workerd-linux-64/bin/workerd@579605a /home/runner/work/cairn-share/cairn-share/worker/node_modules/@cloudflare/workerd-linux-64/bin/workerd@5934588 /home/runner/work/cairn-share/cairn-share/worker/node_modules/@cloudflare/workerd-linux-64/bin/workerd@57957c0 /home/runner/work/cairn-share/cairn-share/worker/node_modules/@cloudflare/workerd-linux-64/bin/workerd@34c54e0 /home/runner/work/cairn-share/cairn-share/worker/node_modules/@cloudflare/workerd-linux-64/bin/workerd@34c5a00 /home/runner/work/cairn-share/cairn-share/worker/node_modules/@cloudflare/workerd-linux-64/bin/workerd@3359440 /home/runner/work/cairn-share/cairn-share/worker/node_modules/@cloudflare/workerd-linux-64/bin/workerd@33597f6 /home/runner/work/cairn-share/cairn-share/worker/node_modules/@cloudflare/workerd-linux-64/bin/workerd@5934588 /home/runner/work/cairn-share/cairn-share/worker/node_modules/@cloudflare/workerd-linux-64/bin/workerd@30c87cb /home/runner/work/cairn-share/cairn-share/worker/node_modules/@cloudflare/workerd-linux-64/bin/workerd@30c8c94
worker	Test	2026-09-22T16:25:45.8467695Z exception = workerd/api/unsafe.c++:229: failed: jsg.Error: Application called deleteAllDurableObjects().
worker	Test	2026-09-22T16:25:45.8479509Z stack: /home/runner/work/cairn-share/cairn-share/worker/node_modules/@cloudflare/workerd-linux-64/bin/workerd@376c0d0 /home/runner/work/cairn-share/cairn-share/worker/node_modules/@cloudflare/workerd-linux-64/bin/workerd@23ba480 /home/runner/work/cairn-share/cairn-share/worker/node_modules/@cloudflare/workerd-linux-64/bin/workerd@579605a /home/runner/work/cairn-share/cairn-share/worker/node_modules/@cloudflare/workerd-linux-64/bin/workerd@5934588 /home/runner/work/cairn-share/cairn-share/worker/node_modules/@cloudflare/workerd-linux-64/bin/workerd@57957c0 /home/runner/work/cairn-share/cairn-share/worker/node_modules/@cloudflare/workerd-linux-64/bin/workerd@34c54e0 /home/runner/work/cairn-share/cairn-share/worker/node_modules/@cloudflare/workerd-linux-64/bin/workerd@34c5a00 /home/runner/work/cairn-share/cairn-share/worker/node_modules/@cloudflare/workerd-linux-64/bin/workerd@3359440 /home/runner/work/cairn-share/cairn-share/worker/node_modules/@cloudflare/workerd-linux-64/bin/workerd@33597f6 /home/runner/work/cairn-share/cairn-share/worker/node_modules/@cloudflare/workerd-linux-64/bin/workerd@5934588 /home/runner/work/cairn-share/cairn-share/worker/node_modules/@cloudflare/workerd-linux-64/bin/workerd@30c87cb /home/runner/work/cairn-share/cairn-share/worker/node_modules/@cloudflare/workerd-linux-64/bin/workerd@30c8c94
worker	Test	2026-09-22T16:25:46.3408524Z  ^[[32m✓^[[39m test/domain.test.ts ^[[2m(^[[22m^[[2m41 tests^[[22m^[[2m)^[[22m^[[33m 6096^[[2mms^[[22m^[[39m
worker	Test	2026-09-22T16:25:46.3410816Z    ^[[33m^[[2m✓^[[22m^[[39m B07: keeps stored policy outcomes distinct from empty, unknown and human origin ^[[33m 305^[[2mms^[[22m^[[39m
worker	Test	2026-09-22T16:25:46.8104330Z  ^[[32m✓^[[39m test/app-enrichment.test.ts ^[[2m(^[[22m^[[2m10 tests^[[22m^[[2m)^[[22m^[[33m 1727^[[2mms^[[22m^[[39m
worker	Test	2026-09-22T16:25:46.8239920Z  ^[[32m✓^[[39m test/decision-atomicity.test.ts ^[[2m(^[[22m^[[2m18 tests^[[22m^[[2m)^[[22m^[[33m 3100^[[2mms^[[22m^[[39m
worker	Test	2026-09-22T16:25:49.4123609Z  ^[[32m✓^[[39m test/evidence-execution.test.ts ^[[2m(^[[22m^[[2m11 tests^[[22m^[[2m)^[[22m^[[33m 1816^[[2mms^[[22m^[[39m
worker	Test	2026-09-22T16:25:50.3712373Z exception = workerd/api/unsafe.c++:229: failed: jsg.Error: Application called deleteAllDurableObjects().
worker	Test	2026-09-22T16:25:50.3739425Z stack: /home/runner/work/cairn-share/cairn-share/worker/node_modules/@cloudflare/workerd-linux-64/bin/workerd@376c0d0 /home/runner/work/cairn-share/cairn-share/worker/node_modules/@cloudflare/workerd-linux-64/bin/workerd@23ba480 /home/runner/work/cairn-share/cairn-share/worker/node_modules/@cloudflare/workerd-linux-64/bin/workerd@579605a /home/runner/work/cairn-share/cairn-share/worker/node_modules/@cloudflare/workerd-linux-64/bin/workerd@5934588 /home/runner/work/cairn-share/cairn-share/worker/node_modules/@cloudflare/workerd-linux-64/bin/workerd@57957c0 /home/runner/work/cairn-share/cairn-share/worker/node_modules/@cloudflare/workerd-linux-64/bin/workerd@34c54e0 /home/runner/work/cairn-share/cairn-share/worker/node_modules/@cloudflare/workerd-linux-64/bin/workerd@34c5a00 /home/runner/work/cairn-share/cairn-share/worker/node_modules/@cloudflare/workerd-linux-64/bin/workerd@3359440 /home/runner/work/cairn-share/cairn-share/worker/node_modules/@cloudflare/workerd-linux-64/bin/workerd@33597f6 /home/runner/work/cairn-share/cairn-share/worker/node_modules/@cloudflare/workerd-linux-64/bin/workerd@5934588 /home/runner/work/cairn-share/cairn-share/worker/node_modules/@cloudflare/workerd-linux-64/bin/workerd@30c87cb /home/runner/work/cairn-share/cairn-share/worker/node_modules/@cloudflare/workerd-linux-64/bin/workerd@30c8c94
worker	Test	2026-09-22T16:25:50.3758622Z exception = workerd/api/unsafe.c++:229: failed: jsg.Error: Application called deleteAllDurableObjects().
worker	Test	2026-09-22T16:25:50.3771287Z stack: /home/runner/work/cairn-share/cairn-share/worker/node_modules/@cloudflare/workerd-linux-64/bin/workerd@376c0d0 /home/runner/work/cairn-share/cairn-share/worker/node_modules/@cloudflare/workerd-linux-64/bin/workerd@23ba480 /home/runner/work/cairn-share/cairn-share/worker/node_modules/@cloudflare/workerd-linux-64/bin/workerd@579605a /home/runner/work/cairn-share/cairn-share/worker/node_modules/@cloudflare/workerd-linux-64/bin/workerd@5934588 /home/runner/work/cairn-share/cairn-share/worker/node_modules/@cloudflare/workerd-linux-64/bin/workerd@57957c0 /home/runner/work/cairn-share/cairn-share/worker/node_modules/@cloudflare/workerd-linux-64/bin/workerd@34c54e0 /home/runner/work/cairn-share/cairn-share/worker/node_modules/@cloudflare/workerd-linux-64/bin/workerd@34c5a00 /home/runner/work/cairn-share/cairn-share/worker/node_modules/@cloudflare/workerd-linux-64/bin/workerd@3359440 /home/runner/work/cairn-share/cairn-share/worker/node_modules/@cloudflare/workerd-linux-64/bin/workerd@33597f6 /home/runner/work/cairn-share/cairn-share/worker/node_modules/@cloudflare/workerd-linux-64/bin/workerd@5934588 /home/runner/work/cairn-share/cairn-share/worker/node_modules/@cloudflare/workerd-linux-64/bin/workerd@30c87cb /home/runner/work/cairn-share/cairn-share/worker/node_modules/@cloudflare/workerd-linux-64/bin/workerd@30c8c94
worker	Test	2026-09-22T16:25:50.3781452Z exception = workerd/api/unsafe.c++:229: failed: jsg.Error: Application called deleteAllDurableObjects().
worker	Test	2026-09-22T16:25:50.3790386Z stack: /home/runner/work/cairn-share/cairn-share/worker/node_modules/@cloudflare/workerd-linux-64/bin/workerd@376c0d0 /home/runner/work/cairn-share/cairn-share/worker/node_modules/@cloudflare/workerd-linux-64/bin/workerd@23ba480 /home/runner/work/cairn-share/cairn-share/worker/node_modules/@cloudflare/workerd-linux-64/bin/workerd@579605a /home/runner/work/cairn-share/cairn-share/worker/node_modules/@cloudflare/workerd-linux-64/bin/workerd@5934588 /home/runner/work/cairn-share/cairn-share/worker/node_modules/@cloudflare/workerd-linux-64/bin/workerd@57957c0 /home/runner/work/cairn-share/cairn-share/worker/node_modules/@cloudflare/workerd-linux-64/bin/workerd@34c54e0 /home/runner/work/cairn-share/cairn-share/worker/node_modules/@cloudflare/workerd-linux-64/bin/workerd@34c5a00 /home/runner/work/cairn-share/cairn-share/worker/node_modules/@cloudflare/workerd-linux-64/bin/workerd@3359440 /home/runner/work/cairn-share/cairn-share/worker/node_modules/@cloudflare/workerd-linux-64/bin/workerd@33597f6 /home/runner/work/cairn-share/cairn-share/worker/node_modules/@cloudflare/workerd-linux-64/bin/workerd@5934588 /home/runner/work/cairn-share/cairn-share/worker/node_modules/@cloudflare/workerd-linux-64/bin/workerd@30c87cb /home/runner/work/cairn-share/cairn-share/worker/node_modules/@cloudflare/workerd-linux-64/bin/workerd@30c8c94
worker	Test	2026-09-22T16:25:50.3800916Z exception = workerd/api/unsafe.c++:229: failed: jsg.Error: Application called deleteAllDurableObjects().
worker	Test	2026-09-22T16:25:50.3811597Z stack: /home/runner/work/cairn-share/cairn-share/worker/node_modules/@cloudflare/workerd-linux-64/bin/workerd@376c0d0 /home/runner/work/cairn-share/cairn-share/worker/node_modules/@cloudflare/workerd-linux-64/bin/workerd@23ba480 /home/runner/work/cairn-share/cairn-share/worker/node_modules/@cloudflare/workerd-linux-64/bin/workerd@579605a /home/runner/work/cairn-share/cairn-share/worker/node_modules/@cloudflare/workerd-linux-64/bin/workerd@5934588 /home/runner/work/cairn-share/cairn-share/worker/node_modules/@cloudflare/workerd-linux-64/bin/workerd@57957c0 /home/runner/work/cairn-share/cairn-share/worker/node_modules/@cloudflare/workerd-linux-64/bin/workerd@34c54e0 /home/runner/work/cairn-share/cairn-share/worker/node_modules/@cloudflare/workerd-linux-64/bin/workerd@34c5a00 /home/runner/work/cairn-share/cairn-share/worker/node_modules/@cloudflare/workerd-linux-64/bin/workerd@3359440 /home/runner/work/cairn-share/cairn-share/worker/node_modules/@cloudflare/workerd-linux-64/bin/workerd@33597f6 /home/runner/work/cairn-share/cairn-share/worker/node_modules/@cloudflare/workerd-linux-64/bin/workerd@5934588 /home/runner/work/cairn-share/cairn-share/worker/node_modules/@cloudflare/workerd-linux-64/bin/workerd@30c87cb /home/runner/work/cairn-share/cairn-share/worker/node_modules/@cloudflare/workerd-linux-64/bin/workerd@30c8c94
worker	Test	2026-09-22T16:25:50.3820122Z exception = workerd/api/unsafe.c++:229: failed: jsg.Error: Application called deleteAllDurableObjects().
worker	Test	2026-09-22T16:25:50.3832701Z stack: /home/runner/work/cairn-share/cairn-share/worker/node_modules/@cloudflare/workerd-linux-64/bin/workerd@376c0d0 /home/runner/work/cairn-share/cairn-share/worker/node_modules/@cloudflare/workerd-linux-64/bin/workerd@23ba480 /home/runner/work/cairn-share/cairn-share/worker/node_modules/@cloudflare/workerd-linux-64/bin/workerd@579605a /home/runner/work/cairn-share/cairn-share/worker/node_modules/@cloudflare/workerd-linux-64/bin/workerd@5934588 /home/runner/work/cairn-share/cairn-share/worker/node_modules/@cloudflare/workerd-linux-64/bin/workerd@57957c0 /home/runner/work/cairn-share/cairn-share/worker/node_modules/@cloudflare/workerd-linux-64/bin/workerd@34c54e0 /home/runner/work/cairn-share/cairn-share/worker/node_modules/@cloudflare/workerd-linux-64/bin/workerd@34c5a00 /home/runner/work/cairn-share/cairn-share/worker/node_modules/@cloudflare/workerd-linux-64/bin/workerd@3359440 /home/runner/work/cairn-share/cairn-share/worker/node_modules/@cloudflare/workerd-linux-64/bin/workerd@33597f6 /home/runner/work/cairn-share/cairn-share/worker/node_modules/@cloudflare/workerd-linux-64/bin/workerd@5934588 /home/runner/work/cairn-share/cairn-share/worker/node_modules/@cloudflare/workerd-linux-64/bin/workerd@30c87cb /home/runner/work/cairn-share/cairn-share/worker/node_modules/@cloudflare/workerd-linux-64/bin/workerd@30c8c94
worker	Test	2026-09-22T16:25:50.8424442Z  ^[[32m✓^[[39m test/reset-migration.test.ts ^[[2m(^[[22m^[[2m2 tests^[[22m^[[2m)^[[22m^[[33m 2906^[[2mms^[[22m^[[39m
worker	Test	2026-09-22T16:25:50.8427092Z    ^[[33m^[[2m✓^[[22m^[[39m 0024 upgrades all shared override histories without rewriting their source records ^[[33m 1157^[[2mms^[[22m^[[39m
worker	Test	2026-09-22T16:25:50.8429930Z    ^[[33m^[[2m✓^[[22m^[[39m 0024 repairs legacy empty barriers, noncurrent entities and absent terms while preserving later decisions ^[[33m 1747^[[2mms^[[22m^[[39m
worker	Test	2026-09-22T16:25:52.1781886Z  ^[[32m✓^[[39m test/curation.test.ts ^[[2m(^[[22m^[[2m11 tests^[[22m^[[2m)^[[22m^[[33m 1906^[[2mms^[[22m^[[39m
worker	Test	2026-09-22T16:25:53.3249279Z  ^[[32m✓^[[39m test/selection-filter-routes.test.ts ^[[2m(^[[22m^[[2m14 tests^[[22m^[[2m)^[[22m^[[33m 5397^[[2mms^[[22m^[[39m
worker	Test	2026-09-22T16:25:53.3260342Z    ^[[33m^[[2m✓^[[22m^[[39m different dimension and entity filters have separate cache entries and repeat reads hit ^[[33m 489^[[2mms^[[22m^[[39m
worker	Test	2026-09-22T16:25:53.3262682Z    ^[[33m^[[2m✓^[[22m^[[39m counts reflect effective filters but not pagination or the status facet ^[[33m 370^[[2mms^[[22m^[[39m
worker	Test	2026-09-22T16:25:53.3295271Z    ^[[33m^[[2m✓^[[22m^[[39m filtered cursors count only matching rows and invalid input never reuses cached broad results ^[[33m 478^[[2mms^[[22m^[[39m
worker	Test	2026-09-22T16:25:53.3304580Z    ^[[33m^[[2m✓^[[22m^[[39m entity filters follow the independent snapshot state while human corrections leave that state unchanged ^[[33m 683^[[2mms^[[22m^[[39m
worker	Test	2026-09-22T16:25:53.3307472Z    ^[[33m^[[2m✓^[[22m^[[39m authorized filtering does not read deliberately stale projection values ^[[33m 559^[[2mms^[[22m^[[39m
worker	Test	2026-09-22T16:25:53.3309902Z    ^[[33m^[[2m✓^[[22m^[[39m real decision and override writes invalidate filter caches while retaining legal v1 projection ^[[33m 868^[[2mms^[[22m^[[39m
worker	Test	2026-09-22T16:25:54.0815854Z  ^[[32m✓^[[39m test/taxonomy-v2.test.ts ^[[2m(^[[22m^[[2m15 tests^[[22m^[[2m)^[[22m^[[33m 2249^[[2mms^[[22m^[[39m
worker	Test	2026-09-22T16:25:55.5631786Z  ^[[32m✓^[[39m test/completion-atomicity.test.ts ^[[2m(^[[22m^[[2m12 tests^[[22m^[[2m)^[[22m^[[33m 2326^[[2mms^[[22m^[[39m
worker	Test	2026-09-22T16:25:55.6239963Z  ^[[32m✓^[[39m test/integration.test.ts ^[[2m(^[[22m^[[2m9 tests^[[22m^[[2m)^[[22m^[[33m 1265^[[2mms^[[22m^[[39m
worker	Test	2026-09-22T16:25:56.3523895Z  ^[[32m✓^[[39m test/entity-identity.test.ts ^[[2m(^[[22m^[[2m5 tests^[[22m^[[2m)^[[22m^[[33m 1265^[[2mms^[[22m^[[39m
worker	Test	2026-09-22T16:25:56.3526007Z    ^[[33m^[[2m✓^[[22m^[[39m R3-09 search and cached projection follow entity accept/reject/reset/set-empty and source staleness ^[[33m 414^[[2mms^[[22m^[[39m
worker	Test	2026-09-22T16:25:57.4900028Z  ^[[32m✓^[[39m test/run-provenance.test.ts ^[[2m(^[[22m^[[2m3 tests^[[22m^[[2m)^[[22m^[[33m 460^[[2mms^[[22m^[[39m
worker	Test	2026-09-22T16:25:58.4113836Z  ^[[32m✓^[[39m test/selection-filter-migration.test.ts ^[[2m(^[[22m^[[2m1 test^[[22m^[[2m)^[[22m^[[32m 160^[[2mms^[[22m^[[39m
worker	Test	2026-09-22T16:26:00.1155570Z ^[[90mstdout^[[2m | test/selection-filter-scale.test.ts^[[2m > ^[[22m^[[2mqueries the full collection through indexed histories instead of a bounded candidate prefix
worker	Test	2026-09-22T16:26:00.1335651Z ^[[22m^[[39mB05 local scale {"links":1200,"actions":9600,"meta":{"served_by":"miniflare.db","duration":2559,"changes":0,"last_row_id":9600,"changed_db":false,"size_after":2142208,"rows_read":4455557,"rows_written":0},"plan":["SCAN links","CORRELATED SCALAR SUBQUERY 39","CO-ROUTINE effective","COMPOUND QUERY","LEFT-MOST SUBQUERY","CO-ROUTINE multi_candidates","MERGE (UNION)","LEFT","MATERIALIZE baseline","SCAN CONSTANT ROW","CORRELATED SCALAR SUBQUERY 15","SEARCH classification_decisions USING INDEX classification_decisions_link_idx (link_id=?)","MATERIALIZE dimensions","SCAN 6 CONSTANT ROWS","MATERIALIZE barriers","MATERIALIZE events","CO-ROUTINE (subquery-41)","MATERIALIZE raw_events","COMPOUND QUERY","LEFT-MOST SUBQUERY","SEARCH curation_overrides USING INDEX curation_overrides_link_revision_idx (link_id=?)","UNION ALL","MATERIALIZE fields","SCAN 3 CONSTANT ROWS","SEARCH legacy_curation_history USING INTEGER PRIMARY KEY (rowid=?)","CORRELATED SCALAR SUBQUERY 1","SEARCH legacy_curation_history USING COVERING INDEX legacy_curation_history_link_idx (link_id=?)","SCAN fields","UNION ALL","SEARCH legacy_curation_history USING INTEGER PRIMARY KEY (rowid=?)","CORRELATED SCALAR SUBQUERY 1","SEARCH legacy_curation_history USING COVERING INDEX legacy_curation_history_link_idx (link_id=?)","SCAN fields","SCAN j VIRTUAL TABLE INDEX 1:","SCAN raw_events","USE TEMP B-TREE FOR ORDER BY","SCAN (subquery-41)","SCAN events","USE TEMP B-TREE FOR GROUP BY","MATERIALIZE events","CO-ROUTINE (subquery-42)","MATERIALIZE raw_events","COMPOUND QUERY","LEFT-MOST SUBQUERY","SEARCH curation_overrides USING INDEX curation_overrides_link_revision_idx (link_id=?)","UNION ALL","SEARCH legacy_curation_history USING INTEGER PRIMARY KEY (rowid=?)","CORRELATED SCALAR SUBQUERY 1","SEARCH legacy_curation_history USING COVERING INDEX legacy_curation_history_link_idx (link_id=?)","SCAN fields","UNION ALL","SEARCH legacy_curation_history USING INTEGER PRIMARY KEY (rowid=?)","CORRELATED SCALAR SUBQUERY 1","SEARCH legacy_curation_history USING COVERING INDEX legacy_curation_history_link_idx (link_id=?)","SCAN fields","SCAN j VIRTUAL TABLE INDEX 1:","SCAN raw_events","USE TEMP B-TREE FOR ORDER BY","SCAN (subquery-42)","SCAN baseline","SCAN dimensions","SCAN j VIRTUAL TABLE INDEX 1:","SCAN b LEFT-JOIN","SCAN barrier LEFT-JOIN","CORRELATED SCALAR SUBQUERY 24","MATERIALIZE events","CO-ROUTINE (subquery-43)","MATERIALIZE raw_events","COMPOUND QUERY","LEFT-MOST SUBQUERY","SEARCH curation_overrides USING INDEX curation_overrides_link_revision_idx (link_id=?)","UNION ALL","SEARCH legacy_curation_history USING INTEGER PRIMARY KEY (rowid=?)","CORRELATED SCALAR SUBQUERY 1","SEARCH legacy_curation_history USING COVERING INDEX legacy_curation_history_link_idx (link_id=?)","SCAN fields","UNION ALL","SEARCH legacy_curation_history USING INTEGER PRIMARY KEY (rowid=?)","CORRELATED SCALAR SUBQUERY 1","SEARCH legacy_curation_history USING COVERING INDEX legacy_curation_history_link_idx (link_id=?)","SCAN fields","SCAN j VIRTUAL TABLE INDEX 1:","SCAN raw_events","USE TEMP B-TREE FOR ORDER BY","SCAN (subquery-43)","MATERIALIZE barriers","MATERIALIZE events","CO-ROUTINE (subquery-44)","MATERIALIZE raw_events","COMPOUND QUERY","LEFT-MOST SUBQUERY","SEARCH curation_overrides USING INDEX curation_overrides_link_revision_idx (link_id=?)","UNION ALL","SEARCH legacy_curation_history USING INTEGER PRIMARY KEY (rowid=?)","CORRELATED SCALAR SUBQUERY 1","SEARCH legacy_curation_history USING COVERING INDEX legacy_curation_history_link_idx (link_id=?)","SCAN fields","UNION ALL","SEARCH legacy_curation_history USING INTEGER PRIMARY KEY (rowid=?)","CORRELATED SCALAR SUBQUERY 1","SEARCH legacy_curation_history USING COVERING INDEX legacy_curation_history_link_idx (link_id=?)","SCAN fields","SCAN j VIRTUAL TABLE INDEX 1:","SCAN raw_events","USE TEMP B-TREE FOR ORDER BY","SCAN (subquery-44)","SCAN events","USE TEMP B-TREE FOR GROUP BY","SCAN e","SCAN b LEFT-JOIN","USE TEMP B-TREE FOR ORDER BY","RIGHT","MATERIALIZE events","CO-ROUTINE (subquery-45)","MATERIALIZE raw_events","COMPOUND QUERY","LEFT-MOST SUBQUERY","SEARCH curation_overrides USING INDEX curation_overrides_link_revision_idx (link_id=?)","UNION ALL","SEARCH legacy_curation_history USING INTEGER PRIMARY KEY (rowid=?)","CORRELATED SCALAR SUBQUERY 1","SEARCH legacy_curation_history USING COVERING INDEX legacy_curation_history_link_idx (link_id=?)","SCAN fields","UNION ALL","SEARCH legacy_curation_history USING INTEGER PRIMARY KEY (rowid=?)","CORRELATED SCALAR SUBQUERY 1","SEARCH legacy_curation_history USING COVERING INDEX legacy_curation_history_link_idx (link_id=?)","SCAN fields","SCAN j VIRTUAL TABLE INDEX 1:","SCAN raw_events","USE TEMP B-TREE FOR ORDER BY","SCAN (subquery-45)","MATERIALIZE barriers","MATERIALIZE events","CO-ROUTINE (subquery-46)","MATERIALIZE raw_events","COMPOUND QUERY","LEFT-MOST SUBQUERY","SEARCH curation_overrides USING INDEX curation_overrides_link_revision_idx (link_id=?)","UNION ALL","SEARCH legacy_curation_history USING INTEGER PRIMARY KEY (rowid=?)","CORRELATED SCALAR SUBQUERY 1","SEARCH legacy_curation_history USING COVERING INDEX legacy_curation_history_link_idx (link_id=?)","SCAN fields","UNION ALL","SEARCH legacy_curation_history USING INTEGER PRIMARY KEY (rowid=?)","CORRELATED SCALAR SUBQUERY 1","SEARCH legacy_curation_history USING COVERING INDEX legacy_curation_history_link_idx (link_id=?)","SCAN fields","SCAN j VIRTUAL TABLE INDEX 1:","SCAN raw_events","USE TEMP B-TREE FOR ORDER BY","SCAN (subquery-46)","SCAN events","USE TEMP B-TREE FOR GROUP BY","SCAN e","CORRELATED SCALAR SUBQUERY 13","MATERIALIZE events","CO-ROUTINE (subquery-47)","MATERIALIZE raw_events","COMPOUND QUERY","LEFT-MOST SUBQUERY","SEARCH curation_overrides USING INDEX curation_overrides_link_revision_idx (link_id=?)","UNION ALL","SEARCH legacy_curation_history USING INTEGER PRIMARY KEY (rowid=?)","CORRELATED SCALAR SUBQUERY 1","SEARCH legacy_curation_history USING COVERING INDEX legacy_curation_history_link_idx (link_id=?)","SCAN fields","UNION ALL","SEARCH legacy_curation_history USING INTEGER PRIMARY KEY (rowid=?)","CORRELATED SCALAR SUBQUERY 1","SEARCH legacy_curation_history USING COVERING INDEX legacy_curation_history_link_idx (link_id=?)","SCAN fields","SCAN j VIRTUAL TABLE INDEX 1:","SCAN raw_events","USE TEMP B-TREE FOR ORDER BY","SCAN (subquery-47)","MATERIALIZE barriers","MATERIALIZE events","CO-ROUTINE (subquery-48)","MATERIALIZE raw_events","COMPOUND QUERY","LEFT-MOST SUBQUERY","SEARCH curation_overrides USING INDEX curation_overrides_link_revision_idx (link_id=?)","UNION ALL","SEARCH legacy_curation_history USING INTEGER PRIMARY KEY (rowid=?)","CORRELATED SCALAR SUBQUERY 1","SEARCH legacy_curation_history USING COVERING INDEX legacy_curation_history_link_idx (link_id=?)","SCAN fields","UNION ALL","SEARCH legacy_curation_history USING INTEGER PRIMARY KEY (rowid=?)","CORRELATED SCALAR SUBQUERY 1","SEARCH legacy_curation_history USING COVERING INDEX legacy_curation_history_link_idx (link_id=?)","SCAN fields","SCAN j VIRTUAL TABLE INDEX 1:","SCAN raw_events","USE TEMP B-TREE FOR ORDER BY","SCAN (subquery-48)","SCAN events","USE TEMP B-TREE FOR GROUP BY","SCAN e","SCAN b LEFT-JOIN","SCAN b LEFT-JOIN","BLOOM FILTER ON d (single=? AND field=?)","SEARCH d USING AUTOMATIC PARTIAL COVERING INDEX (single=? AND field=?)","USE TEMP B-TREE FOR ORDER BY","SCAN c","CORRELATED SCALAR SUBQUERY 33","MATERIALIZE events","CO-ROUTINE (subquery-49)","MATERIALIZE raw_events","COMPOUND QUERY","LEFT-MOST SUBQUERY","SEARCH curation_overrides USING INDEX curation_overrides_link_revision_idx (link_id=?)","UNION ALL","SEARCH legacy_curation_history USING INTEGER PRIMARY KEY (rowid=?)","CORRELATED SCALAR SUBQUERY 1","SEARCH legacy_curation_history USING COVERING INDEX legacy_curation_history_link_idx (link_id=?)","SCAN fields","UNION ALL","SEARCH legacy_curation_history USING INTEGER PRIMARY KEY (rowid=?)","CORRELATED SCALAR SUBQUERY 1","SEARCH legacy_curation_history USING COVERING INDEX legacy_curation_history_link_idx (link_id=?)","SCAN fields","SCAN j VIRTUAL TABLE INDEX 1:","SCAN raw_events","USE TEMP B-TREE FOR ORDER BY","SCAN (subquery-49)","MATERIALIZE barriers","MATERIALIZE events","CO-ROUTINE (subquery-50)","MATERIALIZE raw_events","COMPOUND QUERY","LEFT-MOST SUBQUERY","SEARCH curation_overrides USING INDEX curation_overrides_link_revision_idx (link_id=?)","UNION ALL","SEARCH legacy_curation_history USING INTEGER PRIMARY KEY (rowid=?)","CORRELATED SCALAR SUBQUERY 1","SEARCH legacy_curation_history USING COVERING INDEX legacy_curation_history_link_idx (link_id=?)","SCAN fields","UNION ALL","SEARCH legacy_curation_history USING INTEGER PRIMARY KEY (rowid=?)","CORRELATED SCALAR SUBQUERY 1","SEARCH legacy_curation_history USING COVERING INDEX legacy_curation_history_link_idx (link_id=?)","SCAN fields","SCAN j VIRTUAL TABLE INDEX 1:","SCAN raw_events","USE TEMP B-TREE FOR ORDER BY","SCAN (subquery-50)","SCAN events","USE TEMP B-TREE FOR GROUP BY","SCAN e","CORRELATED SCALAR SUBQUERY 13","MATERIALIZE events","CO-ROUTINE (subquery-51)","MATERIALIZE raw_events","COMPOUND QUERY","LEFT-MOST SUBQUERY","SEARCH curation_overrides USING INDEX curation_overrides_link_revision_idx (link_id=?)","UNION ALL","SEARCH legacy_curation_history USING INTEGER PRIMARY KEY (rowid=?)","CORRELATED SCALAR SUBQUERY 1","SEARCH legacy_curation_history USING COVERING INDEX legacy_curation_history_link_idx (link_id=?)","SCAN fields","UNION ALL","SEARCH legacy_curation_history USING INTEGER PRIMARY KEY (rowid=?)","CORRELATED SCALAR SUBQUERY 1","SEARCH legacy_curation_history USING COVERING INDEX legacy_curation_history_link_idx (link_id=?)","SCAN fields","SCAN j VIRTUAL TABLE INDEX 1:","SCAN raw_events","USE TEMP B-TREE FOR ORDER BY","SCAN (subquery-51)","MATERIALIZE barriers","MATERIALIZE events","CO-ROUTINE (subquery-52)","MATERIALIZE raw_events","COMPOUND QUERY","LEFT-MOST SUBQUERY","SEARCH curation_overrides USING INDEX curation_overrides_link_revision_idx (link_id=?)","UNION ALL","SEARCH legacy_curation_history USING INTEGER PRIMARY KEY (rowid=?)","CORRELATED SCALAR SUBQUERY 1","SEARCH legacy_curation_history USING COVERING INDEX legacy_curation_history_link_idx (link_id=?)","SCAN fields","UNION ALL","SEARCH legacy_curation_history USING INTEGER PRIMARY KEY (rowid=?)","CORRELATED SCALAR SUBQUERY 1","SEARCH legacy_curation_history USING COVERING INDEX legacy_curation_history_link_idx (link_id=?)","SCAN fields","SCAN j VIRTUAL TABLE INDEX 1:","SCAN raw_events","USE TEMP B-TREE FOR ORDER BY","SCAN (subquery-52)","SCAN events","USE TEMP B-TREE FOR GROUP BY","SCAN e","SCAN b LEFT-JOIN","SCAN b LEFT-JOIN","USE TEMP B-TREE FOR ORDER BY","UNION ALL","CO-ROUTINE single_candidates","COMPOUND QUERY","LEFT-MOST SUBQUERY","MATERIALIZE events","CO-ROUTINE (subquery-53)","MATERIALIZE raw_events","COMPOUND QUERY","LEFT-MOST SUBQUERY","SEARCH curation_overrides USING INDEX curation_overrides_link_revision_idx (link_id=?)","UNION ALL","SEARCH legacy_curation_history USING INTEGER PRIMARY KEY (rowid=?)","CORRELATED SCALAR SUBQUERY 1","SEARCH legacy_curation_history USING COVERING INDEX legacy_curation_history_link_idx (link_id=?)","SCAN fields","UNION ALL","SEARCH legacy_curation_history USING INTEGER PRIMARY KEY (rowid=?)","CORRELATED SCALAR SUBQUERY 1","SEARCH legacy_curation_history USING COVERING INDEX legacy_curation_history_link_idx (link_id=?)","SCAN fields","SCAN j VIRTUAL TABLE INDEX 1:","SCAN raw_events","USE TEMP B-TREE FOR ORDER BY","SCAN (subquery-53)","MATERIALIZE barriers","MATERIALIZE events","CO-ROUTINE (subquery-54)","MATERIALIZE raw_events","COMPOUND QUERY","LEFT-MOST SUBQUERY","SEARCH curation_overrides USING INDEX curation_overrides_link_revision_idx (link_id=?)","UNION ALL","SEARCH legacy_curation_history USING INTEGER PRIMARY KEY (rowid=?)","CORRELATED SCALAR SUBQUERY 1","SEARCH legacy_curation_history USING COVERING INDEX legacy_curation_history_link_idx (link_id=?)","SCAN fields","UNION ALL","SEARCH legacy_curation_history USING INTEGER PRIMARY KEY (rowid=?)","CORRELATED SCALAR SUBQUERY 1","SEARCH legacy_curation_history USING COVERING INDEX legacy_curation_history_link_idx (link_id=?)","SCAN fields","SCAN j VIRTUAL TABLE INDEX 1:","SCAN raw_events","USE TEMP B-TREE FOR ORDER BY","SCAN (subquery-54)","SCAN events","USE TEMP B-TREE FOR GROUP BY","SCAN e","CORRELATED SCALAR SUBQUERY 13","MATERIALIZE events","CO-ROUTINE (subquery-55)","MATERIALIZE raw_events","COMPOUND QUERY","LEFT-MOST SUBQUERY","SEARCH curation_overrides USING INDEX curation_overrides_link_revision_idx (link_id=?)","UNION ALL","SEARCH legacy_curation_history USING INTEGER PRIMARY KEY (rowid=?)","CORRELATED SCALAR SUBQUERY 1","SEARCH legacy_curation_history USING COVERING INDEX legacy_curation_history_link_idx (link_id=?)","SCAN fields","UNION ALL","SEARCH legacy_curation_history USING INTEGER PRIMARY KEY (rowid=?)","CORRELATED SCALAR SUBQUERY 1","SEARCH legacy_curation_history USING COVERING INDEX legacy_curation_history_link_idx (link_id=?)","SCAN fields","SCAN j VIRTUAL TABLE INDEX 1:","SCAN raw_events","USE TEMP B-TREE FOR ORDER BY","SCAN (subquery-55)","MATERIALIZE barriers","MATERIALIZE events","CO-ROUTINE (subquery-56)","MATERIALIZE raw_events","COMPOUND QUERY","LEFT-MOST SUBQUERY","SEARCH curation_overrides USING INDEX curation_overrides_link_revision_idx (link_id=?)","UNION ALL","SEARCH legacy_curation_history USING INTEGER PRIMARY KEY (rowid=?)","CORRELATED SCALAR SUBQUERY 1","SEARCH legacy_curation_history USING COVERING INDEX legacy_curation_history_link_idx (link_id=?)","SCAN fields","UNION ALL","SEARCH legacy_curation_history USING INTEGER PRIMARY KEY (rowid=?)","CORRELATED SCALAR SUBQUERY 1","SEARCH legacy_curation_history USING COVERING INDEX legacy_curation_history_link_idx (link_id=?)","SCAN fields","SCAN j VIRTUAL TABLE INDEX 1:","SCAN raw_events","USE TEMP B-TREE FOR ORDER BY","SCAN (subquery-56)","SCAN events","USE TEMP B-TREE FOR GROUP BY","SCAN e","SCAN b LEFT-JOIN","CORRELATED SCALAR SUBQUERY 28","MATERIALIZE events","CO-ROUTINE (subquery-57)","MATERIALIZE raw_events","COMPOUND QUERY","LEFT-MOST SUBQUERY","SEARCH curation_overrides USING INDEX curation_overrides_link_revision_idx (link_id=?)","UNION ALL","SEARCH legacy_curation_history USING INTEGER PRIMARY KEY (rowid=?)","CORRELATED SCALAR SUBQUERY 1","SEARCH legacy_curation_history USING COVERING INDEX legacy_curation_history_link_idx (link_id=?)","SCAN fields","UNION ALL","SEARCH legacy_curation_history USING INTEGER PRIMARY KEY (rowid=?)","CORRELATED SCALAR SUBQUERY 1","SEARCH legacy_curation_history USING COVERING INDEX legacy_curation_history_link_idx (link_id=?)","SCAN fields","SCAN j VIRTUAL TABLE INDEX 1:","SCAN raw_events","USE TEMP B-TREE FOR ORDER BY","SCAN (subquery-57)","MATERIALIZE barriers","MATERIALIZE events","CO-ROUTINE (subquery-58)","MATERIALIZE raw_events","COMPOUND QUERY","LEFT-MOST SUBQUERY","SEARCH curation_overrides USING INDEX curation_overrides_link_revision_idx (link_id=?)","UNION ALL","SEARCH legacy_curation_history USING INTEGER PRIMARY KEY (rowid=?)","CORRELATED SCALAR SUBQUERY 1","SEARCH legacy_curation_history USING COVERING INDEX legacy_curation_history_link_idx (link_id=?)","SCAN fields","UNION ALL","SEARCH legacy_curation_history USING INTEGER PRIMARY KEY (rowid=?)","CORRELATED SCALAR SUBQUERY 1","SEARCH legacy_curation_history USING COVERING INDEX legacy_curation_history_link_idx (link_id=?)","SCAN fields","SCAN j VIRTUAL TABLE INDEX 1:","SCAN raw_events","USE TEMP B-TREE FOR ORDER BY","SCAN (subquery-58)","SCAN events","USE TEMP B-TREE FOR GROUP BY","SEARCH e","CORRELATED SCALAR SUBQUERY 13","MATERIALIZE events","CO-ROUTINE (subquery-59)","MATERIALIZE raw_events","COMPOUND QUERY","LEFT-MOST SUBQUERY","SEARCH curation_overrides USING INDEX curation_overrides_link_revision_idx (link_id=?)","UNION ALL","SEARCH legacy_curation_history USING INTEGER PRIMARY KEY (rowid=?)","CORRELATED SCALAR SUBQUERY 1","SEARCH legacy_curation_history USING COVERING INDEX legacy_curation_history_link_idx (link_id=?)","SCAN fields","UNION ALL","SEARCH legacy_curation_history USING INTEGER PRIMARY KEY (rowid=?)","CORRELATED SCALAR SUBQUERY 1","SEARCH legacy_curation_history USING COVERING INDEX legacy_curation_history_link_idx (link_id=?)","SCAN fields","SCAN j VIRTUAL TABLE INDEX 1:","SCAN raw_events","USE TEMP B-TREE FOR ORDER BY","SCAN (subquery-59)","MATERIALIZE barriers","MATERIALIZE events","CO-ROUTINE (subquery-60)","MATERIALIZE raw_events","COMPOUND QUERY","LEFT-MOST SUBQUERY","SEARCH curation_overrides USING INDEX curation_overrides_link_revision_idx (link_id=?)","UNION ALL","SEARCH legacy_curation_history USING INTEGER PRIMARY KEY (rowid=?)","CORRELATED SCALAR SUBQUERY 1","SEARCH legacy_curation_history USING COVERING INDEX legacy_curation_history_link_idx (link_id=?)","SCAN fields","UNION ALL","SEARCH legacy_curation_history USING INTEGER PRIMARY KEY (rowid=?)","CORRELATED SCALAR SUBQUERY 1","SEARCH legacy_curation_history USING COVERING INDEX legacy_curation_history_link_idx (link_id=?)","SCAN fields","SCAN j VIRTUAL TABLE INDEX 1:","SCAN raw_events","USE TEMP B-TREE FOR ORDER BY","SCAN (subquery-60)","SCAN events","USE TEMP B-TREE FOR GROUP BY","SCAN e","SCAN b LEFT-JOIN","SEARCH b LEFT-JOIN","SCAN b LEFT-JOIN","BLOOM FILTER ON d (single=? AND field=?)","SEARCH d USING AUTOMATIC PARTIAL COVERING INDEX (single=? AND field=?)","UNION ALL","MATERIALIZE baseline","SCAN CONSTANT ROW","CORRELATED SCALAR SUBQUERY 15","SEARCH classification_decisions USING INDEX classification_decisions_link_idx (link_id=?)","MATERIALIZE barriers","MATERIALIZE events","CO-ROUTINE (subquery-61)","MATERIALIZE raw_events","COMPOUND QUERY","LEFT-MOST SUBQUERY","SEARCH curation_overrides USING INDEX curation_overrides_link_revision_idx (link_id=?)","UNION ALL","SEARCH legacy_curation_history USING INTEGER PRIMARY KEY (rowid=?)","CORRELATED SCALAR SUBQUERY 1","SEARCH legacy_curation_history USING COVERING INDEX legacy_curation_history_link_idx (link_id=?)","SCAN fields","UNION ALL","SEARCH legacy_curation_history USING INTEGER PRIMARY KEY (rowid=?)","CORRELATED SCALAR SUBQUERY 1","SEARCH legacy_curation_history USING COVERING INDEX legacy_curation_history_link_idx (link_id=?)","SCAN fields","SCAN j VIRTUAL TABLE INDEX 1:","SCAN raw_events","USE TEMP B-TREE FOR ORDER BY","SCAN (subquery-61)","SCAN events","USE TEMP B-TREE FOR GROUP BY","MATERIALIZE events","CO-ROUTINE (subquery-62)","MATERIALIZE raw_events","COMPOUND QUERY","LEFT-MOST SUBQUERY","SEARCH curation_overrides USING INDEX curation_overrides_link_revision_idx (link_id=?)","UNION ALL","SEARCH legacy_curation_history USING INTEGER PRIMARY KEY (rowid=?)","CORRELATED SCALAR SUBQUERY 1","SEARCH legacy_curation_history USING COVERING INDEX legacy_curation_history_link_idx (link_id=?)","SCAN fields","UNION ALL","SEARCH legacy_curation_history USING INTEGER PRIMARY KEY (rowid=?)","CORRELATED SCALAR SUBQUERY 1","SEARCH legacy_curation_history USING COVERING INDEX legacy_curation_history_link_idx (link_id=?)","SCAN fields","SCAN j VIRTUAL TABLE INDEX 1:","SCAN raw_events","USE TEMP B-TREE FOR ORDER BY","SCAN (subquery-62)","SCAN baseline","BLOOM FILTER ON dimensions (single=?)","SEARCH dimensions USING AUTOMATIC PARTIAL COVERING INDEX (single=?)","CORRELATED SCALAR SUBQUERY 31","MATERIALIZE events","CO-ROUTINE (subquery-63)","MATERIALIZE raw_events","COMPOUND QUERY","LEFT-MOST SUBQUERY","SEARCH curation_overrides USING INDEX curation_overrides_link_revision_idx (link_id=?)","UNION ALL","SEARCH legacy_curation_history USING INTEGER PRIMARY KEY (rowid=?)","CORRELATED SCALAR SUBQUERY 1","SEARCH legacy_curation_history USING COVERING INDEX legacy_curation_history_link_idx (link_id=?)","SCAN fields","UNION ALL","SEARCH legacy_curation_history USING INTEGER PRIMARY KEY (rowid=?)","CORRELATED SCALAR SUBQUERY 1","SEARCH legacy_curation_history USING COVERING INDEX legacy_curation_history_link_idx (link_id=?)","SCAN fields","SCAN j VIRTUAL TABLE INDEX 1:","SCAN raw_events","USE TEMP B-TREE FOR ORDER BY","SCAN (subquery-63)","MATERIALIZE barriers","MATERIALIZE events","CO-ROUTINE (subquery-64)","MATERIALIZE raw_events","COMPOUND QUERY","LEFT-MOST SUBQUERY","SEARCH curation_overrides USING INDEX curation_overrides_link_revision_idx (link_id=?)","UNION ALL","SEARCH legacy_curation_history USING INTEGER PRIMARY KEY (rowid=?)","CORRELATED SCALAR SUBQUERY 1","SEARCH legacy_curation_history USING COVERING INDEX legacy_curation_history_link_idx (link_id=?)","SCAN fields","UNION ALL","SEARCH legacy_curation_history USING INTEGER PRIMARY KEY (rowid=?)","CORRELATED SCALAR SUBQUERY 1","SEARCH legacy_curation_history USING COVERING INDEX legacy_curation_history_link_idx (link_id=?)","SCAN fields","SCAN j VIRTUAL TABLE INDEX 1:","SCAN raw_events","USE TEMP B-TREE FOR ORDER BY","SCAN (subquery-64)","SCAN events","USE TEMP B-TREE FOR GROUP BY","SCAN e","CORRELATED SCALAR SUBQUERY 13","MATERIALIZE events","CO-ROUTINE (subquery-65)","MATERIALIZE raw_events","COMPOUND QUERY","LEFT-MOST SUBQUERY","SEARCH curation_overrides USING INDEX curation_overrides_link_revision_idx (link_id=?)","UNION ALL","SEARCH legacy_curation_history USING INTEGER PRIMARY KEY (rowid=?)","CORRELATED SCALAR SUBQUERY 1","SEARCH legacy_curation_history USING COVERING INDEX legacy_curation_history_link_idx (link_id=?)","SCAN fields","UNION ALL","SEARCH legacy_curation_history USING INTEGER PRIMARY KEY (rowid=?)","CORRELATED SCALAR SUBQUERY 1","SEARCH legacy_curation_history USING COVERING INDEX legacy_curation_history_link_idx (link_id=?)","SCAN fields","SCAN j VIRTUAL TABLE INDEX 1:","SCAN raw_events","USE TEMP B-TREE FOR ORDER BY","SCAN (subquery-65)","MATERIALIZE barriers","MATERIALIZE events","CO-ROUTINE (subquery-66)","MATERIALIZE raw_events","COMPOUND QUERY","LEFT-MOST SUBQUERY","SEARCH curation_overrides USING INDEX curation_overrides_link_revision_idx (link_id=?)","UNION ALL","SEARCH legacy_curation_history USING INTEGER PRIMARY KEY (rowid=?)","CORRELATED SCALAR SUBQUERY 1","SEARCH legacy_curation_history USING COVERING INDEX legacy_curation_history_link_idx (link_id=?)","SCAN fields","UNION ALL","SEARCH legacy_curation_history USING INTEGER PRIMARY KEY (rowid=?)","CORRELATED SCALAR SUBQUERY 1","SEARCH legacy_curation_history USING COVERING INDEX legacy_curation_history_link_idx (link_id=?)","SCAN fields","SCAN j VIRTUAL TABLE INDEX 1:","SCAN raw_events","USE TEMP B-TREE FOR ORDER BY","SCAN (subquery-66)","SCAN events","USE TEMP B-TREE FOR GROUP BY","SCAN e","SCAN b LEFT-JOIN","CORRELATED SCALAR SUBQUERY 28","MATERIALIZE events","CO-ROUTINE (subquery-67)","MATERIALIZE raw_events","COMPOUND QUERY","LEFT-MOST SUBQUERY","SEARCH curation_overrides USING INDEX curation_overrides_link_revision_idx (link_id=?)","UNION ALL","SEARCH legacy_curation_history USING INTEGER PRIMARY KEY (rowid=?)","CORRELATED SCALAR SUBQUERY 1","SEARCH legacy_curation_history USING COVERING INDEX legacy_curation_history_link_idx (link_id=?)","SCAN fields","UNION ALL","SEARCH legacy_curation_history USING INTEGER PRIMARY KEY (rowid=?)","CORRELATED SCALAR SUBQUERY 1","SEARCH legacy_curation_history USING COVERING INDEX legacy_curation_history_link_idx (link_id=?)","SCAN fields","SCAN j VIRTUAL TABLE INDEX 1:","SCAN raw_events","USE TEMP B-TREE FOR ORDER BY","SCAN (subquery-67)","MATERIALIZE barriers","MATERIALIZE events","CO-ROUTINE (subquery-68)","MATERIALIZE raw_events","COMPOUND QUERY","LEFT-MOST SUBQUERY","SEARCH curation_overrides USING INDEX curation_overrides_link_revision_idx (link_id=?)","UNION ALL","SEARCH legacy_curation_history USING INTEGER PRIMARY KEY (rowid=?)","CORRELATED SCALAR SUBQUERY 1","SEARCH legacy_curation_history USING COVERING INDEX legacy_curation_history_link_idx (link_id=?)","SCAN fields","UNION ALL","SEARCH legacy_curation_history USING INTEGER PRIMARY KEY (rowid=?)","CORRELATED SCALAR SUBQUERY 1","SEARCH legacy_curation_history USING COVERING INDEX legacy_curation_history_link_idx (link_id=?)","SCAN fields","SCAN j VIRTUAL TABLE INDEX 1:","SCAN raw_events","USE TEMP B-TREE FOR ORDER BY","SCAN (subquery-68)","SCAN events","USE TEMP B-TREE FOR GROUP BY","SEARCH e","CORRELATED SCALAR SUBQUERY 13","MATERIALIZE events","CO-ROUTINE (subquery-69)","MATERIALIZE raw_events","COMPOUND QUERY","LEFT-MOST SUBQUERY","SEARCH curation_overrides USING INDEX curation_overrides_link_revision_idx (link_id=?)","UNION ALL","SEARCH legacy_curation_history USING INTEGER PRIMARY KEY (rowid=?)","CORRELATED SCALAR SUBQUERY 1","SEARCH legacy_curation_history USING COVERING INDEX legacy_curation_history_link_idx (link_id=?)","SCAN fields","UNION ALL","SEARCH legacy_curation_history USING INTEGER PRIMARY KEY (rowid=?)","CORRELATED SCALAR SUBQUERY 1","SEARCH legacy_curation_history USING COVERING INDEX legacy_curation_history_link_idx (link_id=?)","SCAN fields","SCAN j VIRTUAL TABLE INDEX 1:","SCAN raw_events","USE TEMP B-TREE FOR ORDER BY","SCAN (subquery-69)","MATERIALIZE barriers","MATERIALIZE events","CO-ROUTINE (subquery-70)","MATERIALIZE raw_events","COMPOUND QUERY","LEFT-MOST SUBQUERY","SEARCH curation_overrides USING INDEX curation_overrides_link_revision_idx (link_id=?)","UNION ALL","SEARCH legacy_curation_history USING INTEGER PRIMARY KEY (rowid=?)","CORRELATED SCALAR SUBQUERY 1","SEARCH legacy_curation_history USING COVERING INDEX legacy_curation_history_link_idx (link_id=?)","SCAN fields","UNION ALL","SEARCH legacy_curation_history USING INTEGER PRIMARY KEY (rowid=?)","CORRELATED SCALAR SUBQUERY 1","SEARCH legacy_curation_history USING COVERING INDEX legacy_curation_history_link_idx (link_id=?)","SCAN fields","SCAN j VIRTUAL TABLE INDEX 1:","SCAN raw_events","USE TEMP B-TREE FOR ORDER BY","SCAN (subquery-70)","SCAN events","USE TEMP B-TREE FOR GROUP BY","SCAN e","SCAN b LEFT-JOIN","SEARCH b LEFT-JOIN","SCAN b LEFT-JOIN","BLOOM FILTER ON d (single=? AND field=?)","SEARCH d USING AUTOMATIC PARTIAL COVERING INDEX (single=? AND field=?)","SCAN j VIRTUAL TABLE INDEX 1:","SCAN b LEFT-JOIN","SCAN barrier LEFT-JOIN","CORRELATED SCALAR SUBQUERY 24","MATERIALIZE events","CO-ROUTINE (subquery-71)","MATERIALIZE raw_events","COMPOUND QUERY","LEFT-MOST SUBQUERY","SEARCH curation_overrides USING INDEX curation_overrides_link_revision_idx (link_id=?)","UNION ALL","SEARCH legacy_curation_history USING INTEGER PRIMARY KEY (rowid=?)","CORRELATED SCALAR SUBQUERY 1","SEARCH legacy_curation_history USING COVERING INDEX legacy_curation_history_link_idx (link_id=?)","SCAN fields","UNION ALL","SEARCH legacy_curation_history USING INTEGER PRIMARY KEY (rowid=?)","CORRELATED SCALAR SUBQUERY 1","SEARCH legacy_curation_history USING COVERING INDEX legacy_curation_history_link_idx (link_id=?)","SCAN fields","SCAN j VIRTUAL TABLE INDEX 1:","SCAN raw_events","USE TEMP B-TREE FOR ORDER BY","SCAN (subquery-71)","MATERIALIZE barriers","MATERIALIZE events","CO-ROUTINE (subquery-72)","MATERIALIZE raw_events","COMPOUND QUERY","LEFT-MOST SUBQUERY","SEARCH curation_overrides USING INDEX curation_overrides_link_revision_idx (link_id=?)","UNION ALL","SEARCH legacy_curation_history USING INTEGER PRIMARY KEY (rowid=?)","CORRELATED SCALAR SUBQUERY 1","SEARCH legacy_curation_history USING COVERING INDEX legacy_curation_history_link_idx (link_id=?)","SCAN fields","UNION ALL","SEARCH legacy_curation_history USING INTEGER PRIMARY KEY (rowid=?)","CORRELATED SCALAR SUBQUERY 1","SEARCH legacy_curation_history USING COVERING INDEX legacy_curation_history_link_idx (link_id=?)","SCAN fields","SCAN j VIRTUAL TABLE INDEX 1:","SCAN raw_events","USE TEMP B-TREE FOR ORDER BY","SCAN (subquery-72)","SCAN events","USE TEMP B-TREE FOR GROUP BY","SCAN e","SCAN b LEFT-JOIN","SCAN c","CORRELATED SCALAR SUBQUERY 35","MATERIALIZE events","CO-ROUTINE (subquery-73)","MATERIALIZE raw_events","COMPOUND QUERY","LEFT-MOST SUBQUERY","SEARCH curation_overrides USING INDEX curation_overrides_link_revision_idx (link_id=?)","UNION ALL","SEARCH legacy_curation_history USING INTEGER PRIMARY KEY (rowid=?)","CORRELATED SCALAR SUBQUERY 1","SEARCH legacy_curation_history USING COVERING INDEX legacy_curation_history_link_idx (link_id=?)","SCAN fields","UNION ALL","SEARCH legacy_curation_history USING INTEGER PRIMARY KEY (rowid=?)","CORRELATED SCALAR SUBQUERY 1","SEARCH legacy_curation_history USING COVERING INDEX legacy_curation_history_link_idx (link_id=?)","SCAN fields","SCAN j VIRTUAL TABLE INDEX 1:","SCAN raw_events","USE TEMP B-TREE FOR ORDER BY","SCAN (subquery-73)","MATERIALIZE barriers","MATERIALIZE events","CO-ROUTINE (subquery-74)","MATERIALIZE raw_events","COMPOUND QUERY","LEFT-MOST SUBQUERY","SEARCH curation_overrides USING INDEX curation_overrides_link_revision_idx (link_id=?)","UNION ALL","SEARCH legacy_curation_history USING INTEGER PRIMARY KEY (rowid=?)","CORRELATED SCALAR SUBQUERY 1","SEARCH legacy_curation_history USING COVERING INDEX legacy_curation_history_link_idx (link_id=?)","SCAN fields","UNION ALL","SEARCH legacy_curation_history USING INTEGER PRIMARY KEY (rowid=?)","CORRELATED SCALAR SUBQUERY 1","SEARCH legacy_curation_history USING COVERING INDEX legacy_curation_history_link_idx (link_id=?)","SCAN fields","SCAN j VIRTUAL TABLE INDEX 1:","SCAN raw_events","USE TEMP B-TREE FOR ORDER BY","SCAN (subquery-74)","SCAN events","USE TEMP B-TREE FOR GROUP BY","SCAN e","CORRELATED SCALAR SUBQUERY 13","MATERIALIZE events","CO-ROUTINE (subquery-75)","MATERIALIZE raw_events","COMPOUND QUERY","LEFT-MOST SUBQUERY","SEARCH curation_overrides USING INDEX curation_overrides_link_revision_idx (link_id=?)","UNION ALL","SEARCH legacy_curation_history USING INTEGER PRIMARY KEY (rowid=?)","CORRELATED SCALAR SUBQUERY 1","SEARCH legacy_curation_history USING COVERING INDEX legacy_curation_history_link_idx (link_id=?)","SCAN fields","UNION ALL","SEARCH legacy_curation_history USING INTEGER PRIMARY KEY (rowid=?)","CORRELATED SCALAR SUBQUERY 1","SEARCH legacy_curation_history USING COVERING INDEX legacy_curation_history_link_idx (link_id=?)","SCAN fields","SCAN j VIRTUAL TABLE INDEX 1:","SCAN raw_events","USE TEMP B-TREE FOR ORDER BY","SCAN (subquery-75)","MATERIALIZE barriers","MATERIALIZE events","CO-ROUTINE (subquery-76)","MATERIALIZE raw_events","COMPOUND QUERY","LEFT-MOST SUBQUERY","SEARCH curation_overrides USING INDEX curation_overrides_link_revision_idx (link_id=?)","UNION ALL","SEARCH legacy_curation_history USING INTEGER PRIMARY KEY (rowid=?)","CORRELATED SCALAR SUBQUERY 1","SEARCH legacy_curation_history USING COVERING INDEX legacy_curation_history_link_idx (link_id=?)","SCAN fields","UNION ALL","SEARCH legacy_curation_history USING INTEGER PRIMARY KEY (rowid=?)","CORRELATED SCALAR SUBQUERY 1","SEARCH legacy_curation_history USING COVERING INDEX legacy_curation_history_link_idx (link_id=?)","SCAN fields","SCAN j VIRTUAL TABLE INDEX 1:","SCAN raw_events","USE TEMP B-TREE FOR ORDER BY","SCAN (subquery-76)","SCAN events","USE TEMP B-TREE FOR GROUP BY","SCAN e","SCAN b LEFT-JOIN","SCAN b LEFT-JOIN","USE TEMP B-TREE FOR count(DISTINCT)","SCAN effective","SCAN requested VIRTUAL TABLE INDEX 1:","CORRELATED LIST SUBQUERY 38","SCAN json_each VIRTUAL TABLE INDEX 3:"]}
worker	Test	2026-09-22T16:26:00.1444059Z 
worker	Test	2026-09-22T16:26:01.5791156Z  ^[[32m✓^[[39m test/selection-filter-fold.test.ts ^[[2m(^[[22m^[[2m3 tests^[[22m^[[2m)^[[22m^[[33m 4557^[[2mms^[[22m^[[39m
worker	Test	2026-09-22T16:26:01.5793853Z    ^[[33m^[[2m✓^[[22m^[[39m SQL membership agrees with every shared Go/Worker golden vector ^[[33m 516^[[2mms^[[22m^[[39m
worker	Test	2026-09-22T16:26:01.5795770Z    ^[[33m^[[2m✓^[[22m^[[39m SQL membership follows legacy null/empty/full sets, latest history, aliases and revision/id order ^[[33m 1092^[[2mms^[[22m^[[39m
worker	Test	2026-09-22T16:26:01.5797745Z    ^[[33m^[[2m✓^[[22m^[[39m SQL membership matches the canonical fold across deterministic mixed histories ^[[33m 2947^[[2mms^[[22m^[[39m
worker	Test	2026-09-22T16:26:04.4587681Z  ^[[32m✓^[[39m test/selection-filter-scale.test.ts ^[[2m(^[[22m^[[2m1 test^[[22m^[[2m)^[[22m^[[33m 7128^[[2mms^[[22m^[[39m
worker	Test	2026-09-22T16:26:04.4590109Z    ^[[33m^[[2m✓^[[22m^[[39m queries the full collection through indexed histories instead of a bounded candidate prefix ^[[33m 7125^[[2mms^[[22m^[[39m
worker	Test	2026-09-22T16:26:04.4622175Z 
worker	Test	2026-09-22T16:26:04.4626416Z ^[[2m Test Files ^[[22m ^[[1m^[[32m17 passed^[[39m^[[22m^[[90m (17)^[[39m
worker	Test	2026-09-22T16:26:04.4627721Z ^[[2m      Tests ^[[22m ^[[1m^[[32m204 passed^[[39m^[[22m^[[90m (204)^[[39m
worker	Test	2026-09-22T16:26:04.4628416Z ^[[2m   Start at ^[[22m 16:25:38
worker	Test	2026-09-22T16:26:04.4630905Z ^[[2m   Duration ^[[22m 26.00s^[[2m (transform 871ms, setup 0ms, import 5.24s, tests 48.92s, environment 2ms)^[[22m
worker	Test	2026-09-22T16:26:04.4632190Z 
worker	Build deploy bundle	﻿2026-09-22T16:26:04.5262543Z ##[group]Run npm run deploy:dry-run
worker	Build deploy bundle	2026-09-22T16:26:04.5262897Z ^[[36;1mnpm run deploy:dry-run^[[0m
worker	Build deploy bundle	2026-09-22T16:26:04.5300614Z shell: /usr/bin/bash -e {0}
worker	Build deploy bundle	2026-09-22T16:26:04.5300894Z ##[endgroup]
worker	Build deploy bundle	2026-09-22T16:26:04.6335498Z 
worker	Build deploy bundle	2026-09-22T16:26:04.6336182Z > deploy:dry-run
worker	Build deploy bundle	2026-09-22T16:26:04.6336607Z > wrangler deploy --dry-run
worker	Build deploy bundle	2026-09-22T16:26:04.6336825Z 
worker	Build deploy bundle	2026-09-22T16:26:05.8888660Z 
worker	Build deploy bundle	2026-09-22T16:26:05.8890098Z  ⛅️ wrangler 4.126.0
worker	Build deploy bundle	2026-09-22T16:26:05.8890834Z ────────────────────
worker	Build deploy bundle	2026-09-22T16:26:06.1744358Z Total Upload: 240.33 KiB / gzip: 52.76 KiB
worker	Build deploy bundle	2026-09-22T16:26:06.1768636Z Your Worker has access to the following bindings:
worker	Build deploy bundle	2026-09-22T16:26:06.1770059Z Binding                                                Resource         
worker	Build deploy bundle	2026-09-22T16:26:06.1771275Z env.DB (cairn-share)                                   D1 Database      
worker	Build deploy bundle	2026-09-22T16:26:06.1773221Z env.ENRICHMENT_IMAGES (cairn-x-enrichment-images)      R2 Bucket        
worker	Build deploy bundle	2026-09-22T16:26:06.1797622Z 
worker	Build deploy bundle	2026-09-22T16:26:06.1798068Z --dry-run: exiting now.
worker	Build deploy bundle	2026-09-22T16:26:06.1798429Z 
worker	Build deploy bundle	2026-09-22T16:26:06.1799700Z Cloudflare collects anonymous telemetry about your usage of Wrangler. Learn more at https://github.com/cloudflare/workers-sdk/tree/main/packages/wrangler/telemetry.md
worker	Post Setup Node	﻿2026-09-22T16:26:06.2497708Z Post job cleanup.
worker	Post Setup Node	2026-09-22T16:26:06.3649464Z Cache hit occurred on the primary key node-cache-Linux-x64-npm-e4c49f4fe79b89c46c6fc5d7557fa535c5678a8f04846985353e784588ddb863, not saving cache.
worker	Post Checkout	﻿2026-09-22T16:26:06.3805269Z Post job cleanup.
worker	Post Checkout	2026-09-22T16:26:06.4672625Z [command]/usr/bin/git version
worker	Post Checkout	2026-09-22T16:26:06.4719896Z git version 2.55.0
worker	Post Checkout	2026-09-22T16:26:06.4765085Z Temporarily overriding HOME='/home/runner/work/_temp/7776f45f-ab67-481f-ba9a-853a371828a9' before making global git config changes
worker	Post Checkout	2026-09-22T16:26:06.4766905Z Adding repository directory to the temporary git global config as a safe directory
worker	Post Checkout	2026-09-22T16:26:06.4768441Z [command]/usr/bin/git config --global --add safe.directory /home/runner/work/cairn-share/cairn-share
worker	Post Checkout	2026-09-22T16:26:06.4804623Z Removing SSH command configuration
worker	Post Checkout	2026-09-22T16:26:06.4813527Z [command]/usr/bin/git config --local --name-only --get-regexp core\.sshCommand
worker	Post Checkout	2026-09-22T16:26:06.4866990Z [command]/usr/bin/git submodule foreach --recursive sh -c "git config --local --name-only --get-regexp 'core\.sshCommand' && git config --local --unset-all 'core.sshCommand' || :"
worker	Post Checkout	2026-09-22T16:26:06.5120833Z Removing HTTP extra header
worker	Post Checkout	2026-09-22T16:26:06.5129127Z [command]/usr/bin/git config --local --name-only --get-regexp http\.https\:\/\/github\.com\/\.extraheader
worker	Post Checkout	2026-09-22T16:26:06.5171426Z [command]/usr/bin/git submodule foreach --recursive sh -c "git config --local --name-only --get-regexp 'http\.https\:\/\/github\.com\/\.extraheader' && git config --local --unset-all 'http.https://github.com/.extraheader' || :"
worker	Post Checkout	2026-09-22T16:26:06.5435848Z Removing includeIf entries pointing to credentials config files
worker	Post Checkout	2026-09-22T16:26:06.5437001Z [command]/usr/bin/git config --local --name-only --get-regexp ^includeIf\.gitdir:
worker	Post Checkout	2026-09-22T16:26:06.5477406Z includeif.gitdir:/home/runner/work/cairn-share/cairn-share/.git.path
worker	Post Checkout	2026-09-22T16:26:06.5491805Z includeif.gitdir:/home/runner/work/cairn-share/cairn-share/.git/worktrees/*.path
worker	Post Checkout	2026-09-22T16:26:06.5493046Z includeif.gitdir:/github/workspace/.git.path
worker	Post Checkout	2026-09-22T16:26:06.5494416Z includeif.gitdir:/github/workspace/.git/worktrees/*.path
worker	Post Checkout	2026-09-22T16:26:06.5497104Z [command]/usr/bin/git config --local --get-all includeif.gitdir:/home/runner/work/cairn-share/cairn-share/.git.path
worker	Post Checkout	2026-09-22T16:26:06.5544447Z /home/runner/work/_temp/git-credentials-2e745453-8b76-415a-96f8-8b411875fea1.config
worker	Post Checkout	2026-09-22T16:26:06.5571248Z [command]/usr/bin/git config --local --unset includeif.gitdir:/home/runner/work/cairn-share/cairn-share/.git.path \/home\/runner\/work\/_temp\/git\-credentials\-2e745453\-8b76\-415a\-96f8\-8b411875fea1\.config
worker	Post Checkout	2026-09-22T16:26:06.5622116Z [command]/usr/bin/git config --local --get-all includeif.gitdir:/home/runner/work/cairn-share/cairn-share/.git/worktrees/*.path
worker	Post Checkout	2026-09-22T16:26:06.5658830Z /home/runner/work/_temp/git-credentials-2e745453-8b76-415a-96f8-8b411875fea1.config
worker	Post Checkout	2026-09-22T16:26:06.5675901Z [command]/usr/bin/git config --local --unset includeif.gitdir:/home/runner/work/cairn-share/cairn-share/.git/worktrees/*.path \/home\/runner\/work\/_temp\/git\-credentials\-2e745453\-8b76\-415a\-96f8\-8b411875fea1\.config
worker	Post Checkout	2026-09-22T16:26:06.5727724Z [command]/usr/bin/git config --local --get-all includeif.gitdir:/github/workspace/.git.path
worker	Post Checkout	2026-09-22T16:26:06.5763974Z /github/runner_temp/git-credentials-2e745453-8b76-415a-96f8-8b411875fea1.config
worker	Post Checkout	2026-09-22T16:26:06.5776051Z [command]/usr/bin/git config --local --unset includeif.gitdir:/github/workspace/.git.path \/github\/runner_temp\/git\-credentials\-2e745453\-8b76\-415a\-96f8\-8b411875fea1\.config
worker	Post Checkout	2026-09-22T16:26:06.5831936Z [command]/usr/bin/git config --local --get-all includeif.gitdir:/github/workspace/.git/worktrees/*.path
worker	Post Checkout	2026-09-22T16:26:06.5871657Z /github/runner_temp/git-credentials-2e745453-8b76-415a-96f8-8b411875fea1.config
worker	Post Checkout	2026-09-22T16:26:06.5882053Z [command]/usr/bin/git config --local --unset includeif.gitdir:/github/workspace/.git/worktrees/*.path \/github\/runner_temp\/git\-credentials\-2e745453\-8b76\-415a\-96f8\-8b411875fea1\.config
worker	Post Checkout	2026-09-22T16:26:06.5942136Z [command]/usr/bin/git submodule foreach --recursive git config --local --show-origin --name-only --get-regexp remote.origin.url
worker	Post Checkout	2026-09-22T16:26:06.6210724Z Removing credentials config '/home/runner/work/_temp/git-credentials-2e745453-8b76-415a-96f8-8b411875fea1.config'
worker	Complete job	﻿2026-09-22T16:26:06.6380549Z Cleaning up orphan processes
