[36mWHAT[0m: 验证固定提交的八项跨仓场景
[35mWHY[0m:  让最终证据精确对应本批提交
== TestLocalWorkerFullLifecycle: starting worker on 127.0.0.1:39311 ==
=== RUN   TestLocalWorkerFullLifecycle
--- PASS: TestLocalWorkerFullLifecycle (0.85s)
PASS
ok  	github.com/Alpenl/cairn-x-enricher/tests/localintegration	0.855s
== TestLocalWorkerVersionCompetition: starting worker on 127.0.0.1:45731 ==
=== RUN   TestLocalWorkerVersionCompetition
--- PASS: TestLocalWorkerVersionCompetition (0.68s)
PASS
ok  	github.com/Alpenl/cairn-x-enricher/tests/localintegration	0.684s
== TestLocalWorkerDisplayRenameKeepsSemantics: starting worker on 127.0.0.1:59697 ==
=== RUN   TestLocalWorkerDisplayRenameKeepsSemantics
--- PASS: TestLocalWorkerDisplayRenameKeepsSemantics (0.08s)
PASS
ok  	github.com/Alpenl/cairn-x-enricher/tests/localintegration	0.086s
== TestLocalWorkerEvidenceCheckpointAndBoundRead: starting worker on 127.0.0.1:37881 ==
=== RUN   TestLocalWorkerEvidenceCheckpointAndBoundRead
    evidence_test.go:153: source saved, snapshot 503, three empty claims without attempt consumption, retry repairs snapshot with one retrieval
=== RUN   TestLocalWorkerEvidenceCheckpointAndBoundRead/404
=== RUN   TestLocalWorkerEvidenceCheckpointAndBoundRead/503
=== RUN   TestLocalWorkerEvidenceCheckpointAndBoundRead/malformed
=== RUN   TestLocalWorkerEvidenceCheckpointAndBoundRead/id
=== RUN   TestLocalWorkerEvidenceCheckpointAndBoundRead/revision
=== RUN   TestLocalWorkerEvidenceCheckpointAndBoundRead/hash
=== RUN   TestLocalWorkerEvidenceCheckpointAndBoundRead/body
=== NAME  TestLocalWorkerEvidenceCheckpointAndBoundRead
    evidence_test.go:252: real bound snapshot retained 45435 archive bytes; outbound request=2057 state=613 runes=200 blocks=0, truncation recorded
    evidence_test.go:253: seven bound-read failures: zero model calls/commits; recovery: 1 model call, 1 run
--- PASS: TestLocalWorkerEvidenceCheckpointAndBoundRead (1.34s)
    --- PASS: TestLocalWorkerEvidenceCheckpointAndBoundRead/404 (0.13s)
    --- PASS: TestLocalWorkerEvidenceCheckpointAndBoundRead/503 (0.10s)
    --- PASS: TestLocalWorkerEvidenceCheckpointAndBoundRead/malformed (0.12s)
    --- PASS: TestLocalWorkerEvidenceCheckpointAndBoundRead/id (0.12s)
    --- PASS: TestLocalWorkerEvidenceCheckpointAndBoundRead/revision (0.09s)
    --- PASS: TestLocalWorkerEvidenceCheckpointAndBoundRead/hash (0.10s)
    --- PASS: TestLocalWorkerEvidenceCheckpointAndBoundRead/body (0.13s)
PASS
ok  	github.com/Alpenl/cairn-x-enricher/tests/localintegration	1.345s
== TestLocalWorkerEntitySnapshotIdentity: starting worker on 127.0.0.1:39211 ==
=== RUN   TestLocalWorkerEntitySnapshotIdentity
    entities_test.go:210: actual processor: input_revision=1 content_revision=3 snapshot=2; classification=1 entity=1; 3 archived blocks; reject/reset API+search agree; stale result refused
--- PASS: TestLocalWorkerEntitySnapshotIdentity (0.78s)
PASS
ok  	github.com/Alpenl/cairn-x-enricher/tests/localintegration	0.785s
== TestLocalWorkerStoredQuestionReuse: starting worker on 127.0.0.1:38271 ==
=== RUN   TestLocalWorkerStoredQuestionReuse
    reuse_test.go:259: production store/read/reuse: initial=4 changed=1 display=0 policy=0; legacy/partial/alias bounded full; drift=1 and no fallback; total requests=8
--- PASS: TestLocalWorkerStoredQuestionReuse (2.15s)
PASS
ok  	github.com/Alpenl/cairn-x-enricher/tests/localintegration	2.154s
== TestLocalWorkerDecisionReferences: starting worker on 127.0.0.1:51903 ==
=== RUN   TestLocalWorkerDecisionReferences
    decision_test.go:179: production multi-run references restored; alias drift rejected; committed response-loss recovery preserved human edit and made zero additional model calls; 3 local calls total
--- PASS: TestLocalWorkerDecisionReferences (1.01s)
PASS
ok  	github.com/Alpenl/cairn-x-enricher/tests/localintegration	1.010s
== TestLocalWorkerEvidenceExecutionRecovery: starting worker on 127.0.0.1:56163 ==
=== RUN   TestLocalWorkerEvidenceExecutionRecovery
    escalation_test.go:247: real production evidence escalation: competing owner denied; 1 external HTTP fetch, checkpoint lost-response replay, 3 bounded finalize failures, new processor recovery, 2 model fixture calls; 3 original blocks retained and third poll unchanged
--- PASS: TestLocalWorkerEvidenceExecutionRecovery (0.74s)
PASS
ok  	github.com/Alpenl/cairn-x-enricher/tests/localintegration	0.741s
