[36mWHAT[0m: 验证全部真实服务场景
[35mWHY[0m:  确认公共词表入口没有回归其他队列流程
== TestLocalWorkerFullLifecycle: starting worker on 127.0.0.1:50547 ==
=== RUN   TestLocalWorkerFullLifecycle
--- PASS: TestLocalWorkerFullLifecycle (0.71s)
PASS
ok  	github.com/Alpenl/cairn-x-enricher/tests/localintegration	0.710s
== TestLocalWorkerVersionCompetition: starting worker on 127.0.0.1:55267 ==
=== RUN   TestLocalWorkerVersionCompetition
--- PASS: TestLocalWorkerVersionCompetition (0.60s)
PASS
ok  	github.com/Alpenl/cairn-x-enricher/tests/localintegration	0.599s
== TestLocalWorkerDisplayRenameKeepsSemantics: starting worker on 127.0.0.1:33635 ==
=== RUN   TestLocalWorkerDisplayRenameKeepsSemantics
--- PASS: TestLocalWorkerDisplayRenameKeepsSemantics (0.07s)
PASS
ok  	github.com/Alpenl/cairn-x-enricher/tests/localintegration	0.071s
== TestLocalWorkerEvidenceCheckpointAndBoundRead: starting worker on 127.0.0.1:53667 ==
=== RUN   TestLocalWorkerEvidenceCheckpointAndBoundRead
    evidence_test.go:153: source saved, snapshot 503, three empty claims without attempt consumption, retry repairs snapshot with one retrieval
=== RUN   TestLocalWorkerEvidenceCheckpointAndBoundRead/404
=== RUN   TestLocalWorkerEvidenceCheckpointAndBoundRead/503
=== RUN   TestLocalWorkerEvidenceCheckpointAndBoundRead/malformed
=== RUN   TestLocalWorkerEvidenceCheckpointAndBoundRead/id
=== RUN   TestLocalWorkerEvidenceCheckpointAndBoundRead/revision
=== RUN   TestLocalWorkerEvidenceCheckpointAndBoundRead/hash
=== RUN   TestLocalWorkerEvidenceCheckpointAndBoundRead/body
=== NAME  TestLocalWorkerEvidenceCheckpointAndBoundRead
    evidence_test.go:252: real bound snapshot retained 45435 archive bytes; outbound request=3172 state=613 runes=200 blocks=0, truncation recorded
    evidence_test.go:253: seven bound-read failures: zero model calls/commits; recovery: 1 model call, 1 run
--- PASS: TestLocalWorkerEvidenceCheckpointAndBoundRead (1.26s)
    --- PASS: TestLocalWorkerEvidenceCheckpointAndBoundRead/404 (0.12s)
    --- PASS: TestLocalWorkerEvidenceCheckpointAndBoundRead/503 (0.10s)
    --- PASS: TestLocalWorkerEvidenceCheckpointAndBoundRead/malformed (0.11s)
    --- PASS: TestLocalWorkerEvidenceCheckpointAndBoundRead/id (0.10s)
    --- PASS: TestLocalWorkerEvidenceCheckpointAndBoundRead/revision (0.11s)
    --- PASS: TestLocalWorkerEvidenceCheckpointAndBoundRead/hash (0.10s)
    --- PASS: TestLocalWorkerEvidenceCheckpointAndBoundRead/body (0.10s)
PASS
ok  	github.com/Alpenl/cairn-x-enricher/tests/localintegration	1.266s
== TestLocalWorkerEntitySnapshotIdentity: starting worker on 127.0.0.1:34541 ==
=== RUN   TestLocalWorkerEntitySnapshotIdentity
    entities_test.go:218: actual processor: input_revision=1 content_revision=3 snapshot=2; classification=1 entity=1; 3 archived blocks; reject/reset API+search agree; stale result refused
--- PASS: TestLocalWorkerEntitySnapshotIdentity (0.84s)
PASS
ok  	github.com/Alpenl/cairn-x-enricher/tests/localintegration	0.843s
== TestLocalWorkerStoredQuestionReuse: starting worker on 127.0.0.1:38195 ==
=== RUN   TestLocalWorkerStoredQuestionReuse
    reuse_test.go:259: production store/read/reuse: initial=4 changed=1 display=0 policy=0; legacy/partial/alias bounded full; drift=1 and no fallback; total requests=8
--- PASS: TestLocalWorkerStoredQuestionReuse (1.93s)
PASS
ok  	github.com/Alpenl/cairn-x-enricher/tests/localintegration	1.930s
== TestLocalWorkerDecisionReferences: starting worker on 127.0.0.1:43837 ==
=== RUN   TestLocalWorkerDecisionReferences
    decision_test.go:197: production multi-run references restored; alias drift rejected; committed response-loss recovery preserved human edit and made zero additional model calls; 3 local calls total
--- PASS: TestLocalWorkerDecisionReferences (0.83s)
PASS
ok  	github.com/Alpenl/cairn-x-enricher/tests/localintegration	0.830s
== TestLocalWorkerEvidenceExecutionRecovery: starting worker on 127.0.0.1:58553 ==
=== RUN   TestLocalWorkerEvidenceExecutionRecovery
    escalation_test.go:247: real production evidence escalation: competing owner denied; 1 external HTTP fetch, checkpoint lost-response replay, 3 bounded finalize failures, new processor recovery, 2 model fixture calls; 3 original blocks retained and third poll unchanged
--- PASS: TestLocalWorkerEvidenceExecutionRecovery (0.66s)
PASS
ok  	github.com/Alpenl/cairn-x-enricher/tests/localintegration	0.658s
== TestLocalWorkerEffectiveClientFilters: starting worker on 127.0.0.1:47793 ==
=== RUN   TestLocalWorkerEffectiveClientFilters
    filters_test.go:132: real dashboard -> Go -> Worker/D1: fourth topic, OR/AND, entity states, cursors/counts, export, invalid queries and confirmed membership changes passed; zero model calls
--- PASS: TestLocalWorkerEffectiveClientFilters (0.69s)
PASS
ok  	github.com/Alpenl/cairn-x-enricher/tests/localintegration	0.693s
== TestLocalWorkerObjectivePersonalBoundary: starting worker on 127.0.0.1:47255 ==
=== RUN   TestLocalWorkerObjectivePersonalBoundary
    personal_intent_test.go:138: actual provider -> Go -> Worker/D1: 3 invalid v2 completions rejected without runs; valid completion and replay preserve explicit human opposition; unsafe replay rejected; 1 fixture model call total
--- PASS: TestLocalWorkerObjectivePersonalBoundary (0.44s)
PASS
ok  	github.com/Alpenl/cairn-x-enricher/tests/localintegration	0.441s
== TestLocalWorkerClassifyCLI: starting worker on 127.0.0.1:42723 ==
=== RUN   TestLocalWorkerClassifyCLI
    classify_cli_test.go:201: actual compiled classify CLI: same service v2 spec; two bounded one-job drains, empty drain zero calls, explicit --id retry; full dimensional raw/decisions persisted; saved source and human choice unchanged; 3 local model fixture calls, no source retrieval
--- PASS: TestLocalWorkerClassifyCLI (1.11s)
PASS
ok  	github.com/Alpenl/cairn-x-enricher/tests/localintegration	1.117s
