[36mWHAT[0m: 复验完整 Go 门禁及浏览器夹具
[35mWHY[0m:  安全检查修正后验证最终实现
go vet ./...
go run github.com/golangci/golangci-lint/v2/cmd/golangci-lint@v2.13.2 run ./...
0 issues.
go test -race -coverprofile=coverage.out ./...
ok  	github.com/Alpenl/cairn-x-enricher/cmd/cairn-x-enricher	3.089s	coverage: 44.6% of statements
ok  	github.com/Alpenl/cairn-x-enricher/experiments/ablation	1.069s	coverage: 31.6% of statements
	github.com/Alpenl/cairn-x-enricher/experiments/ablation/main		coverage: 0.0% of statements
	github.com/Alpenl/cairn-x-enricher/experiments/ablation-report		coverage: 0.0% of statements
ok  	github.com/Alpenl/cairn-x-enricher/experiments/classification/main	2.143s	coverage: 43.5% of statements
ok  	github.com/Alpenl/cairn-x-enricher/experiments/classification/referencegen	1.259s	coverage: 82.7% of statements
	github.com/Alpenl/cairn-x-enricher/experiments/harvest		coverage: 0.0% of statements
	github.com/Alpenl/cairn-x-enricher/experiments/identity		coverage: 0.0% of statements
	github.com/Alpenl/cairn-x-enricher/experiments/rescore		coverage: 0.0% of statements
	github.com/Alpenl/cairn-x-enricher/experiments/threadreport		coverage: 0.0% of statements
	github.com/Alpenl/cairn-x-enricher/experiments/threadvalue		coverage: 0.0% of statements
	github.com/Alpenl/cairn-x-enricher/experiments/verifyurls		coverage: 0.0% of statements
ok  	github.com/Alpenl/cairn-x-enricher/internal/buildinfo	1.029s	coverage: 100.0% of statements
ok  	github.com/Alpenl/cairn-x-enricher/internal/cairn	1.836s	coverage: 42.3% of statements
ok  	github.com/Alpenl/cairn-x-enricher/internal/classify	1.391s	coverage: 76.7% of statements
ok  	github.com/Alpenl/cairn-x-enricher/internal/config	1.027s	coverage: 88.3% of statements
ok  	github.com/Alpenl/cairn-x-enricher/internal/dashboard	1.352s	coverage: 53.3% of statements
ok  	github.com/Alpenl/cairn-x-enricher/internal/enrich	1.368s	coverage: 83.6% of statements
ok  	github.com/Alpenl/cairn-x-enricher/internal/evaluation	1.599s	coverage: 89.1% of statements
ok  	github.com/Alpenl/cairn-x-enricher/internal/extension	1.233s	coverage: 87.2% of statements
ok  	github.com/Alpenl/cairn-x-enricher/internal/health	1.017s	coverage: 94.2% of statements
ok  	github.com/Alpenl/cairn-x-enricher/internal/processor	1.328s	coverage: 83.6% of statements
ok  	github.com/Alpenl/cairn-x-enricher/internal/taxonomy	1.022s	coverage: 93.3% of statements
ok  	github.com/Alpenl/cairn-x-enricher/tests/localintegration	1.015s	coverage: [no statements]
node internal/dashboard/frontend-check.mjs internal/dashboard
ok   common.js parses
ok   home.js parses
ok   backstage.js parses
ok   reader.js parses
ok   reader bounds its polling attempts
ok   formatDate empty
ok   formatDate invalid
ok   formatDate formats
ok   formatDate same local day is stable
ok   formatDate different days differ
ok   formatDateTime formats
ok   formatDateTime distinguishes instants
ok   formatDateTime is stable for one instant
ok   formatDate still collapses one local day
ok   bucket invalid
ok   bucket today
ok   bucket 3 days
ok   bucket 10 days
ok   bucket 60 days
ok   shortURL strips www
ok   shortURL repeated
ok   shortURL invalid
ok   termLabel unknown
ok   metadata sparse
ok   metadata empty
ok   exportMarkdown returns a promise
ok   exportMarkdown resolves
ok   home renders cards into the stream
ok   home renders the bucket band
ok   home renders titles
ok   home keeps features out of the stream
ok   search highlights matches
ok   highlight marks carry the matched text
ok   empty result renders no cards
ok   empty state is revealed
ok   reader defers collapsed original paragraphs
ok   reader preserves unchanged body nodes during polling
ok   reader preserves unchanged images during polling
ok   reader expands original text on demand
ok   reader refreshes changed visible translation
ok   reader refreshes changed expanded original
ok   summary export hydrates the selected detail
ok   summary export includes both full languages
ok   failed hydration cannot produce a partial export
ok   editing a reason marks the form dirty
ok   polling does not refetch detail while the form is dirty
ok   a dirty reason draft is not overwritten by a poll
ok   a dirty status draft is not overwritten by a poll
ok   reader sends one patch for a why-only save
ok   why-only save omits classification
ok   reader sends one patch for a status-only save
ok   status-only save omits classification
ok   reader sends one patch for a why+status-only save
ok   why+status-only save omits classification
ok   explicit tag edit sends one patch
ok   explicit tag edit sends classification
ok   explicit tag edit keeps the reason field
ok   confirm button is offered before review
ok   explicit confirmation sends one patch
ok   explicit confirmation sends classification
ok   explicit confirmation keeps the AI topics
ok   errorLabel(job_busy)
ok   errorLabel(not_found)
ok   errorLabel(backend_error)
ok   errorLabel(queue_full)
ok   errorLabel(invalid_ids)
ok   errorLabel(invalid_source)
ok   errorLabel(invalid_curation)
ok   errorLabel(invalid_id)
ok   errorLabel(invalid_query)
ok   errorLabel(invalid_json)
ok   errorLabel(invalid_content_type)
ok   errorLabel unknown is shown verbatim

73/73 checks passed
mkdir -p bin
CGO_ENABLED=0 go build -trimpath -ldflags "-s -w -X github.com/Alpenl/cairn-x-enricher/internal/buildinfo.Version=dev -X github.com/Alpenl/cairn-x-enricher/internal/buildinfo.Commit=035a65f -X github.com/Alpenl/cairn-x-enricher/internal/buildinfo.Date=2026-09-22T21:00:07Z" -o bin/cairn-x-enricher ./cmd/cairn-x-enricher
=== RUN   TestBrowserPrivateImageCache
    image_browser_test.go:94: ok 1 prewarm old release URL
        ok 2 browser actually reuses old response
        ok 3 old cached response avoided a second HTTP request
        ok 4 production URL escapes old cache
        ok 5 current image comes from actual Go proxy
        ok 6 private cache policy
        ok 7 same current URL sees changed bytes
        ok 8 all current reads reached upstream
        ok 9 deleted owner rejects cached or orphan image
        ok 10 no image bytes on deletion
        ok 11 deletion checked before orphan image fetch
        ok 12 page recreation still rejects deleted image
        PASS: 12 real-browser cache checks; zero paid calls

--- PASS: TestBrowserPrivateImageCache (0.59s)
PASS
ok  	github.com/Alpenl/cairn-x-enricher/internal/dashboard	0.597s
