== TestLocalWorkerFullLifecycle: starting worker on 127.0.0.1:58841 ==
=== RUN   TestLocalWorkerFullLifecycle
    local_integration_test.go:380: HTTP deletion and exact retry removed a real source/classification/replay/human-curation history; actual Go reads cannot recover the deleted source or runs; zero deletion model calls
--- PASS: TestLocalWorkerFullLifecycle (0.88s)
PASS
ok  	github.com/Alpenl/cairn-x-enricher/tests/localintegration	0.882s
== TestLocalWorkerVersionCompetition: starting worker on 127.0.0.1:39143 ==
=== RUN   TestLocalWorkerVersionCompetition
--- PASS: TestLocalWorkerVersionCompetition (0.64s)
PASS
ok  	github.com/Alpenl/cairn-x-enricher/tests/localintegration	0.648s
== TestLocalWorkerDisplayRenameKeepsSemantics: starting worker on 127.0.0.1:33415 ==
=== RUN   TestLocalWorkerDisplayRenameKeepsSemantics
--- PASS: TestLocalWorkerDisplayRenameKeepsSemantics (0.08s)
PASS
ok  	github.com/Alpenl/cairn-x-enricher/tests/localintegration	0.080s
== TestLocalWorkerEvidenceCheckpointAndBoundRead: starting worker on 127.0.0.1:56433 ==
=== RUN   TestLocalWorkerEvidenceCheckpointAndBoundRead
    evidence_test.go:153: source saved, snapshot 503, three empty claims without attempt consumption, retry repairs snapshot with one retrieval
=== RUN   TestLocalWorkerEvidenceCheckpointAndBoundRead/404
=== RUN   TestLocalWorkerEvidenceCheckpointAndBoundRead/503
=== RUN   TestLocalWorkerEvidenceCheckpointAndBoundRead/malformed
=== RUN   TestLocalWorkerEvidenceCheckpointAndBoundRead/id
=== RUN   TestLocalWorkerEvidenceCheckpointAndBoundRead/revision
=== RUN   TestLocalWorkerEvidenceCheckpointAndBoundRead/hash
=== RUN   TestLocalWorkerEvidenceCheckpointAndBoundRead/body
=== NAME  TestLocalWorkerEvidenceCheckpointAndBoundRead
    evidence_test.go:252: real bound snapshot retained 45435 archive bytes; outbound request=3172 state=613 runes=200 blocks=0, truncation recorded
    evidence_test.go:253: seven bound-read failures: zero model calls/commits; recovery: 1 model call, 1 run
--- PASS: TestLocalWorkerEvidenceCheckpointAndBoundRead (1.46s)
    --- PASS: TestLocalWorkerEvidenceCheckpointAndBoundRead/404 (0.14s)
    --- PASS: TestLocalWorkerEvidenceCheckpointAndBoundRead/503 (0.11s)
    --- PASS: TestLocalWorkerEvidenceCheckpointAndBoundRead/malformed (0.12s)
    --- PASS: TestLocalWorkerEvidenceCheckpointAndBoundRead/id (0.11s)
    --- PASS: TestLocalWorkerEvidenceCheckpointAndBoundRead/revision (0.11s)
    --- PASS: TestLocalWorkerEvidenceCheckpointAndBoundRead/hash (0.10s)
    --- PASS: TestLocalWorkerEvidenceCheckpointAndBoundRead/body (0.10s)
PASS
ok  	github.com/Alpenl/cairn-x-enricher/tests/localintegration	1.467s
== TestLocalWorkerEntitySnapshotIdentity: starting worker on 127.0.0.1:60299 ==
=== RUN   TestLocalWorkerEntitySnapshotIdentity
    entities_test.go:218: actual processor: input_revision=1 content_revision=3 snapshot=2; classification=1 entity=1; 3 archived blocks; reject/reset API+search agree; stale result refused
--- PASS: TestLocalWorkerEntitySnapshotIdentity (0.89s)
PASS
ok  	github.com/Alpenl/cairn-x-enricher/tests/localintegration	0.899s
== TestLocalWorkerStoredQuestionReuse: starting worker on 127.0.0.1:57903 ==
=== RUN   TestLocalWorkerStoredQuestionReuse
    reuse_test.go:259: production store/read/reuse: initial=4 changed=1 display=0 policy=0; legacy/partial/alias bounded full; drift=1 and no fallback; total requests=8
--- PASS: TestLocalWorkerStoredQuestionReuse (2.07s)
PASS
ok  	github.com/Alpenl/cairn-x-enricher/tests/localintegration	2.077s
== TestLocalWorkerDecisionReferences: starting worker on 127.0.0.1:50927 ==
=== RUN   TestLocalWorkerDecisionReferences
    decision_test.go:197: production multi-run references restored; alias drift rejected; committed response-loss recovery preserved human edit and made zero additional model calls; 3 local calls total
--- PASS: TestLocalWorkerDecisionReferences (0.92s)
PASS
ok  	github.com/Alpenl/cairn-x-enricher/tests/localintegration	0.922s
== TestLocalWorkerEvidenceExecutionRecovery: starting worker on 127.0.0.1:42505 ==
=== RUN   TestLocalWorkerEvidenceExecutionRecovery
    escalation_test.go:247: real production evidence escalation: competing owner denied; 1 external HTTP fetch, checkpoint lost-response replay, 3 bounded finalize failures, new processor recovery, 2 model fixture calls; 3 original blocks retained and third poll unchanged
--- PASS: TestLocalWorkerEvidenceExecutionRecovery (0.73s)
PASS
ok  	github.com/Alpenl/cairn-x-enricher/tests/localintegration	0.734s
== TestLocalWorkerEffectiveClientFilters: starting worker on 127.0.0.1:44485 ==
=== RUN   TestLocalWorkerEffectiveClientFilters
    filters_test.go:132: real dashboard -> Go -> Worker/D1: fourth topic, OR/AND, entity states, cursors/counts, export, invalid queries and confirmed membership changes passed; zero model calls
--- PASS: TestLocalWorkerEffectiveClientFilters (0.71s)
PASS
ok  	github.com/Alpenl/cairn-x-enricher/tests/localintegration	0.712s
== TestLocalWorkerObjectivePersonalBoundary: starting worker on 127.0.0.1:39729 ==
=== RUN   TestLocalWorkerObjectivePersonalBoundary
    personal_intent_test.go:138: actual provider -> Go -> Worker/D1: 3 invalid v2 completions rejected without runs; valid completion and replay preserve explicit human opposition; unsafe replay rejected; 1 fixture model call total
--- PASS: TestLocalWorkerObjectivePersonalBoundary (0.49s)
PASS
ok  	github.com/Alpenl/cairn-x-enricher/tests/localintegration	0.491s
== TestLocalWorkerClassifyCLI: starting worker on 127.0.0.1:55837 ==
=== RUN   TestLocalWorkerClassifyCLI
    classify_cli_test.go:201: actual compiled classify CLI: same service v2 spec; two bounded one-job drains, empty drain zero calls, explicit --id retry; full dimensional raw/decisions persisted; saved source and human choice unchanged; 3 local model fixture calls, no source retrieval
--- PASS: TestLocalWorkerClassifyCLI (1.17s)
PASS
ok  	github.com/Alpenl/cairn-x-enricher/tests/localintegration	1.176s
== TestLocalWorkerCarrierDefinitionUpgrade: starting worker on 127.0.0.1:40957 ==
=== RUN   TestLocalWorkerCarrierDefinitionUpgrade
    carrier_catalog_test.go:88: actual Worker definition v2 -> production catalog -> experiment spec exact match; only carriers changed; old classify-736e775b96c2 and new classify-ffb0edb18cb5 separately persisted/read; legacy 17/7/5 vocabulary retained; zero model calls
--- PASS: TestLocalWorkerCarrierDefinitionUpgrade (0.12s)
PASS
ok  	github.com/Alpenl/cairn-x-enricher/tests/localintegration	0.124s
== TestLocalWorkerPrivateImageLifecycle: starting worker on 127.0.0.1:34601 ==
=== RUN   TestLocalWorkerPrivateImageLifecycle
    image_privacy_test.go:90: actual Worker/D1/R2 + Go client/dashboard: PNG read, no-store, authenticated delete, conditional stale read rejected; zero model calls
--- PASS: TestLocalWorkerPrivateImageLifecycle (0.12s)
PASS
ok  	github.com/Alpenl/cairn-x-enricher/tests/localintegration	0.123s
