
> test
> vitest run

[33m▲ [43;33m[[43;30mWARNING[43;33m][0m [1mProxy environment variables detected. We'll use your proxy for fetch requests.[0m


(node:2538278) [DEP0040] DeprecationWarning: The `punycode` module is deprecated. Please use a userland alternative instead.
(Use `node --trace-deprecation ...` to show where the warning was created)

 RUN  v4.1.11 /tmp/cairn-share-privacy-next/worker

exception = workerd/api/unsafe.c++:229: failed: jsg.Error: Application called deleteAllDurableObjects().
stack: /home/alpen/Stu/Cairn/cairn-share/worker/node_modules/@cloudflare/workerd-linux-64/bin/workerd@376c0d0 /home/alpen/Stu/Cairn/cairn-share/worker/node_modules/@cloudflare/workerd-linux-64/bin/workerd@23ba480 /home/alpen/Stu/Cairn/cairn-share/worker/node_modules/@cloudflare/workerd-linux-64/bin/workerd@579605a /home/alpen/Stu/Cairn/cairn-share/worker/node_modules/@cloudflare/workerd-linux-64/bin/workerd@5934588 /home/alpen/Stu/Cairn/cairn-share/worker/node_modules/@cloudflare/workerd-linux-64/bin/workerd@57957c0 /home/alpen/Stu/Cairn/cairn-share/worker/node_modules/@cloudflare/workerd-linux-64/bin/workerd@34c54e0 /home/alpen/Stu/Cairn/cairn-share/worker/node_modules/@cloudflare/workerd-linux-64/bin/workerd@34c5a00 /home/alpen/Stu/Cairn/cairn-share/worker/node_modules/@cloudflare/workerd-linux-64/bin/workerd@3359440 /home/alpen/Stu/Cairn/cairn-share/worker/node_modules/@cloudflare/workerd-linux-64/bin/workerd@33597f6 /home/alpen/Stu/Cairn/cairn-share/worker/node_modules/@cloudflare/workerd-linux-64/bin/workerd@5934588 /home/alpen/Stu/Cairn/cairn-share/worker/node_modules/@cloudflare/workerd-linux-64/bin/workerd@30c87cb /home/alpen/Stu/Cairn/cairn-share/worker/node_modules/@cloudflare/workerd-linux-64/bin/workerd@30c8c94
exception = workerd/api/unsafe.c++:229: failed: jsg.Error: Application called deleteAllDurableObjects().
stack: /home/alpen/Stu/Cairn/cairn-share/worker/node_modules/@cloudflare/workerd-linux-64/bin/workerd@376c0d0 /home/alpen/Stu/Cairn/cairn-share/worker/node_modules/@cloudflare/workerd-linux-64/bin/workerd@23ba480 /home/alpen/Stu/Cairn/cairn-share/worker/node_modules/@cloudflare/workerd-linux-64/bin/workerd@579605a /home/alpen/Stu/Cairn/cairn-share/worker/node_modules/@cloudflare/workerd-linux-64/bin/workerd@5934588 /home/alpen/Stu/Cairn/cairn-share/worker/node_modules/@cloudflare/workerd-linux-64/bin/workerd@57957c0 /home/alpen/Stu/Cairn/cairn-share/worker/node_modules/@cloudflare/workerd-linux-64/bin/workerd@34c54e0 /home/alpen/Stu/Cairn/cairn-share/worker/node_modules/@cloudflare/workerd-linux-64/bin/workerd@34c5a00 /home/alpen/Stu/Cairn/cairn-share/worker/node_modules/@cloudflare/workerd-linux-64/bin/workerd@3359440 /home/alpen/Stu/Cairn/cairn-share/worker/node_modules/@cloudflare/workerd-linux-64/bin/workerd@33597f6 /home/alpen/Stu/Cairn/cairn-share/worker/node_modules/@cloudflare/workerd-linux-64/bin/workerd@5934588 /home/alpen/Stu/Cairn/cairn-share/worker/node_modules/@cloudflare/workerd-linux-64/bin/workerd@30c87cb /home/alpen/Stu/Cairn/cairn-share/worker/node_modules/@cloudflare/workerd-linux-64/bin/workerd@30c8c94
exception = workerd/api/unsafe.c++:229: failed: jsg.Error: Application called deleteAllDurableObjects().
stack: /home/alpen/Stu/Cairn/cairn-share/worker/node_modules/@cloudflare/workerd-linux-64/bin/workerd@376c0d0 /home/alpen/Stu/Cairn/cairn-share/worker/node_modules/@cloudflare/workerd-linux-64/bin/workerd@23ba480 /home/alpen/Stu/Cairn/cairn-share/worker/node_modules/@cloudflare/workerd-linux-64/bin/workerd@579605a /home/alpen/Stu/Cairn/cairn-share/worker/node_modules/@cloudflare/workerd-linux-64/bin/workerd@5934588 /home/alpen/Stu/Cairn/cairn-share/worker/node_modules/@cloudflare/workerd-linux-64/bin/workerd@57957c0 /home/alpen/Stu/Cairn/cairn-share/worker/node_modules/@cloudflare/workerd-linux-64/bin/workerd@34c54e0 /home/alpen/Stu/Cairn/cairn-share/worker/node_modules/@cloudflare/workerd-linux-64/bin/workerd@34c5a00 /home/alpen/Stu/Cairn/cairn-share/worker/node_modules/@cloudflare/workerd-linux-64/bin/workerd@3359440 /home/alpen/Stu/Cairn/cairn-share/worker/node_modules/@cloudflare/workerd-linux-64/bin/workerd@33597f6 /home/alpen/Stu/Cairn/cairn-share/worker/node_modules/@cloudflare/workerd-linux-64/bin/workerd@5934588 /home/alpen/Stu/Cairn/cairn-share/worker/node_modules/@cloudflare/workerd-linux-64/bin/workerd@30c87cb /home/alpen/Stu/Cairn/cairn-share/worker/node_modules/@cloudflare/workerd-linux-64/bin/workerd@30c8c94
exception = workerd/api/unsafe.c++:229: failed: jsg.Error: Application called deleteAllDurableObjects().
stack: /home/alpen/Stu/Cairn/cairn-share/worker/node_modules/@cloudflare/workerd-linux-64/bin/workerd@376c0d0 /home/alpen/Stu/Cairn/cairn-share/worker/node_modules/@cloudflare/workerd-linux-64/bin/workerd@23ba480 /home/alpen/Stu/Cairn/cairn-share/worker/node_modules/@cloudflare/workerd-linux-64/bin/workerd@579605a /home/alpen/Stu/Cairn/cairn-share/worker/node_modules/@cloudflare/workerd-linux-64/bin/workerd@5934588 /home/alpen/Stu/Cairn/cairn-share/worker/node_modules/@cloudflare/workerd-linux-64/bin/workerd@57957c0 /home/alpen/Stu/Cairn/cairn-share/worker/node_modules/@cloudflare/workerd-linux-64/bin/workerd@34c54e0 /home/alpen/Stu/Cairn/cairn-share/worker/node_modules/@cloudflare/workerd-linux-64/bin/workerd@34c5a00 /home/alpen/Stu/Cairn/cairn-share/worker/node_modules/@cloudflare/workerd-linux-64/bin/workerd@3359440 /home/alpen/Stu/Cairn/cairn-share/worker/node_modules/@cloudflare/workerd-linux-64/bin/workerd@33597f6 /home/alpen/Stu/Cairn/cairn-share/worker/node_modules/@cloudflare/workerd-linux-64/bin/workerd@5934588 /home/alpen/Stu/Cairn/cairn-share/worker/node_modules/@cloudflare/workerd-linux-64/bin/workerd@30c87cb /home/alpen/Stu/Cairn/cairn-share/worker/node_modules/@cloudflare/workerd-linux-64/bin/workerd@30c8c94
 ❯ test/privacy-delete.test.ts (7 tests | 1 failed) 9365ms
   × atomically deletes populated private tables, references, budgets and cached visibility 443ms
exception = workerd/api/unsafe.c++:229: failed: jsg.Error: Application called deleteAllDurableObjects().
stack: /home/alpen/Stu/Cairn/cairn-share/worker/node_modules/@cloudflare/workerd-linux-64/bin/workerd@376c0d0 /home/alpen/Stu/Cairn/cairn-share/worker/node_modules/@cloudflare/workerd-linux-64/bin/workerd@23ba480 /home/alpen/Stu/Cairn/cairn-share/worker/node_modules/@cloudflare/workerd-linux-64/bin/workerd@579605a /home/alpen/Stu/Cairn/cairn-share/worker/node_modules/@cloudflare/workerd-linux-64/bin/workerd@5934588 /home/alpen/Stu/Cairn/cairn-share/worker/node_modules/@cloudflare/workerd-linux-64/bin/workerd@57957c0 /home/alpen/Stu/Cairn/cairn-share/worker/node_modules/@cloudflare/workerd-linux-64/bin/workerd@34c54e0 /home/alpen/Stu/Cairn/cairn-share/worker/node_modules/@cloudflare/workerd-linux-64/bin/workerd@34c5a00 /home/alpen/Stu/Cairn/cairn-share/worker/node_modules/@cloudflare/workerd-linux-64/bin/workerd@3359440 /home/alpen/Stu/Cairn/cairn-share/worker/node_modules/@cloudflare/workerd-linux-64/bin/workerd@33597f6 /home/alpen/Stu/Cairn/cairn-share/worker/node_modules/@cloudflare/workerd-linux-64/bin/workerd@5934588 /home/alpen/Stu/Cairn/cairn-share/worker/node_modules/@cloudflare/workerd-linux-64/bin/workerd@30c87cb /home/alpen/Stu/Cairn/cairn-share/worker/node_modules/@cloudflare/workerd-linux-64/bin/workerd@30c8c94
exception = workerd/api/unsafe.c++:229: failed: jsg.Error: Application called deleteAllDurableObjects().
stack: /home/alpen/Stu/Cairn/cairn-share/worker/node_modules/@cloudflare/workerd-linux-64/bin/workerd@376c0d0 /home/alpen/Stu/Cairn/cairn-share/worker/node_modules/@cloudflare/workerd-linux-64/bin/workerd@23ba480 /home/alpen/Stu/Cairn/cairn-share/worker/node_modules/@cloudflare/workerd-linux-64/bin/workerd@579605a /home/alpen/Stu/Cairn/cairn-share/worker/node_modules/@cloudflare/workerd-linux-64/bin/workerd@5934588 /home/alpen/Stu/Cairn/cairn-share/worker/node_modules/@cloudflare/workerd-linux-64/bin/workerd@57957c0 /home/alpen/Stu/Cairn/cairn-share/worker/node_modules/@cloudflare/workerd-linux-64/bin/workerd@34c54e0 /home/alpen/Stu/Cairn/cairn-share/worker/node_modules/@cloudflare/workerd-linux-64/bin/workerd@34c5a00 /home/alpen/Stu/Cairn/cairn-share/worker/node_modules/@cloudflare/workerd-linux-64/bin/workerd@3359440 /home/alpen/Stu/Cairn/cairn-share/worker/node_modules/@cloudflare/workerd-linux-64/bin/workerd@33597f6 /home/alpen/Stu/Cairn/cairn-share/worker/node_modules/@cloudflare/workerd-linux-64/bin/workerd@5934588 /home/alpen/Stu/Cairn/cairn-share/worker/node_modules/@cloudflare/workerd-linux-64/bin/workerd@30c87cb /home/alpen/Stu/Cairn/cairn-share/worker/node_modules/@cloudflare/workerd-linux-64/bin/workerd@30c8c94
exception = workerd/api/unsafe.c++:229: failed: jsg.Error: Application called deleteAllDurableObjects().
stack: /home/alpen/Stu/Cairn/cairn-share/worker/node_modules/@cloudflare/workerd-linux-64/bin/workerd@376c0d0 /home/alpen/Stu/Cairn/cairn-share/worker/node_modules/@cloudflare/workerd-linux-64/bin/workerd@23ba480 /home/alpen/Stu/Cairn/cairn-share/worker/node_modules/@cloudflare/workerd-linux-64/bin/workerd@579605a /home/alpen/Stu/Cairn/cairn-share/worker/node_modules/@cloudflare/workerd-linux-64/bin/workerd@5934588 /home/alpen/Stu/Cairn/cairn-share/worker/node_modules/@cloudflare/workerd-linux-64/bin/workerd@57957c0 /home/alpen/Stu/Cairn/cairn-share/worker/node_modules/@cloudflare/workerd-linux-64/bin/workerd@34c54e0 /home/alpen/Stu/Cairn/cairn-share/worker/node_modules/@cloudflare/workerd-linux-64/bin/workerd@34c5a00 /home/alpen/Stu/Cairn/cairn-share/worker/node_modules/@cloudflare/workerd-linux-64/bin/workerd@3359440 /home/alpen/Stu/Cairn/cairn-share/worker/node_modules/@cloudflare/workerd-linux-64/bin/workerd@33597f6 /home/alpen/Stu/Cairn/cairn-share/worker/node_modules/@cloudflare/workerd-linux-64/bin/workerd@5934588 /home/alpen/Stu/Cairn/cairn-share/worker/node_modules/@cloudflare/workerd-linux-64/bin/workerd@30c87cb /home/alpen/Stu/Cairn/cairn-share/worker/node_modules/@cloudflare/workerd-linux-64/bin/workerd@30c8c94
exception = workerd/api/unsafe.c++:229: failed: jsg.Error: Application called deleteAllDurableObjects().
stack: /home/alpen/Stu/Cairn/cairn-share/worker/node_modules/@cloudflare/workerd-linux-64/bin/workerd@376c0d0 /home/alpen/Stu/Cairn/cairn-share/worker/node_modules/@cloudflare/workerd-linux-64/bin/workerd@23ba480 /home/alpen/Stu/Cairn/cairn-share/worker/node_modules/@cloudflare/workerd-linux-64/bin/workerd@579605a /home/alpen/Stu/Cairn/cairn-share/worker/node_modules/@cloudflare/workerd-linux-64/bin/workerd@5934588 /home/alpen/Stu/Cairn/cairn-share/worker/node_modules/@cloudflare/workerd-linux-64/bin/workerd@57957c0 /home/alpen/Stu/Cairn/cairn-share/worker/node_modules/@cloudflare/workerd-linux-64/bin/workerd@34c54e0 /home/alpen/Stu/Cairn/cairn-share/worker/node_modules/@cloudflare/workerd-linux-64/bin/workerd@34c5a00 /home/alpen/Stu/Cairn/cairn-share/worker/node_modules/@cloudflare/workerd-linux-64/bin/workerd@3359440 /home/alpen/Stu/Cairn/cairn-share/worker/node_modules/@cloudflare/workerd-linux-64/bin/workerd@33597f6 /home/alpen/Stu/Cairn/cairn-share/worker/node_modules/@cloudflare/workerd-linux-64/bin/workerd@5934588 /home/alpen/Stu/Cairn/cairn-share/worker/node_modules/@cloudflare/workerd-linux-64/bin/workerd@30c87cb /home/alpen/Stu/Cairn/cairn-share/worker/node_modules/@cloudflare/workerd-linux-64/bin/workerd@30c8c94
exception = workerd/api/unsafe.c++:229: failed: jsg.Error: Application called deleteAllDurableObjects().
stack: /home/alpen/Stu/Cairn/cairn-share/worker/node_modules/@cloudflare/workerd-linux-64/bin/workerd@376c0d0 /home/alpen/Stu/Cairn/cairn-share/worker/node_modules/@cloudflare/workerd-linux-64/bin/workerd@23ba480 /home/alpen/Stu/Cairn/cairn-share/worker/node_modules/@cloudflare/workerd-linux-64/bin/workerd@579605a /home/alpen/Stu/Cairn/cairn-share/worker/node_modules/@cloudflare/workerd-linux-64/bin/workerd@5934588 /home/alpen/Stu/Cairn/cairn-share/worker/node_modules/@cloudflare/workerd-linux-64/bin/workerd@57957c0 /home/alpen/Stu/Cairn/cairn-share/worker/node_modules/@cloudflare/workerd-linux-64/bin/workerd@34c54e0 /home/alpen/Stu/Cairn/cairn-share/worker/node_modules/@cloudflare/workerd-linux-64/bin/workerd@34c5a00 /home/alpen/Stu/Cairn/cairn-share/worker/node_modules/@cloudflare/workerd-linux-64/bin/workerd@3359440 /home/alpen/Stu/Cairn/cairn-share/worker/node_modules/@cloudflare/workerd-linux-64/bin/workerd@33597f6 /home/alpen/Stu/Cairn/cairn-share/worker/node_modules/@cloudflare/workerd-linux-64/bin/workerd@5934588 /home/alpen/Stu/Cairn/cairn-share/worker/node_modules/@cloudflare/workerd-linux-64/bin/workerd@30c87cb /home/alpen/Stu/Cairn/cairn-share/worker/node_modules/@cloudflare/workerd-linux-64/bin/workerd@30c8c94
exception = workerd/api/unsafe.c++:229: failed: jsg.Error: Application called deleteAllDurableObjects().
stack: /home/alpen/Stu/Cairn/cairn-share/worker/node_modules/@cloudflare/workerd-linux-64/bin/workerd@376c0d0 /home/alpen/Stu/Cairn/cairn-share/worker/node_modules/@cloudflare/workerd-linux-64/bin/workerd@23ba480 /home/alpen/Stu/Cairn/cairn-share/worker/node_modules/@cloudflare/workerd-linux-64/bin/workerd@579605a /home/alpen/Stu/Cairn/cairn-share/worker/node_modules/@cloudflare/workerd-linux-64/bin/workerd@5934588 /home/alpen/Stu/Cairn/cairn-share/worker/node_modules/@cloudflare/workerd-linux-64/bin/workerd@57957c0 /home/alpen/Stu/Cairn/cairn-share/worker/node_modules/@cloudflare/workerd-linux-64/bin/workerd@34c54e0 /home/alpen/Stu/Cairn/cairn-share/worker/node_modules/@cloudflare/workerd-linux-64/bin/workerd@34c5a00 /home/alpen/Stu/Cairn/cairn-share/worker/node_modules/@cloudflare/workerd-linux-64/bin/workerd@3359440 /home/alpen/Stu/Cairn/cairn-share/worker/node_modules/@cloudflare/workerd-linux-64/bin/workerd@33597f6 /home/alpen/Stu/Cairn/cairn-share/worker/node_modules/@cloudflare/workerd-linux-64/bin/workerd@5934588 /home/alpen/Stu/Cairn/cairn-share/worker/node_modules/@cloudflare/workerd-linux-64/bin/workerd@30c87cb /home/alpen/Stu/Cairn/cairn-share/worker/node_modules/@cloudflare/workerd-linux-64/bin/workerd@30c8c94
exception = workerd/api/unsafe.c++:229: failed: jsg.Error: Application called deleteAllDurableObjects().
stack: /home/alpen/Stu/Cairn/cairn-share/worker/node_modules/@cloudflare/workerd-linux-64/bin/workerd@376c0d0 /home/alpen/Stu/Cairn/cairn-share/worker/node_modules/@cloudflare/workerd-linux-64/bin/workerd@23ba480 /home/alpen/Stu/Cairn/cairn-share/worker/node_modules/@cloudflare/workerd-linux-64/bin/workerd@579605a /home/alpen/Stu/Cairn/cairn-share/worker/node_modules/@cloudflare/workerd-linux-64/bin/workerd@5934588 /home/alpen/Stu/Cairn/cairn-share/worker/node_modules/@cloudflare/workerd-linux-64/bin/workerd@57957c0 /home/alpen/Stu/Cairn/cairn-share/worker/node_modules/@cloudflare/workerd-linux-64/bin/workerd@34c54e0 /home/alpen/Stu/Cairn/cairn-share/worker/node_modules/@cloudflare/workerd-linux-64/bin/workerd@34c5a00 /home/alpen/Stu/Cairn/cairn-share/worker/node_modules/@cloudflare/workerd-linux-64/bin/workerd@3359440 /home/alpen/Stu/Cairn/cairn-share/worker/node_modules/@cloudflare/workerd-linux-64/bin/workerd@33597f6 /home/alpen/Stu/Cairn/cairn-share/worker/node_modules/@cloudflare/workerd-linux-64/bin/workerd@5934588 /home/alpen/Stu/Cairn/cairn-share/worker/node_modules/@cloudflare/workerd-linux-64/bin/workerd@30c87cb /home/alpen/Stu/Cairn/cairn-share/worker/node_modules/@cloudflare/workerd-linux-64/bin/workerd@30c8c94
exception = workerd/api/unsafe.c++:229: failed: jsg.Error: Application called deleteAllDurableObjects().
stack: /home/alpen/Stu/Cairn/cairn-share/worker/node_modules/@cloudflare/workerd-linux-64/bin/workerd@376c0d0 /home/alpen/Stu/Cairn/cairn-share/worker/node_modules/@cloudflare/workerd-linux-64/bin/workerd@23ba480 /home/alpen/Stu/Cairn/cairn-share/worker/node_modules/@cloudflare/workerd-linux-64/bin/workerd@579605a /home/alpen/Stu/Cairn/cairn-share/worker/node_modules/@cloudflare/workerd-linux-64/bin/workerd@5934588 /home/alpen/Stu/Cairn/cairn-share/worker/node_modules/@cloudflare/workerd-linux-64/bin/workerd@57957c0 /home/alpen/Stu/Cairn/cairn-share/worker/node_modules/@cloudflare/workerd-linux-64/bin/workerd@34c54e0 /home/alpen/Stu/Cairn/cairn-share/worker/node_modules/@cloudflare/workerd-linux-64/bin/workerd@34c5a00 /home/alpen/Stu/Cairn/cairn-share/worker/node_modules/@cloudflare/workerd-linux-64/bin/workerd@3359440 /home/alpen/Stu/Cairn/cairn-share/worker/node_modules/@cloudflare/workerd-linux-64/bin/workerd@33597f6 /home/alpen/Stu/Cairn/cairn-share/worker/node_modules/@cloudflare/workerd-linux-64/bin/workerd@5934588 /home/alpen/Stu/Cairn/cairn-share/worker/node_modules/@cloudflare/workerd-linux-64/bin/workerd@30c87cb /home/alpen/Stu/Cairn/cairn-share/worker/node_modules/@cloudflare/workerd-linux-64/bin/workerd@30c8c94
exception = workerd/api/unsafe.c++:229: failed: jsg.Error: Application called deleteAllDurableObjects().
stack: /home/alpen/Stu/Cairn/cairn-share/worker/node_modules/@cloudflare/workerd-linux-64/bin/workerd@376c0d0 /home/alpen/Stu/Cairn/cairn-share/worker/node_modules/@cloudflare/workerd-linux-64/bin/workerd@23ba480 /home/alpen/Stu/Cairn/cairn-share/worker/node_modules/@cloudflare/workerd-linux-64/bin/workerd@579605a /home/alpen/Stu/Cairn/cairn-share/worker/node_modules/@cloudflare/workerd-linux-64/bin/workerd@5934588 /home/alpen/Stu/Cairn/cairn-share/worker/node_modules/@cloudflare/workerd-linux-64/bin/workerd@57957c0 /home/alpen/Stu/Cairn/cairn-share/worker/node_modules/@cloudflare/workerd-linux-64/bin/workerd@34c54e0 /home/alpen/Stu/Cairn/cairn-share/worker/node_modules/@cloudflare/workerd-linux-64/bin/workerd@34c5a00 /home/alpen/Stu/Cairn/cairn-share/worker/node_modules/@cloudflare/workerd-linux-64/bin/workerd@3359440 /home/alpen/Stu/Cairn/cairn-share/worker/node_modules/@cloudflare/workerd-linux-64/bin/workerd@33597f6 /home/alpen/Stu/Cairn/cairn-share/worker/node_modules/@cloudflare/workerd-linux-64/bin/workerd@5934588 /home/alpen/Stu/Cairn/cairn-share/worker/node_modules/@cloudflare/workerd-linux-64/bin/workerd@30c87cb /home/alpen/Stu/Cairn/cairn-share/worker/node_modules/@cloudflare/workerd-linux-64/bin/workerd@30c8c94
exception = workerd/api/unsafe.c++:229: failed: jsg.Error: Application called deleteAllDurableObjects().
stack: /home/alpen/Stu/Cairn/cairn-share/worker/node_modules/@cloudflare/workerd-linux-64/bin/workerd@376c0d0 /home/alpen/Stu/Cairn/cairn-share/worker/node_modules/@cloudflare/workerd-linux-64/bin/workerd@23ba480 /home/alpen/Stu/Cairn/cairn-share/worker/node_modules/@cloudflare/workerd-linux-64/bin/workerd@579605a /home/alpen/Stu/Cairn/cairn-share/worker/node_modules/@cloudflare/workerd-linux-64/bin/workerd@5934588 /home/alpen/Stu/Cairn/cairn-share/worker/node_modules/@cloudflare/workerd-linux-64/bin/workerd@57957c0 /home/alpen/Stu/Cairn/cairn-share/worker/node_modules/@cloudflare/workerd-linux-64/bin/workerd@34c54e0 /home/alpen/Stu/Cairn/cairn-share/worker/node_modules/@cloudflare/workerd-linux-64/bin/workerd@34c5a00 /home/alpen/Stu/Cairn/cairn-share/worker/node_modules/@cloudflare/workerd-linux-64/bin/workerd@3359440 /home/alpen/Stu/Cairn/cairn-share/worker/node_modules/@cloudflare/workerd-linux-64/bin/workerd@33597f6 /home/alpen/Stu/Cairn/cairn-share/worker/node_modules/@cloudflare/workerd-linux-64/bin/workerd@5934588 /home/alpen/Stu/Cairn/cairn-share/worker/node_modules/@cloudflare/workerd-linux-64/bin/workerd@30c87cb /home/alpen/Stu/Cairn/cairn-share/worker/node_modules/@cloudflare/workerd-linux-64/bin/workerd@30c8c94
exception = workerd/api/unsafe.c++:229: failed: jsg.Error: Application called deleteAllDurableObjects().
stack: /home/alpen/Stu/Cairn/cairn-share/worker/node_modules/@cloudflare/workerd-linux-64/bin/workerd@376c0d0 /home/alpen/Stu/Cairn/cairn-share/worker/node_modules/@cloudflare/workerd-linux-64/bin/workerd@23ba480 /home/alpen/Stu/Cairn/cairn-share/worker/node_modules/@cloudflare/workerd-linux-64/bin/workerd@579605a /home/alpen/Stu/Cairn/cairn-share/worker/node_modules/@cloudflare/workerd-linux-64/bin/workerd@5934588 /home/alpen/Stu/Cairn/cairn-share/worker/node_modules/@cloudflare/workerd-linux-64/bin/workerd@57957c0 /home/alpen/Stu/Cairn/cairn-share/worker/node_modules/@cloudflare/workerd-linux-64/bin/workerd@34c54e0 /home/alpen/Stu/Cairn/cairn-share/worker/node_modules/@cloudflare/workerd-linux-64/bin/workerd@34c5a00 /home/alpen/Stu/Cairn/cairn-share/worker/node_modules/@cloudflare/workerd-linux-64/bin/workerd@3359440 /home/alpen/Stu/Cairn/cairn-share/worker/node_modules/@cloudflare/workerd-linux-64/bin/workerd@33597f6 /home/alpen/Stu/Cairn/cairn-share/worker/node_modules/@cloudflare/workerd-linux-64/bin/workerd@5934588 /home/alpen/Stu/Cairn/cairn-share/worker/node_modules/@cloudflare/workerd-linux-64/bin/workerd@30c87cb /home/alpen/Stu/Cairn/cairn-share/worker/node_modules/@cloudflare/workerd-linux-64/bin/workerd@30c8c94
 ❯ test/index.test.ts (31 tests | 3 failed) 15356ms
     × caches equivalent list reads and advances generation after writes 440ms
     × caches detail reads and advances generation after update and delete 427ms
     × deletes links and keeps missing deletes JSON shaped 480ms

⎯⎯⎯⎯⎯⎯⎯ Failed Tests 4 ⎯⎯⎯⎯⎯⎯⎯

 FAIL  test/index.test.ts > cairn-share worker > caches equivalent list reads and advances generation after writes
AssertionError: expected 'private, no-store' to contain 'max-age=15'

Expected: "max-age=15"
Received: "private, no-store"

 ❯ test/index.test.ts:683:52
    681|     const firstRead = await dispatch("/api/links?q=cache&limit=20&lear…
    682|     expect(firstRead.headers.get("x-cairn-cache")).toBe("MISS");
    683|     expect(firstRead.headers.get("cache-control")).toContain("max-age=…
       |                                                    ^
    684|     expect(firstRead.headers.get("server-timing")).toContain('cache-st…
    685|     expect(firstRead.headers.get("server-timing")).toContain("generati…

⎯⎯⎯⎯⎯⎯⎯⎯⎯⎯⎯⎯⎯⎯⎯⎯⎯⎯⎯⎯⎯⎯⎯⎯[1/4]⎯

 FAIL  test/index.test.ts > cairn-share worker > caches detail reads and advances generation after update and delete
AssertionError: expected 'private, no-store' to contain 'max-age=15'

Expected: "max-age=15"
Received: "private, no-store"

 ❯ test/index.test.ts:708:52
    706|     const firstRead = await dispatch(`/api/links/${created.id}`);
    707|     expect(firstRead.headers.get("x-cairn-cache")).toBe("MISS");
    708|     expect(firstRead.headers.get("cache-control")).toContain("max-age=…
       |                                                    ^
    709|     expect(firstRead.headers.get("server-timing")).toContain('cache-st…
    710|     await expect(firstRead.json()).resolves.toMatchObject({ id: create…

⎯⎯⎯⎯⎯⎯⎯⎯⎯⎯⎯⎯⎯⎯⎯⎯⎯⎯⎯⎯⎯⎯⎯⎯[2/4]⎯

 FAIL  test/index.test.ts > cairn-share worker > deletes links and keeps missing deletes JSON shaped
AssertionError: expected 204 to be 404 // Object.is equality

- Expected
+ Received

- 404
+ 204

 ❯ expectError test/index.test.ts:943:27
    941| async function expectError(responsePromise: Promise<Response>, status:…
    942|   const response = await responsePromise;
    943|   expect(response.status).toBe(status);
       |                           ^
    944|   await expect(response.json()).resolves.toEqual({ error: code });
    945| }
 ❯ test/index.test.ts:808:5

⎯⎯⎯⎯⎯⎯⎯⎯⎯⎯⎯⎯⎯⎯⎯⎯⎯⎯⎯⎯⎯⎯⎯⎯[3/4]⎯

 FAIL  test/privacy-delete.test.ts > atomically deletes populated private tables, references, budgets and cached visibility
Error: D1_ERROR: UNIQUE constraint failed: classification_jobs.link_id: SQLITE_CONSTRAINT (extended: SQLITE_CONSTRAINT_PRIMARYKEY)
 ❯ D1DatabaseSessionAlwaysPrimary._sendOrThrow cloudflare-internal:d1-api:188:19
 ❯ cloudflare-internal:d1-api:478:19
 ❯ test/privacy-delete.test.ts:123:3
    121|   }
    122|   await insert("enrichment_sources",{link_id:id,url:"https://example.c…
    123|   await insert("classification_jobs",{link_id:id});
       |   ^
    124|   const snapshot=await insert("evidence_snapshots",{link_id:id,content…
    125|   const snapshotID=Number(snapshot.meta.last_row_id);

Caused by: Error: UNIQUE constraint failed: classification_jobs.link_id: SQLITE_CONSTRAINT (extended: SQLITE_CONSTRAINT_PRIMARYKEY)
 ❯ D1DatabaseSessionAlwaysPrimary._sendOrThrow cloudflare-internal:d1-api:189:24
 ❯ cloudflare-internal:d1-api:478:19
 ❯ test/privacy-delete.test.ts:123:3

⎯⎯⎯⎯⎯⎯⎯⎯⎯⎯⎯⎯⎯⎯⎯⎯⎯⎯⎯⎯⎯⎯⎯⎯[4/4]⎯


 Test Files  2 failed | 16 passed (18)
      Tests  4 failed | 213 passed (217)
   Start at  04:10:57
   Duration  28.91s (transform 2.71s, setup 0ms, import 12.05s, tests 197.26s, environment 0ms)

