[wrangler:info] Ready on http://127.0.0.1:43187
[wrangler:info] GET /api/v2-taxonomy 200 OK (23ms)
[wrangler:info] POST /api/links 201 Created (8ms)
[wrangler:info] POST /api/links 201 Created (9ms)
[wrangler:info] GET /api/links 200 OK (18ms)
[wrangler:info] GET /api/taxonomy 200 OK (18ms)
[wrangler:info] GET /latest 404 Not Found (16ms)
[wrangler:info] GET /api/links/2 200 OK (7ms)
[wrangler:info] GET /api/bookmarks/2/v2-selection 200 OK (11ms)
[wrangler:info] GET /api/bookmarks/2/v2-selection 200 OK (11ms)
[wrangler:info] POST /api/bookmarks/2/v2-override 200 OK (27ms)
[wrangler:info] GET /api/bookmarks/2/v2-selection 200 OK (8ms)
[wrangler:info] GET /api/bookmarks/2/v2-selection 200 OK (9ms)
[wrangler:info] GET /api/taxonomy 200 OK (3ms)
[wrangler:info] GET /api/links 200 OK (12ms)
[wrangler:info] POST /api/bookmarks/2/v2-override 200 OK (9ms)
[wrangler:info] GET /latest 404 Not Found (2ms)
[wrangler:info] POST /api/bookmarks/2/v2-override 200 OK (15ms)
[wrangler:info] POST /api/bookmarks/2/v2-override 409 Conflict (5ms)
[wrangler:info] GET /api/bookmarks/2/v2-selection 200 OK (11ms)
[wrangler:info] GET /api/bookmarks/2/v2-selection 200 OK (10ms)
[wrangler:info] GET /api/bookmarks/2/v2-selection 200 OK (10ms)
[wrangler:info] POST /api/bookmarks/2/v2-override 200 OK (15ms)
[wrangler:info] POST /api/bookmarks/2/v2-override 409 Conflict (6ms)
[wrangler:info] GET /api/bookmarks/2/v2-selection 200 OK (10ms)
[wrangler:info] GET /api/bookmarks/2/v2-selection 200 OK (10ms)
[wrangler:info] POST /api/bookmarks/2/v2-override 200 OK (14ms)
[wrangler:info] GET /api/bookmarks/2/v2-selection 200 OK (13ms)
[wrangler:info] POST /api/bookmarks/2/v2-override 200 OK (14ms)
[wrangler:info] POST /api/bookmarks/2/v2-override 200 OK (13ms)
[wrangler:info] POST /api/bookmarks/2/v2-override 200 OK (14ms)
[wrangler:info] GET /api/bookmarks/2/v2-selection 200 OK (9ms)
[wrangler:info] GET /api/bookmarks/2/v2-selection 200 OK (19ms)
[wrangler:info] POST /api/links 201 Created (6ms)
[wrangler:info] POST /api/links 201 Created (4ms)
[wrangler:info] GET /api/links 200 OK (11ms)
[wrangler:info] GET /api/taxonomy 200 OK (13ms)
[wrangler:info] GET /latest 404 Not Found (6ms)
[wrangler:info] GET /api/bookmarks/3/v2-selection 200 OK (13ms)
[wrangler:info] GET /api/bookmarks/4/v2-selection 200 OK (14ms)
[wrangler:info] GET /api/taxonomy 401 Unauthorized (2ms)
[wrangler:info] GET /api/bookmarks/4/v2-selection 200 OK (9ms)
[wrangler:info] GET /api/links 200 OK (6ms)
[wrangler:info] GET /api/taxonomy 200 OK (7ms)
[wrangler:info] POST /api/bookmarks/4/v2-override 200 OK (19ms)
[wrangler:info] POST /api/bookmarks/4/v2-override 200 OK (14ms)
[wrangler:info] GET /api/bookmarks/4/v2-selection 200 OK (9ms)
[wrangler:info] GET /api/bookmarks/3/v2-selection 200 OK (10ms)
[wrangler:info] GET /api/bookmarks/4/v2-selection 200 OK (12ms)
[wrangler:info] POST /api/links 201 Created (5ms)
[wrangler:info] POST /api/links 201 Created (4ms)
[wrangler:info] POST /api/bookmarks/5/v2-override 200 OK (16ms)
[wrangler:info] GET /api/taxonomy 200 OK (2ms)
[wrangler:info] GET /api/links 200 OK (8ms)
[wrangler:info] GET /latest 404 Not Found (4ms)
[wrangler:info] GET /api/bookmarks/6/v2-selection 200 OK (11ms)
[wrangler:info] GET /api/bookmarks/5/v2-selection 200 OK (10ms)
[wrangler:info] GET /api/taxonomy 401 Unauthorized (2ms)
[wrangler:info] GET /api/links 401 Unauthorized (2ms)
[wrangler:info] GET /api/bookmarks/5/v2-selection 401 Unauthorized (1ms)
[wrangler:info] GET /api/taxonomy 401 Unauthorized (1ms)
[wrangler:info] GET /api/links 401 Unauthorized (3ms)
