== TestLocalWorkerFullLifecycle: starting worker on 127.0.0.1:49651 ==
=== RUN   TestLocalWorkerFullLifecycle
--- PASS: TestLocalWorkerFullLifecycle (1.44s)
PASS
ok  	github.com/Alpenl/cairn-x-enricher/tests/localintegration	1.443s
== TestLocalWorkerVersionCompetition: starting worker on 127.0.0.1:51971 ==
=== RUN   TestLocalWorkerVersionCompetition
--- PASS: TestLocalWorkerVersionCompetition (0.95s)
PASS
ok  	github.com/Alpenl/cairn-x-enricher/tests/localintegration	0.958s
== TestLocalWorkerDisplayRenameKeepsSemantics: starting worker on 127.0.0.1:51809 ==
=== RUN   TestLocalWorkerDisplayRenameKeepsSemantics
--- PASS: TestLocalWorkerDisplayRenameKeepsSemantics (0.10s)
PASS
ok  	github.com/Alpenl/cairn-x-enricher/tests/localintegration	0.099s
== TestLocalWorkerEvidenceCheckpointAndBoundRead: starting worker on 127.0.0.1:44047 ==
=== RUN   TestLocalWorkerEvidenceCheckpointAndBoundRead
    evidence_test.go:153: source saved, snapshot 503, three empty claims without attempt consumption, retry repairs snapshot with one retrieval
=== RUN   TestLocalWorkerEvidenceCheckpointAndBoundRead/404
=== RUN   TestLocalWorkerEvidenceCheckpointAndBoundRead/503
=== RUN   TestLocalWorkerEvidenceCheckpointAndBoundRead/malformed
=== RUN   TestLocalWorkerEvidenceCheckpointAndBoundRead/id
=== RUN   TestLocalWorkerEvidenceCheckpointAndBoundRead/revision
=== RUN   TestLocalWorkerEvidenceCheckpointAndBoundRead/hash
=== RUN   TestLocalWorkerEvidenceCheckpointAndBoundRead/body
=== NAME  TestLocalWorkerEvidenceCheckpointAndBoundRead
    evidence_test.go:252: real bound snapshot retained 45435 archive bytes; outbound request=2057 state=613 runes=200 blocks=0, truncation recorded
    evidence_test.go:253: seven bound-read failures: zero model calls/commits; recovery: 1 model call, 1 run
--- PASS: TestLocalWorkerEvidenceCheckpointAndBoundRead (1.43s)
    --- PASS: TestLocalWorkerEvidenceCheckpointAndBoundRead/404 (0.11s)
    --- PASS: TestLocalWorkerEvidenceCheckpointAndBoundRead/503 (0.11s)
    --- PASS: TestLocalWorkerEvidenceCheckpointAndBoundRead/malformed (0.13s)
    --- PASS: TestLocalWorkerEvidenceCheckpointAndBoundRead/id (0.12s)
    --- PASS: TestLocalWorkerEvidenceCheckpointAndBoundRead/revision (0.09s)
    --- PASS: TestLocalWorkerEvidenceCheckpointAndBoundRead/hash (0.20s)
    --- PASS: TestLocalWorkerEvidenceCheckpointAndBoundRead/body (0.12s)
PASS
ok  	github.com/Alpenl/cairn-x-enricher/tests/localintegration	1.434s
== TestLocalWorkerEntitySnapshotIdentity: starting worker on 127.0.0.1:60629 ==
=== RUN   TestLocalWorkerEntitySnapshotIdentity
    entities_test.go:210: actual processor: input_revision=1 content_revision=3 snapshot=2; classification=1 entity=1; 3 archived blocks; reject/reset API+search agree; stale result refused
--- PASS: TestLocalWorkerEntitySnapshotIdentity (0.82s)
PASS
ok  	github.com/Alpenl/cairn-x-enricher/tests/localintegration	0.827s
== TestLocalWorkerStoredQuestionReuse: starting worker on 127.0.0.1:53917 ==
=== RUN   TestLocalWorkerStoredQuestionReuse
    reuse_test.go:259: production store/read/reuse: initial=4 changed=1 display=0 policy=0; legacy/partial/alias bounded full; drift=1 and no fallback; total requests=8
--- PASS: TestLocalWorkerStoredQuestionReuse (2.19s)
PASS
ok  	github.com/Alpenl/cairn-x-enricher/tests/localintegration	2.197s
== TestLocalWorkerDecisionReferences: starting worker on 127.0.0.1:52601 ==
=== RUN   TestLocalWorkerDecisionReferences
    decision_test.go:179: production multi-run references restored; alias drift rejected; committed response-loss recovery preserved human edit and made zero additional model calls; 3 local calls total
--- PASS: TestLocalWorkerDecisionReferences (1.08s)
PASS
ok  	github.com/Alpenl/cairn-x-enricher/tests/localintegration	1.080s
