WHAT: 运行 Worker 全量回归
WHY:  验证新列与实体语义未破坏既有来源和隐私协议

> test
> vitest run

▲ [WARNING] Proxy environment variables detected. We'll use your proxy for fetch requests.


(node:3253954) [DEP0040] DeprecationWarning: The `punycode` module is deprecated. Please use a userland alternative instead.
(Use `node --trace-deprecation ...` to show where the warning was created)

 RUN  v4.1.11 /tmp/cairn-share-canonical-next/worker

exception = workerd/api/unsafe.c++:229: failed: jsg.Error: Application called deleteAllDurableObjects().
stack: /home/alpen/Stu/Cairn/cairn-share/worker/node_modules/@cloudflare/workerd-linux-64/bin/workerd@376c0d0 /home/alpen/Stu/Cairn/cairn-share/worker/node_modules/@cloudflare/workerd-linux-64/bin/workerd@23ba480 /home/alpen/Stu/Cairn/cairn-share/worker/node_modules/@cloudflare/workerd-linux-64/bin/workerd@579605a /home/alpen/Stu/Cairn/cairn-share/worker/node_modules/@cloudflare/workerd-linux-64/bin/workerd@5934588 /home/alpen/Stu/Cairn/cairn-share/worker/node_modules/@cloudflare/workerd-linux-64/bin/workerd@57957c0 /home/alpen/Stu/Cairn/cairn-share/worker/node_modules/@cloudflare/workerd-linux-64/bin/workerd@34c54e0 /home/alpen/Stu/Cairn/cairn-share/worker/node_modules/@cloudflare/workerd-linux-64/bin/workerd@34c5a00 /home/alpen/Stu/Cairn/cairn-share/worker/node_modules/@cloudflare/workerd-linux-64/bin/workerd@3359440 /home/alpen/Stu/Cairn/cairn-share/worker/node_modules/@cloudflare/workerd-linux-64/bin/workerd@33597f6 /home/alpen/Stu/Cairn/cairn-share/worker/node_modules/@cloudflare/workerd-linux-64/bin/workerd@5934588 /home/alpen/Stu/Cairn/cairn-share/worker/node_modules/@cloudflare/workerd-linux-64/bin/workerd@30c87cb /home/alpen/Stu/Cairn/cairn-share/worker/node_modules/@cloudflare/workerd-linux-64/bin/workerd@30c8c94
exception = workerd/api/unsafe.c++:229: failed: jsg.Error: Application called deleteAllDurableObjects().
stack: /home/alpen/Stu/Cairn/cairn-share/worker/node_modules/@cloudflare/workerd-linux-64/bin/workerd@376c0d0 /home/alpen/Stu/Cairn/cairn-share/worker/node_modules/@cloudflare/workerd-linux-64/bin/workerd@23ba480 /home/alpen/Stu/Cairn/cairn-share/worker/node_modules/@cloudflare/workerd-linux-64/bin/workerd@579605a /home/alpen/Stu/Cairn/cairn-share/worker/node_modules/@cloudflare/workerd-linux-64/bin/workerd@5934588 /home/alpen/Stu/Cairn/cairn-share/worker/node_modules/@cloudflare/workerd-linux-64/bin/workerd@57957c0 /home/alpen/Stu/Cairn/cairn-share/worker/node_modules/@cloudflare/workerd-linux-64/bin/workerd@34c54e0 /home/alpen/Stu/Cairn/cairn-share/worker/node_modules/@cloudflare/workerd-linux-64/bin/workerd@34c5a00 /home/alpen/Stu/Cairn/cairn-share/worker/node_modules/@cloudflare/workerd-linux-64/bin/workerd@3359440 /home/alpen/Stu/Cairn/cairn-share/worker/node_modules/@cloudflare/workerd-linux-64/bin/workerd@33597f6 /home/alpen/Stu/Cairn/cairn-share/worker/node_modules/@cloudflare/workerd-linux-64/bin/workerd@5934588 /home/alpen/Stu/Cairn/cairn-share/worker/node_modules/@cloudflare/workerd-linux-64/bin/workerd@30c87cb /home/alpen/Stu/Cairn/cairn-share/worker/node_modules/@cloudflare/workerd-linux-64/bin/workerd@30c8c94
exception = workerd/api/unsafe.c++:229: failed: jsg.Error: Application called deleteAllDurableObjects().
stack: /home/alpen/Stu/Cairn/cairn-share/worker/node_modules/@cloudflare/workerd-linux-64/bin/workerd@376c0d0 /home/alpen/Stu/Cairn/cairn-share/worker/node_modules/@cloudflare/workerd-linux-64/bin/workerd@23ba480 /home/alpen/Stu/Cairn/cairn-share/worker/node_modules/@cloudflare/workerd-linux-64/bin/workerd@579605a /home/alpen/Stu/Cairn/cairn-share/worker/node_modules/@cloudflare/workerd-linux-64/bin/workerd@5934588 /home/alpen/Stu/Cairn/cairn-share/worker/node_modules/@cloudflare/workerd-linux-64/bin/workerd@57957c0 /home/alpen/Stu/Cairn/cairn-share/worker/node_modules/@cloudflare/workerd-linux-64/bin/workerd@34c54e0 /home/alpen/Stu/Cairn/cairn-share/worker/node_modules/@cloudflare/workerd-linux-64/bin/workerd@34c5a00 /home/alpen/Stu/Cairn/cairn-share/worker/node_modules/@cloudflare/workerd-linux-64/bin/workerd@3359440 /home/alpen/Stu/Cairn/cairn-share/worker/node_modules/@cloudflare/workerd-linux-64/bin/workerd@33597f6 /home/alpen/Stu/Cairn/cairn-share/worker/node_modules/@cloudflare/workerd-linux-64/bin/workerd@5934588 /home/alpen/Stu/Cairn/cairn-share/worker/node_modules/@cloudflare/workerd-linux-64/bin/workerd@30c87cb /home/alpen/Stu/Cairn/cairn-share/worker/node_modules/@cloudflare/workerd-linux-64/bin/workerd@30c8c94
exception = workerd/api/unsafe.c++:229: failed: jsg.Error: Application called deleteAllDurableObjects().
stack: /home/alpen/Stu/Cairn/cairn-share/worker/node_modules/@cloudflare/workerd-linux-64/bin/workerd@376c0d0 /home/alpen/Stu/Cairn/cairn-share/worker/node_modules/@cloudflare/workerd-linux-64/bin/workerd@23ba480 /home/alpen/Stu/Cairn/cairn-share/worker/node_modules/@cloudflare/workerd-linux-64/bin/workerd@579605a /home/alpen/Stu/Cairn/cairn-share/worker/node_modules/@cloudflare/workerd-linux-64/bin/workerd@5934588 /home/alpen/Stu/Cairn/cairn-share/worker/node_modules/@cloudflare/workerd-linux-64/bin/workerd@57957c0 /home/alpen/Stu/Cairn/cairn-share/worker/node_modules/@cloudflare/workerd-linux-64/bin/workerd@34c54e0 /home/alpen/Stu/Cairn/cairn-share/worker/node_modules/@cloudflare/workerd-linux-64/bin/workerd@34c5a00 /home/alpen/Stu/Cairn/cairn-share/worker/node_modules/@cloudflare/workerd-linux-64/bin/workerd@3359440 /home/alpen/Stu/Cairn/cairn-share/worker/node_modules/@cloudflare/workerd-linux-64/bin/workerd@33597f6 /home/alpen/Stu/Cairn/cairn-share/worker/node_modules/@cloudflare/workerd-linux-64/bin/workerd@5934588 /home/alpen/Stu/Cairn/cairn-share/worker/node_modules/@cloudflare/workerd-linux-64/bin/workerd@30c87cb /home/alpen/Stu/Cairn/cairn-share/worker/node_modules/@cloudflare/workerd-linux-64/bin/workerd@30c8c94
 ❯ test/reset-migration.test.ts (2 tests | 2 failed) 15162ms
   × 0024 upgrades all shared override histories without rewriting their source records 6580ms
   × 0024 repairs legacy empty barriers, noncurrent entities and absent terms while preserving later decisions 8582ms
exception = workerd/api/unsafe.c++:229: failed: jsg.Error: Application called deleteAllDurableObjects().
stack: /home/alpen/Stu/Cairn/cairn-share/worker/node_modules/@cloudflare/workerd-linux-64/bin/workerd@376c0d0 /home/alpen/Stu/Cairn/cairn-share/worker/node_modules/@cloudflare/workerd-linux-64/bin/workerd@23ba480 /home/alpen/Stu/Cairn/cairn-share/worker/node_modules/@cloudflare/workerd-linux-64/bin/workerd@579605a /home/alpen/Stu/Cairn/cairn-share/worker/node_modules/@cloudflare/workerd-linux-64/bin/workerd@5934588 /home/alpen/Stu/Cairn/cairn-share/worker/node_modules/@cloudflare/workerd-linux-64/bin/workerd@57957c0 /home/alpen/Stu/Cairn/cairn-share/worker/node_modules/@cloudflare/workerd-linux-64/bin/workerd@34c54e0 /home/alpen/Stu/Cairn/cairn-share/worker/node_modules/@cloudflare/workerd-linux-64/bin/workerd@34c5a00 /home/alpen/Stu/Cairn/cairn-share/worker/node_modules/@cloudflare/workerd-linux-64/bin/workerd@3359440 /home/alpen/Stu/Cairn/cairn-share/worker/node_modules/@cloudflare/workerd-linux-64/bin/workerd@33597f6 /home/alpen/Stu/Cairn/cairn-share/worker/node_modules/@cloudflare/workerd-linux-64/bin/workerd@5934588 /home/alpen/Stu/Cairn/cairn-share/worker/node_modules/@cloudflare/workerd-linux-64/bin/workerd@30c87cb /home/alpen/Stu/Cairn/cairn-share/worker/node_modules/@cloudflare/workerd-linux-64/bin/workerd@30c8c94
exception = workerd/api/unsafe.c++:229: failed: jsg.Error: Application called deleteAllDurableObjects().
stack: /home/alpen/Stu/Cairn/cairn-share/worker/node_modules/@cloudflare/workerd-linux-64/bin/workerd@376c0d0 /home/alpen/Stu/Cairn/cairn-share/worker/node_modules/@cloudflare/workerd-linux-64/bin/workerd@23ba480 /home/alpen/Stu/Cairn/cairn-share/worker/node_modules/@cloudflare/workerd-linux-64/bin/workerd@579605a /home/alpen/Stu/Cairn/cairn-share/worker/node_modules/@cloudflare/workerd-linux-64/bin/workerd@5934588 /home/alpen/Stu/Cairn/cairn-share/worker/node_modules/@cloudflare/workerd-linux-64/bin/workerd@57957c0 /home/alpen/Stu/Cairn/cairn-share/worker/node_modules/@cloudflare/workerd-linux-64/bin/workerd@34c54e0 /home/alpen/Stu/Cairn/cairn-share/worker/node_modules/@cloudflare/workerd-linux-64/bin/workerd@34c5a00 /home/alpen/Stu/Cairn/cairn-share/worker/node_modules/@cloudflare/workerd-linux-64/bin/workerd@3359440 /home/alpen/Stu/Cairn/cairn-share/worker/node_modules/@cloudflare/workerd-linux-64/bin/workerd@33597f6 /home/alpen/Stu/Cairn/cairn-share/worker/node_modules/@cloudflare/workerd-linux-64/bin/workerd@5934588 /home/alpen/Stu/Cairn/cairn-share/worker/node_modules/@cloudflare/workerd-linux-64/bin/workerd@30c87cb /home/alpen/Stu/Cairn/cairn-share/worker/node_modules/@cloudflare/workerd-linux-64/bin/workerd@30c8c94
exception = workerd/api/unsafe.c++:229: failed: jsg.Error: Application called deleteAllDurableObjects().
stack: /home/alpen/Stu/Cairn/cairn-share/worker/node_modules/@cloudflare/workerd-linux-64/bin/workerd@376c0d0 /home/alpen/Stu/Cairn/cairn-share/worker/node_modules/@cloudflare/workerd-linux-64/bin/workerd@23ba480 /home/alpen/Stu/Cairn/cairn-share/worker/node_modules/@cloudflare/workerd-linux-64/bin/workerd@579605a /home/alpen/Stu/Cairn/cairn-share/worker/node_modules/@cloudflare/workerd-linux-64/bin/workerd@5934588 /home/alpen/Stu/Cairn/cairn-share/worker/node_modules/@cloudflare/workerd-linux-64/bin/workerd@57957c0 /home/alpen/Stu/Cairn/cairn-share/worker/node_modules/@cloudflare/workerd-linux-64/bin/workerd@34c54e0 /home/alpen/Stu/Cairn/cairn-share/worker/node_modules/@cloudflare/workerd-linux-64/bin/workerd@34c5a00 /home/alpen/Stu/Cairn/cairn-share/worker/node_modules/@cloudflare/workerd-linux-64/bin/workerd@3359440 /home/alpen/Stu/Cairn/cairn-share/worker/node_modules/@cloudflare/workerd-linux-64/bin/workerd@33597f6 /home/alpen/Stu/Cairn/cairn-share/worker/node_modules/@cloudflare/workerd-linux-64/bin/workerd@5934588 /home/alpen/Stu/Cairn/cairn-share/worker/node_modules/@cloudflare/workerd-linux-64/bin/workerd@30c87cb /home/alpen/Stu/Cairn/cairn-share/worker/node_modules/@cloudflare/workerd-linux-64/bin/workerd@30c8c94
exception = workerd/api/unsafe.c++:229: failed: jsg.Error: Application called deleteAllDurableObjects().
stack: /home/alpen/Stu/Cairn/cairn-share/worker/node_modules/@cloudflare/workerd-linux-64/bin/workerd@376c0d0 /home/alpen/Stu/Cairn/cairn-share/worker/node_modules/@cloudflare/workerd-linux-64/bin/workerd@23ba480 /home/alpen/Stu/Cairn/cairn-share/worker/node_modules/@cloudflare/workerd-linux-64/bin/workerd@579605a /home/alpen/Stu/Cairn/cairn-share/worker/node_modules/@cloudflare/workerd-linux-64/bin/workerd@5934588 /home/alpen/Stu/Cairn/cairn-share/worker/node_modules/@cloudflare/workerd-linux-64/bin/workerd@57957c0 /home/alpen/Stu/Cairn/cairn-share/worker/node_modules/@cloudflare/workerd-linux-64/bin/workerd@34c54e0 /home/alpen/Stu/Cairn/cairn-share/worker/node_modules/@cloudflare/workerd-linux-64/bin/workerd@34c5a00 /home/alpen/Stu/Cairn/cairn-share/worker/node_modules/@cloudflare/workerd-linux-64/bin/workerd@3359440 /home/alpen/Stu/Cairn/cairn-share/worker/node_modules/@cloudflare/workerd-linux-64/bin/workerd@33597f6 /home/alpen/Stu/Cairn/cairn-share/worker/node_modules/@cloudflare/workerd-linux-64/bin/workerd@5934588 /home/alpen/Stu/Cairn/cairn-share/worker/node_modules/@cloudflare/workerd-linux-64/bin/workerd@30c87cb /home/alpen/Stu/Cairn/cairn-share/worker/node_modules/@cloudflare/workerd-linux-64/bin/workerd@30c8c94
exception = workerd/api/unsafe.c++:229: failed: jsg.Error: Application called deleteAllDurableObjects().
stack: /home/alpen/Stu/Cairn/cairn-share/worker/node_modules/@cloudflare/workerd-linux-64/bin/workerd@376c0d0 /home/alpen/Stu/Cairn/cairn-share/worker/node_modules/@cloudflare/workerd-linux-64/bin/workerd@23ba480 /home/alpen/Stu/Cairn/cairn-share/worker/node_modules/@cloudflare/workerd-linux-64/bin/workerd@579605a /home/alpen/Stu/Cairn/cairn-share/worker/node_modules/@cloudflare/workerd-linux-64/bin/workerd@5934588 /home/alpen/Stu/Cairn/cairn-share/worker/node_modules/@cloudflare/workerd-linux-64/bin/workerd@57957c0 /home/alpen/Stu/Cairn/cairn-share/worker/node_modules/@cloudflare/workerd-linux-64/bin/workerd@34c54e0 /home/alpen/Stu/Cairn/cairn-share/worker/node_modules/@cloudflare/workerd-linux-64/bin/workerd@34c5a00 /home/alpen/Stu/Cairn/cairn-share/worker/node_modules/@cloudflare/workerd-linux-64/bin/workerd@3359440 /home/alpen/Stu/Cairn/cairn-share/worker/node_modules/@cloudflare/workerd-linux-64/bin/workerd@33597f6 /home/alpen/Stu/Cairn/cairn-share/worker/node_modules/@cloudflare/workerd-linux-64/bin/workerd@5934588 /home/alpen/Stu/Cairn/cairn-share/worker/node_modules/@cloudflare/workerd-linux-64/bin/workerd@30c87cb /home/alpen/Stu/Cairn/cairn-share/worker/node_modules/@cloudflare/workerd-linux-64/bin/workerd@30c8c94
exception = workerd/api/unsafe.c++:229: failed: jsg.Error: Application called deleteAllDurableObjects().
stack: /home/alpen/Stu/Cairn/cairn-share/worker/node_modules/@cloudflare/workerd-linux-64/bin/workerd@376c0d0 /home/alpen/Stu/Cairn/cairn-share/worker/node_modules/@cloudflare/workerd-linux-64/bin/workerd@23ba480 /home/alpen/Stu/Cairn/cairn-share/worker/node_modules/@cloudflare/workerd-linux-64/bin/workerd@579605a /home/alpen/Stu/Cairn/cairn-share/worker/node_modules/@cloudflare/workerd-linux-64/bin/workerd@5934588 /home/alpen/Stu/Cairn/cairn-share/worker/node_modules/@cloudflare/workerd-linux-64/bin/workerd@57957c0 /home/alpen/Stu/Cairn/cairn-share/worker/node_modules/@cloudflare/workerd-linux-64/bin/workerd@34c54e0 /home/alpen/Stu/Cairn/cairn-share/worker/node_modules/@cloudflare/workerd-linux-64/bin/workerd@34c5a00 /home/alpen/Stu/Cairn/cairn-share/worker/node_modules/@cloudflare/workerd-linux-64/bin/workerd@3359440 /home/alpen/Stu/Cairn/cairn-share/worker/node_modules/@cloudflare/workerd-linux-64/bin/workerd@33597f6 /home/alpen/Stu/Cairn/cairn-share/worker/node_modules/@cloudflare/workerd-linux-64/bin/workerd@5934588 /home/alpen/Stu/Cairn/cairn-share/worker/node_modules/@cloudflare/workerd-linux-64/bin/workerd@30c87cb /home/alpen/Stu/Cairn/cairn-share/worker/node_modules/@cloudflare/workerd-linux-64/bin/workerd@30c8c94
exception = workerd/api/unsafe.c++:229: failed: jsg.Error: Application called deleteAllDurableObjects().
stack: /home/alpen/Stu/Cairn/cairn-share/worker/node_modules/@cloudflare/workerd-linux-64/bin/workerd@376c0d0 /home/alpen/Stu/Cairn/cairn-share/worker/node_modules/@cloudflare/workerd-linux-64/bin/workerd@23ba480 /home/alpen/Stu/Cairn/cairn-share/worker/node_modules/@cloudflare/workerd-linux-64/bin/workerd@579605a /home/alpen/Stu/Cairn/cairn-share/worker/node_modules/@cloudflare/workerd-linux-64/bin/workerd@5934588 /home/alpen/Stu/Cairn/cairn-share/worker/node_modules/@cloudflare/workerd-linux-64/bin/workerd@57957c0 /home/alpen/Stu/Cairn/cairn-share/worker/node_modules/@cloudflare/workerd-linux-64/bin/workerd@34c54e0 /home/alpen/Stu/Cairn/cairn-share/worker/node_modules/@cloudflare/workerd-linux-64/bin/workerd@34c5a00 /home/alpen/Stu/Cairn/cairn-share/worker/node_modules/@cloudflare/workerd-linux-64/bin/workerd@3359440 /home/alpen/Stu/Cairn/cairn-share/worker/node_modules/@cloudflare/workerd-linux-64/bin/workerd@33597f6 /home/alpen/Stu/Cairn/cairn-share/worker/node_modules/@cloudflare/workerd-linux-64/bin/workerd@5934588 /home/alpen/Stu/Cairn/cairn-share/worker/node_modules/@cloudflare/workerd-linux-64/bin/workerd@30c87cb /home/alpen/Stu/Cairn/cairn-share/worker/node_modules/@cloudflare/workerd-linux-64/bin/workerd@30c8c94
exception = workerd/api/unsafe.c++:229: failed: jsg.Error: Application called deleteAllDurableObjects().
stack: /home/alpen/Stu/Cairn/cairn-share/worker/node_modules/@cloudflare/workerd-linux-64/bin/workerd@376c0d0 /home/alpen/Stu/Cairn/cairn-share/worker/node_modules/@cloudflare/workerd-linux-64/bin/workerd@23ba480 /home/alpen/Stu/Cairn/cairn-share/worker/node_modules/@cloudflare/workerd-linux-64/bin/workerd@579605a /home/alpen/Stu/Cairn/cairn-share/worker/node_modules/@cloudflare/workerd-linux-64/bin/workerd@5934588 /home/alpen/Stu/Cairn/cairn-share/worker/node_modules/@cloudflare/workerd-linux-64/bin/workerd@57957c0 /home/alpen/Stu/Cairn/cairn-share/worker/node_modules/@cloudflare/workerd-linux-64/bin/workerd@34c54e0 /home/alpen/Stu/Cairn/cairn-share/worker/node_modules/@cloudflare/workerd-linux-64/bin/workerd@34c5a00 /home/alpen/Stu/Cairn/cairn-share/worker/node_modules/@cloudflare/workerd-linux-64/bin/workerd@3359440 /home/alpen/Stu/Cairn/cairn-share/worker/node_modules/@cloudflare/workerd-linux-64/bin/workerd@33597f6 /home/alpen/Stu/Cairn/cairn-share/worker/node_modules/@cloudflare/workerd-linux-64/bin/workerd@5934588 /home/alpen/Stu/Cairn/cairn-share/worker/node_modules/@cloudflare/workerd-linux-64/bin/workerd@30c87cb /home/alpen/Stu/Cairn/cairn-share/worker/node_modules/@cloudflare/workerd-linux-64/bin/workerd@30c8c94
exception = workerd/api/unsafe.c++:229: failed: jsg.Error: Application called deleteAllDurableObjects().
stack: /home/alpen/Stu/Cairn/cairn-share/worker/node_modules/@cloudflare/workerd-linux-64/bin/workerd@376c0d0 /home/alpen/Stu/Cairn/cairn-share/worker/node_modules/@cloudflare/workerd-linux-64/bin/workerd@23ba480 /home/alpen/Stu/Cairn/cairn-share/worker/node_modules/@cloudflare/workerd-linux-64/bin/workerd@579605a /home/alpen/Stu/Cairn/cairn-share/worker/node_modules/@cloudflare/workerd-linux-64/bin/workerd@5934588 /home/alpen/Stu/Cairn/cairn-share/worker/node_modules/@cloudflare/workerd-linux-64/bin/workerd@57957c0 /home/alpen/Stu/Cairn/cairn-share/worker/node_modules/@cloudflare/workerd-linux-64/bin/workerd@34c54e0 /home/alpen/Stu/Cairn/cairn-share/worker/node_modules/@cloudflare/workerd-linux-64/bin/workerd@34c5a00 /home/alpen/Stu/Cairn/cairn-share/worker/node_modules/@cloudflare/workerd-linux-64/bin/workerd@3359440 /home/alpen/Stu/Cairn/cairn-share/worker/node_modules/@cloudflare/workerd-linux-64/bin/workerd@33597f6 /home/alpen/Stu/Cairn/cairn-share/worker/node_modules/@cloudflare/workerd-linux-64/bin/workerd@5934588 /home/alpen/Stu/Cairn/cairn-share/worker/node_modules/@cloudflare/workerd-linux-64/bin/workerd@30c87cb /home/alpen/Stu/Cairn/cairn-share/worker/node_modules/@cloudflare/workerd-linux-64/bin/workerd@30c8c94
exception = workerd/api/unsafe.c++:229: failed: jsg.Error: Application called deleteAllDurableObjects().
stack: /home/alpen/Stu/Cairn/cairn-share/worker/node_modules/@cloudflare/workerd-linux-64/bin/workerd@376c0d0 /home/alpen/Stu/Cairn/cairn-share/worker/node_modules/@cloudflare/workerd-linux-64/bin/workerd@23ba480 /home/alpen/Stu/Cairn/cairn-share/worker/node_modules/@cloudflare/workerd-linux-64/bin/workerd@579605a /home/alpen/Stu/Cairn/cairn-share/worker/node_modules/@cloudflare/workerd-linux-64/bin/workerd@5934588 /home/alpen/Stu/Cairn/cairn-share/worker/node_modules/@cloudflare/workerd-linux-64/bin/workerd@57957c0 /home/alpen/Stu/Cairn/cairn-share/worker/node_modules/@cloudflare/workerd-linux-64/bin/workerd@34c54e0 /home/alpen/Stu/Cairn/cairn-share/worker/node_modules/@cloudflare/workerd-linux-64/bin/workerd@34c5a00 /home/alpen/Stu/Cairn/cairn-share/worker/node_modules/@cloudflare/workerd-linux-64/bin/workerd@3359440 /home/alpen/Stu/Cairn/cairn-share/worker/node_modules/@cloudflare/workerd-linux-64/bin/workerd@33597f6 /home/alpen/Stu/Cairn/cairn-share/worker/node_modules/@cloudflare/workerd-linux-64/bin/workerd@5934588 /home/alpen/Stu/Cairn/cairn-share/worker/node_modules/@cloudflare/workerd-linux-64/bin/workerd@30c87cb /home/alpen/Stu/Cairn/cairn-share/worker/node_modules/@cloudflare/workerd-linux-64/bin/workerd@30c8c94
exception = workerd/api/unsafe.c++:229: failed: jsg.Error: Application called deleteAllDurableObjects().
stack: /home/alpen/Stu/Cairn/cairn-share/worker/node_modules/@cloudflare/workerd-linux-64/bin/workerd@376c0d0 /home/alpen/Stu/Cairn/cairn-share/worker/node_modules/@cloudflare/workerd-linux-64/bin/workerd@23ba480 /home/alpen/Stu/Cairn/cairn-share/worker/node_modules/@cloudflare/workerd-linux-64/bin/workerd@579605a /home/alpen/Stu/Cairn/cairn-share/worker/node_modules/@cloudflare/workerd-linux-64/bin/workerd@5934588 /home/alpen/Stu/Cairn/cairn-share/worker/node_modules/@cloudflare/workerd-linux-64/bin/workerd@57957c0 /home/alpen/Stu/Cairn/cairn-share/worker/node_modules/@cloudflare/workerd-linux-64/bin/workerd@34c54e0 /home/alpen/Stu/Cairn/cairn-share/worker/node_modules/@cloudflare/workerd-linux-64/bin/workerd@34c5a00 /home/alpen/Stu/Cairn/cairn-share/worker/node_modules/@cloudflare/workerd-linux-64/bin/workerd@3359440 /home/alpen/Stu/Cairn/cairn-share/worker/node_modules/@cloudflare/workerd-linux-64/bin/workerd@33597f6 /home/alpen/Stu/Cairn/cairn-share/worker/node_modules/@cloudflare/workerd-linux-64/bin/workerd@5934588 /home/alpen/Stu/Cairn/cairn-share/worker/node_modules/@cloudflare/workerd-linux-64/bin/workerd@30c87cb /home/alpen/Stu/Cairn/cairn-share/worker/node_modules/@cloudflare/workerd-linux-64/bin/workerd@30c8c94

⎯⎯⎯⎯⎯⎯⎯ Failed Tests 2 ⎯⎯⎯⎯⎯⎯⎯

 FAIL  test/reset-migration.test.ts > 0024 upgrades all shared override histories without rewriting their source records
AssertionError: expected { curation_overrides: [ …(83) ], …(7) } to deeply equal { curation_overrides: [ …(83) ], …(7) }

- Expected
+ Received

@@ -2443,10 +2443,11 @@
        "content_hash": "hash",
        "content_revision": 1,
        "entities": "[]",
        "evidence_snapshot_id": 1,
        "link_id": 1,
+       "observations": "[]",
        "operation_key": null,
        "revision": 0,
        "state": "completed_nonempty",
        "updated_at": "2026-09-22T00:00:00Z",
      },
@@ -2454,10 +2455,11 @@
        "content_hash": "hash",
        "content_revision": 1,
        "entities": "[]",
        "evidence_snapshot_id": 2,
        "link_id": 2,
+       "observations": "[]",
        "operation_key": null,
        "revision": 0,
        "state": "completed_nonempty",
        "updated_at": "2026-09-22T00:00:00Z",
      },
@@ -2465,10 +2467,11 @@
        "content_hash": "hash",
        "content_revision": 1,
        "entities": "[]",
        "evidence_snapshot_id": 3,
        "link_id": 3,
+       "observations": "[]",
        "operation_key": null,
        "revision": 0,
        "state": "completed_nonempty",
        "updated_at": "2026-09-22T00:00:00Z",
      },
@@ -2476,10 +2479,11 @@
        "content_hash": "hash",
        "content_revision": 1,
        "entities": "[]",
        "evidence_snapshot_id": 4,
        "link_id": 4,
+       "observations": "[]",
        "operation_key": null,
        "revision": 0,
        "state": "completed_nonempty",
        "updated_at": "2026-09-22T00:00:00Z",
      },
@@ -2487,10 +2491,11 @@
        "content_hash": "hash",
        "content_revision": 1,
        "entities": "[]",
        "evidence_snapshot_id": 5,
        "link_id": 5,
+       "observations": "[]",
        "operation_key": null,
        "revision": 0,
        "state": "completed_nonempty",
        "updated_at": "2026-09-22T00:00:00Z",
      },
@@ -2498,10 +2503,11 @@
        "content_hash": "hash",
        "content_revision": 1,
        "entities": "[]",
        "evidence_snapshot_id": 6,
        "link_id": 6,
+       "observations": "[]",
        "operation_key": null,
        "revision": 0,
        "state": "completed_nonempty",
        "updated_at": "2026-09-22T00:00:00Z",
      },
@@ -2509,10 +2515,11 @@
        "content_hash": "hash",
        "content_revision": 1,
        "entities": "[]",
        "evidence_snapshot_id": 7,
        "link_id": 7,
+       "observations": "[]",
        "operation_key": null,
        "revision": 0,
        "state": "completed_nonempty",
        "updated_at": "2026-09-22T00:00:00Z",
      },
@@ -2520,10 +2527,11 @@
        "content_hash": "hash",
        "content_revision": 1,
        "entities": "[]",
        "evidence_snapshot_id": 8,
        "link_id": 8,
+       "observations": "[]",
        "operation_key": null,
        "revision": 0,
        "state": "completed_nonempty",
        "updated_at": "2026-09-22T00:00:00Z",
      },
@@ -2531,10 +2539,11 @@
        "content_hash": "hash",
        "content_revision": 1,
        "entities": "[]",
        "evidence_snapshot_id": 9,
        "link_id": 9,
+       "observations": "[]",
        "operation_key": null,
        "revision": 0,
        "state": "completed_nonempty",
        "updated_at": "2026-09-22T00:00:00Z",
      },
@@ -2542,10 +2551,11 @@
        "content_hash": "hash",
        "content_revision": 1,
        "entities": "[]",
        "evidence_snapshot_id": 10,
        "link_id": 10,
+       "observations": "[]",
        "operation_key": null,
        "revision": 0,
        "state": "completed_nonempty",
        "updated_at": "2026-09-22T00:00:00Z",
      },
@@ -2553,10 +2563,11 @@
        "content_hash": "hash",
        "content_revision": 1,
        "entities": "[]",
        "evidence_snapshot_id": 11,
        "link_id": 11,
+       "observations": "[]",
        "operation_key": null,
        "revision": 0,
        "state": "completed_nonempty",
        "updated_at": "2026-09-22T00:00:00Z",
      },
@@ -2564,10 +2575,11 @@
        "content_hash": "hash",
        "content_revision": 1,
        "entities": "[]",
        "evidence_snapshot_id": 12,
        "link_id": 12,
+       "observations": "[]",
        "operation_key": null,
        "revision": 0,
        "state": "completed_nonempty",
        "updated_at": "2026-09-22T00:00:00Z",
      },
@@ -2575,10 +2587,11 @@
        "content_hash": "hash",
        "content_revision": 1,
        "entities": "[]",
        "evidence_snapshot_id": 13,
        "link_id": 13,
+       "observations": "[]",
        "operation_key": null,
        "revision": 0,
        "state": "completed_nonempty",
        "updated_at": "2026-09-22T00:00:00Z",
      },
@@ -2586,10 +2599,11 @@
        "content_hash": "hash",
        "content_revision": 1,
        "entities": "[]",
        "evidence_snapshot_id": 14,
        "link_id": 14,
+       "observations": "[]",
        "operation_key": null,
        "revision": 0,
        "state": "completed_nonempty",
        "updated_at": "2026-09-22T00:00:00Z",
      },
@@ -2597,10 +2611,11 @@
        "content_hash": "hash",
        "content_revision": 1,
        "entities": "[]",
        "evidence_snapshot_id": 15,
        "link_id": 15,
+       "observations": "[]",
        "operation_key": null,
        "revision": 0,
        "state": "completed_nonempty",
        "updated_at": "2026-09-22T00:00:00Z",
      },
@@ -2608,10 +2623,11 @@
        "content_hash": "hash",
        "content_revision": 1,
        "entities": "[]",
        "evidence_snapshot_id": 16,
        "link_id": 16,
+       "observations": "[]",
        "operation_key": null,
        "revision": 0,
        "state": "completed_nonempty",
        "updated_at": "2026-09-22T00:00:00Z",
      },
@@ -2619,10 +2635,11 @@
        "content_hash": "hash",
        "content_revision": 1,
        "entities": "[]",
        "evidence_snapshot_id": 17,
        "link_id": 17,
+       "observations": "[]",
        "operation_key": null,
        "revision": 0,
        "state": "completed_nonempty",
        "updated_at": "2026-09-22T00:00:00Z",
      },
@@ -2630,10 +2647,11 @@
        "content_hash": "hash",
        "content_revision": 1,
        "entities": "[]",
        "evidence_snapshot_id": 18,
        "link_id": 18,
+       "observations": "[]",
        "operation_key": null,
        "revision": 0,
        "state": "completed_nonempty",
        "updated_at": "2026-09-22T00:00:00Z",
      },
@@ -2641,10 +2659,11 @@
        "content_hash": "hash",
        "content_revision": 1,
        "entities": "[]",
        "evidence_snapshot_id": 19,
        "link_id": 19,
+       "observations": "[]",
        "operation_key": null,
        "revision": 0,
        "state": "completed_nonempty",
        "updated_at": "2026-09-22T00:00:00Z",
      },
@@ -2652,10 +2671,11 @@
        "content_hash": "hash",
        "content_revision": 1,
        "entities": "[]",
        "evidence_snapshot_id": 20,
        "link_id": 20,
+       "observations": "[]",
        "operation_key": null,
        "revision": 0,
        "state": "completed_nonempty",
        "updated_at": "2026-09-22T00:00:00Z",
      },
@@ -2663,10 +2683,11 @@
        "content_hash": "hash",
        "content_revision": 1,
        "entities": "[]",
        "evidence_snapshot_id": 21,
        "link_id": 21,
+       "observations": "[]",
        "operation_key": null,
        "revision": 0,
        "state": "completed_nonempty",
        "updated_at": "2026-09-22T00:00:00Z",
      },
@@ -2674,10 +2695,11 @@
        "content_hash": "hash",
        "content_revision": 1,
        "entities": "[]",
        "evidence_snapshot_id": 22,
        "link_id": 22,
+       "observations": "[]",
        "operation_key": null,
        "revision": 0,
        "state": "completed_nonempty",
        "updated_at": "2026-09-22T00:00:00Z",
      },
@@ -2685,10 +2707,11 @@
        "content_hash": "hash",
        "content_revision": 1,
        "entities": "[]",
        "evidence_snapshot_id": 23,
        "link_id": 23,
+       "observations": "[]",
        "operation_key": null,
        "revision": 0,
        "state": "completed_nonempty",
        "updated_at": "2026-09-22T00:00:00Z",
      },
@@ -2696,10 +2719,11 @@
        "content_hash": "hash",
        "content_revision": 1,
        "entities": "[]",
        "evidence_snapshot_id": 24,
        "link_id": 24,
+       "observations": "[]",
        "operation_key": null,
        "revision": 0,
        "state": "completed_nonempty",
        "updated_at": "2026-09-22T00:00:00Z",
      },
@@ -2707,10 +2731,11 @@
        "content_hash": "hash",
        "content_revision": 1,
        "entities": "[]",
        "evidence_snapshot_id": 25,
        "link_id": 25,
+       "observations": "[]",
        "operation_key": null,
        "revision": 0,
        "state": "completed_nonempty",
        "updated_at": "2026-09-22T00:00:00Z",
      },
@@ -2718,10 +2743,11 @@
        "content_hash": "hash",
        "content_revision": 1,
        "entities": "[]",
        "evidence_snapshot_id": 26,
        "link_id": 26,
+       "observations": "[]",
        "operation_key": null,
        "revision": 0,
        "state": "completed_nonempty",
        "updated_at": "2026-09-22T00:00:00Z",
      },
@@ -2729,10 +2755,11 @@
        "content_hash": "hash",
        "content_revision": 1,
        "entities": "[]",
        "evidence_snapshot_id": 27,
        "link_id": 27,
+       "observations": "[]",
        "operation_key": null,
        "revision": 0,
        "state": "completed_nonempty",
        "updated_at": "2026-09-22T00:00:00Z",
      },
@@ -2740,10 +2767,11 @@
        "content_hash": "hash",
        "content_revision": 1,
        "entities": "[]",
        "evidence_snapshot_id": 28,
        "link_id": 28,
+       "observations": "[]",
        "operation_key": null,
        "revision": 0,
        "state": "completed_nonempty",
        "updated_at": "2026-09-22T00:00:00Z",
      },
@@ -2751,10 +2779,11 @@
        "content_hash": "hash",
        "content_revision": 1,
        "entities": "[]",
        "evidence_snapshot_id": 29,
        "link_id": 29,
+       "observations": "[]",
        "operation_key": null,
        "revision": 0,
        "state": "completed_nonempty",
        "updated_at": "2026-09-22T00:00:00Z",
      },
@@ -2762,10 +2791,11 @@
        "content_hash": "hash",
        "content_revision": 1,
        "entities": "[]",
        "evidence_snapshot_id": 30,
        "link_id": 30,
+       "observations": "[]",
        "operation_key": null,
        "revision": 0,
        "state": "completed_nonempty",
        "updated_at": "2026-09-22T00:00:00Z",
      },
@@ -2773,10 +2803,11 @@
        "content_hash": "hash",
        "content_revision": 1,
        "entities": "[]",
        "evidence_snapshot_id": 31,
        "link_id": 31,
+       "observations": "[]",
        "operation_key": null,
        "revision": 0,
        "state": "completed_nonempty",
        "updated_at": "2026-09-22T00:00:00Z",
      },
@@ -2784,10 +2815,11 @@
        "content_hash": "hash",
        "content_revision": 1,
        "entities": "[]",
        "evidence_snapshot_id": 32,
        "link_id": 32,
+       "observations": "[]",
        "operation_key": null,
        "revision": 0,
        "state": "completed_nonempty",
        "updated_at": "2026-09-22T00:00:00Z",
      },
@@ -2795,10 +2827,11 @@
        "content_hash": "hash",
        "content_revision": 1,
        "entities": "[\"Jev\",\"Cairn\"]",
        "evidence_snapshot_id": 33,
        "link_id": 33,
+       "observations": "[]",
        "operation_key": null,
        "revision": 0,
        "state": "completed_nonempty",
        "updated_at": "2026-09-22T00:00:00Z",
      },

 ❯ checkUpgrade test/reset-migration.test.ts:92:29
     90|   const before = await immutable();
     91|   await applyD1Migrations(env.DB, env.TEST_MIGRATIONS);
     92|   expect(await immutable()).toEqual(before);
       |                             ^
     93|   for (const { id, expected, noDecision } of cases) {
     94|     const current = await readSelectionSnapshot(dbEnv as Parameters<ty…
 ❯ test/reset-migration.test.ts:130:3

⎯⎯⎯⎯⎯⎯⎯⎯⎯⎯⎯⎯⎯⎯⎯⎯⎯⎯⎯⎯⎯⎯⎯⎯[1/2]⎯

 FAIL  test/reset-migration.test.ts > 0024 repairs legacy empty barriers, noncurrent entities and absent terms while preserving later decisions
AssertionError: expected { Object (curation_overrides, curation_events, ...) } to deeply equal { Object (curation_overrides, curation_events, ...) }

- Expected
+ Received

@@ -3732,10 +3732,11 @@
        "content_hash": "hash",
        "content_revision": 1,
        "entities": "[\"AcmeEntity\",\"OtherEntity\"]",
        "evidence_snapshot_id": 1,
        "link_id": 1,
+       "observations": "[]",
        "operation_key": null,
        "revision": 0,
        "state": "completed_nonempty",
        "updated_at": "2026-09-22T00:00:00Z",
      },
@@ -3743,10 +3744,11 @@
        "content_hash": "hash",
        "content_revision": 1,
        "entities": "[\"AcmeEntity\",\"OtherEntity\"]",
        "evidence_snapshot_id": 2,
        "link_id": 2,
+       "observations": "[]",
        "operation_key": null,
        "revision": 0,
        "state": "completed_nonempty",
        "updated_at": "2026-09-22T00:00:00Z",
      },
@@ -3754,10 +3756,11 @@
        "content_hash": "hash",
        "content_revision": 1,
        "entities": "[\"AcmeEntity\",\"OtherEntity\"]",
        "evidence_snapshot_id": 3,
        "link_id": 3,
+       "observations": "[]",
        "operation_key": null,
        "revision": 0,
        "state": "completed_nonempty",
        "updated_at": "2026-09-22T00:00:00Z",
      },
@@ -3765,10 +3768,11 @@
        "content_hash": "hash",
        "content_revision": 1,
        "entities": "[\"AcmeEntity\",\"OtherEntity\"]",
        "evidence_snapshot_id": 4,
        "link_id": 4,
+       "observations": "[]",
        "operation_key": null,
        "revision": 0,
        "state": "completed_nonempty",
        "updated_at": "2026-09-22T00:00:00Z",
      },
@@ -3776,10 +3780,11 @@
        "content_hash": "hash",
        "content_revision": 1,
        "entities": "[\"AcmeEntity\",\"OtherEntity\"]",
        "evidence_snapshot_id": 5,
        "link_id": 5,
+       "observations": "[]",
        "operation_key": null,
        "revision": 0,
        "state": "completed_nonempty",
        "updated_at": "2026-09-22T00:00:00Z",
      },
@@ -3787,10 +3792,11 @@
        "content_hash": "hash",
        "content_revision": 1,
        "entities": "[\"AcmeEntity\",\"OtherEntity\"]",
        "evidence_snapshot_id": 6,
        "link_id": 6,
+       "observations": "[]",
        "operation_key": null,
        "revision": 0,
        "state": "completed_nonempty",
        "updated_at": "2026-09-22T00:00:00Z",
      },
@@ -3798,10 +3804,11 @@
        "content_hash": "hash",
        "content_revision": 1,
        "entities": "[\"AcmeEntity\",\"OtherEntity\"]",
        "evidence_snapshot_id": 7,
        "link_id": 7,
+       "observations": "[]",
        "operation_key": null,
        "revision": 0,
        "state": "completed_nonempty",
        "updated_at": "2026-09-22T00:00:00Z",
      },
@@ -3809,10 +3816,11 @@
        "content_hash": "hash",
        "content_revision": 1,
        "entities": "[\"AcmeEntity\",\"OtherEntity\"]",
        "evidence_snapshot_id": 8,
        "link_id": 8,
+       "observations": "[]",
        "operation_key": null,
        "revision": 0,
        "state": "completed_nonempty",
        "updated_at": "2026-09-22T00:00:00Z",
      },
@@ -3820,10 +3828,11 @@
        "content_hash": "hash",
        "content_revision": 1,
        "entities": "[\"AcmeEntity\",\"OtherEntity\"]",
        "evidence_snapshot_id": 9,
        "link_id": 9,
+       "observations": "[]",
        "operation_key": null,
        "revision": 0,
        "state": "completed_nonempty",
        "updated_at": "2026-09-22T00:00:00Z",
      },
@@ -3831,10 +3840,11 @@
        "content_hash": "hash",
        "content_revision": 1,
        "entities": "[\"AcmeEntity\",\"OtherEntity\"]",
        "evidence_snapshot_id": 10,
        "link_id": 10,
+       "observations": "[]",
        "operation_key": null,
        "revision": 0,
        "state": "completed_nonempty",
        "updated_at": "2026-09-22T00:00:00Z",
      },
@@ -3842,10 +3852,11 @@
        "content_hash": "hash",
        "content_revision": 1,
        "entities": "[\"AcmeEntity\",\"OtherEntity\"]",
        "evidence_snapshot_id": 11,
        "link_id": 11,
+       "observations": "[]",
        "operation_key": null,
        "revision": 0,
        "state": "completed_nonempty",
        "updated_at": "2026-09-22T00:00:00Z",
      },
@@ -3853,10 +3864,11 @@
        "content_hash": "hash",
        "content_revision": 1,
        "entities": "[\"AcmeEntity\",\"OtherEntity\"]",
        "evidence_snapshot_id": 12,
        "link_id": 12,
+       "observations": "[]",
        "operation_key": null,
        "revision": 0,
        "state": "completed_nonempty",
        "updated_at": "2026-09-22T00:00:00Z",
      },
@@ -3864,10 +3876,11 @@
        "content_hash": "hash",
        "content_revision": 1,
        "entities": "[\"AcmeEntity\",\"OtherEntity\"]",
        "evidence_snapshot_id": 13,
        "link_id": 13,
+       "observations": "[]",
        "operation_key": null,
        "revision": 0,
        "state": "completed_nonempty",
        "updated_at": "2026-09-22T00:00:00Z",
      },
@@ -3875,10 +3888,11 @@
        "content_hash": "hash",
        "content_revision": 1,
        "entities": "[\"AcmeEntity\",\"OtherEntity\"]",
        "evidence_snapshot_id": 14,
        "link_id": 14,
+       "observations": "[]",
        "operation_key": null,
        "revision": 0,
        "state": "completed_nonempty",
        "updated_at": "2026-09-22T00:00:00Z",
      },
@@ -3886,10 +3900,11 @@
        "content_hash": "hash",
        "content_revision": 1,
        "entities": "[\"AcmeEntity\",\"OtherEntity\"]",
        "evidence_snapshot_id": 15,
        "link_id": 15,
+       "observations": "[]",
        "operation_key": null,
        "revision": 0,
        "state": "completed_nonempty",
        "updated_at": "2026-09-22T00:00:00Z",
      },
@@ -3897,10 +3912,11 @@
        "content_hash": "hash",
        "content_revision": 1,
        "entities": "[\"AcmeEntity\",\"OtherEntity\"]",
        "evidence_snapshot_id": 16,
        "link_id": 16,
+       "observations": "[]",
        "operation_key": null,
        "revision": 0,
        "state": "completed_nonempty",
        "updated_at": "2026-09-22T00:00:00Z",
      },
@@ -3908,10 +3924,11 @@
        "content_hash": "hash",
        "content_revision": 1,
        "entities": "[\"AcmeEntity\",\"OtherEntity\"]",
        "evidence_snapshot_id": 17,
        "link_id": 17,
+       "observations": "[]",
        "operation_key": null,
        "revision": 0,
        "state": "completed_nonempty",
        "updated_at": "2026-09-22T00:00:00Z",
      },
@@ -3919,10 +3936,11 @@
        "content_hash": "hash",
        "content_revision": 1,
        "entities": "[\"AcmeEntity\",\"OtherEntity\"]",
        "evidence_snapshot_id": 18,
        "link_id": 18,
+       "observations": "[]",
        "operation_key": null,
        "revision": 0,
        "state": "completed_nonempty",
        "updated_at": "2026-09-22T00:00:00Z",
      },
@@ -3930,10 +3948,11 @@
        "content_hash": "hash",
        "content_revision": 1,
        "entities": "[\"AcmeEntity\",\"OtherEntity\"]",
        "evidence_snapshot_id": 19,
        "link_id": 19,
+       "observations": "[]",
        "operation_key": null,
        "revision": 0,
        "state": "completed_nonempty",
        "updated_at": "2026-09-22T00:00:00Z",
      },
@@ -3941,10 +3960,11 @@
        "content_hash": "hash",
        "content_revision": 1,
        "entities": "[\"AcmeEntity\",\"OtherEntity\"]",
        "evidence_snapshot_id": 20,
        "link_id": 20,
+       "observations": "[]",
        "operation_key": null,
        "revision": 0,
        "state": "completed_nonempty",
        "updated_at": "2026-09-22T00:00:00Z",
      },
@@ -3952,10 +3972,11 @@
        "content_hash": "hash",
        "content_revision": 1,
        "entities": "[\"AcmeEntity\",\"OtherEntity\"]",
        "evidence_snapshot_id": 21,
        "link_id": 21,
+       "observations": "[]",
        "operation_key": null,
        "revision": 0,
        "state": "completed_nonempty",
        "updated_at": "2026-09-22T00:00:00Z",
      },
@@ -3963,10 +3984,11 @@
        "content_hash": "hash",
        "content_revision": 1,
        "entities": "[\"AcmeEntity\",\"OtherEntity\"]",
        "evidence_snapshot_id": 22,
        "link_id": 22,
+       "observations": "[]",
        "operation_key": null,
        "revision": 0,
        "state": "completed_nonempty",
        "updated_at": "2026-09-22T00:00:00Z",
      },
@@ -3974,10 +3996,11 @@
        "content_hash": "hash",
        "content_revision": 1,
        "entities": "[\"AcmeEntity\",\"OtherEntity\"]",
        "evidence_snapshot_id": 23,
        "link_id": 23,
+       "observations": "[]",
        "operation_key": null,
        "revision": 0,
        "state": "completed_nonempty",
        "updated_at": "2026-09-22T00:00:00Z",
      },
@@ -3985,10 +4008,11 @@
        "content_hash": "hash",
        "content_revision": 1,
        "entities": "[\"AcmeEntity\",\"OtherEntity\"]",
        "evidence_snapshot_id": 24,
        "link_id": 24,
+       "observations": "[]",
        "operation_key": null,
        "revision": 0,
        "state": "completed_nonempty",
        "updated_at": "2026-09-22T00:00:00Z",
      },
@@ -3996,10 +4020,11 @@
        "content_hash": "hash",
        "content_revision": 1,
        "entities": "[\"AcmeEntity\",\"OtherEntity\"]",
        "evidence_snapshot_id": 25,
        "link_id": 25,
+       "observations": "[]",
        "operation_key": null,
        "revision": 0,
        "state": "completed_nonempty",
        "updated_at": "2026-09-22T00:00:00Z",
      },
@@ -4007,10 +4032,11 @@
        "content_hash": "hash",
        "content_revision": 1,
        "entities": "[\"AcmeEntity\",\"OtherEntity\"]",
        "evidence_snapshot_id": 26,
        "link_id": 26,
+       "observations": "[]",
        "operation_key": null,
        "revision": 0,
        "state": "completed_nonempty",
        "updated_at": "2026-09-22T00:00:00Z",
      },
@@ -4018,10 +4044,11 @@
        "content_hash": "hash",
        "content_revision": 1,
        "entities": "[\"AcmeEntity\",\"OtherEntity\"]",
        "evidence_snapshot_id": 27,
        "link_id": 27,
+       "observations": "[]",
        "operation_key": null,
        "revision": 0,
        "state": "completed_nonempty",
        "updated_at": "2026-09-22T00:00:00Z",
      },
@@ -4029,10 +4056,11 @@
        "content_hash": "hash",
        "content_revision": 1,
        "entities": "[\"AcmeEntity\",\"OtherEntity\"]",
        "evidence_snapshot_id": 28,
        "link_id": 28,
+       "observations": "[]",
        "operation_key": null,
        "revision": 0,
        "state": "completed_nonempty",
        "updated_at": "2026-09-22T00:00:00Z",
      },
@@ -4040,10 +4068,11 @@
        "content_hash": "hash",
        "content_revision": 1,
        "entities": "[\"AcmeEntity\",\"OtherEntity\"]",
        "evidence_snapshot_id": 29,
        "link_id": 29,
+       "observations": "[]",
        "operation_key": null,
        "revision": 0,
        "state": "completed_nonempty",
        "updated_at": "2026-09-22T00:00:00Z",
      },
@@ -4051,10 +4080,11 @@
        "content_hash": "hash",
        "content_revision": 1,
        "entities": "[\"AcmeEntity\",\"OtherEntity\"]",
        "evidence_snapshot_id": 30,
        "link_id": 30,
+       "observations": "[]",
        "operation_key": null,
        "revision": 0,
        "state": "completed_nonempty",
        "updated_at": "2026-09-22T00:00:00Z",
      },
@@ -4062,10 +4092,11 @@
        "content_hash": "hash",
        "content_revision": 1,
        "entities": "[\"AcmeEntity\",\"OtherEntity\"]",
        "evidence_snapshot_id": 31,
        "link_id": 31,
+       "observations": "[]",
        "operation_key": null,
        "revision": 0,
        "state": "completed_nonempty",
        "updated_at": "2026-09-22T00:00:00Z",
      },
@@ -4073,10 +4104,11 @@
        "content_hash": "hash",
        "content_revision": 1,
        "entities": "[\"AcmeEntity\",\"OtherEntity\"]",
        "evidence_snapshot_id": 32,
        "link_id": 32,
+       "observations": "[]",
        "operation_key": null,
        "revision": 0,
        "state": "completed_nonempty",
        "updated_at": "2026-09-22T00:00:00Z",
      },
@@ -4084,10 +4116,11 @@
        "content_hash": "hash",
        "content_revision": 1,
        "entities": "[\"AcmeEntity\",\"OtherEntity\"]",
        "evidence_snapshot_id": 33,
        "link_id": 33,
+       "observations": "[]",
        "operation_key": null,
        "revision": 0,
        "state": "completed_nonempty",
        "updated_at": "2026-09-22T00:00:00Z",
      },
@@ -4095,10 +4128,11 @@
        "content_hash": "hash",
        "content_revision": 1,
        "entities": "[\"AcmeEntity\",\"OtherEntity\"]",
        "evidence_snapshot_id": 34,
        "link_id": 34,
+       "observations": "[]",
        "operation_key": null,
        "revision": 0,
        "state": "completed_nonempty",
        "updated_at": "2026-09-22T00:00:00Z",
      },
@@ -4106,10 +4140,11 @@
        "content_hash": "hash",
        "content_revision": 1,
        "entities": "[\"AcmeEntity\",\"OtherEntity\"]",
        "evidence_snapshot_id": 35,
        "link_id": 35,
+       "observations": "[]",
        "operation_key": null,
        "revision": 0,
        "state": "completed_nonempty",
        "updated_at": "2026-09-22T00:00:00Z",
      },
@@ -4117,10 +4152,11 @@
        "content_hash": "hash",
        "content_revision": 1,
        "entities": "[\"AcmeEntity\",\"OtherEntity\"]",
        "evidence_snapshot_id": 36,
        "link_id": 36,
+       "observations": "[]",
        "operation_key": null,
        "revision": 0,
        "state": "completed_nonempty",
        "updated_at": "2026-09-22T00:00:00Z",
      },
@@ -4128,10 +4164,11 @@
        "content_hash": "hash",
        "content_revision": 1,
        "entities": "[\"AcmeEntity\",\"OtherEntity\"]",
        "evidence_snapshot_id": 37,
        "link_id": 37,
+       "observations": "[]",
        "operation_key": null,
        "revision": 0,
        "state": "completed_nonempty",
        "updated_at": "2026-09-22T00:00:00Z",
      },
@@ -4139,10 +4176,11 @@
        "content_hash": "hash",
        "content_revision": 1,
        "entities": "[\"AcmeEntity\",\"OtherEntity\"]",
        "evidence_snapshot_id": 38,
        "link_id": 38,
+       "observations": "[]",
        "operation_key": null,
        "revision": 0,
        "state": "completed_nonempty",
        "updated_at": "2026-09-22T00:00:00Z",
      },
@@ -4150,10 +4188,11 @@
        "content_hash": "hash",
        "content_revision": 1,
        "entities": "[\"AcmeEntity\",\"OtherEntity\"]",
        "evidence_snapshot_id": 39,
        "link_id": 39,
+       "observations": "[]",
        "operation_key": null,
        "revision": 0,
        "state": "completed_nonempty",
        "updated_at": "2026-09-22T00:00:00Z",
      },
@@ -4161,10 +4200,11 @@
        "content_hash": "hash",
        "content_revision": 1,
        "entities": "[\"AcmeEntity\",\"OtherEntity\"]",
        "evidence_snapshot_id": 40,
        "link_id": 40,
+       "observations": "[]",
        "operation_key": null,
        "revision": 0,
        "state": "completed_nonempty",
        "updated_at": "2026-09-22T00:00:00Z",
      },
@@ -4172,10 +4212,11 @@
        "content_hash": "hash",
        "content_revision": 1,
        "entities": "[\"AcmeEntity\",\"OtherEntity\"]",
        "evidence_snapshot_id": 41,
        "link_id": 41,
+       "observations": "[]",
        "operation_key": null,
        "revision": 0,
        "state": "completed_nonempty",
        "updated_at": "2026-09-22T00:00:00Z",
      },
@@ -4183,10 +4224,11 @@
        "content_hash": "hash",
        "content_revision": 1,
        "entities": "[\"AcmeEntity\",\"OtherEntity\"]",
        "evidence_snapshot_id": 42,
        "link_id": 42,
+       "observations": "[]",
        "operation_key": null,
        "revision": 0,
        "state": "completed_nonempty",
        "updated_at": "2026-09-22T00:00:00Z",
      },
@@ -4194,10 +4236,11 @@
        "content_hash": "hash",
        "content_revision": 1,
        "entities": "[\"AcmeEntity\",\"OtherEntity\"]",
        "evidence_snapshot_id": 43,
        "link_id": 43,
+       "observations": "[]",
        "operation_key": null,
        "revision": 0,
        "state": "completed_nonempty",
        "updated_at": "2026-09-22T00:00:00Z",
      },
@@ -4205,10 +4248,11 @@
        "content_hash": "hash",
        "content_revision": 1,
        "entities": "[\"AcmeEntity\",\"OtherEntity\"]",
        "evidence_snapshot_id": 44,
        "link_id": 44,
+       "observations": "[]",
        "operation_key": null,
        "revision": 0,
        "state": "completed_nonempty",
        "updated_at": "2026-09-22T00:00:00Z",
      },
@@ -4216,10 +4260,11 @@
        "content_hash": "hash",
        "content_revision": 1,
        "entities": "[\"AcmeEntity\",\"OtherEntity\"]",
        "evidence_snapshot_id": 45,
        "link_id": 45,
+       "observations": "[]",
        "operation_key": null,
        "revision": 0,
        "state": "completed_nonempty",
        "updated_at": "2026-09-22T00:00:00Z",
      },
@@ -4227,10 +4272,11 @@
        "content_hash": "hash",
        "content_revision": 1,
        "entities": "[\"AcmeEntity\",\"OtherEntity\"]",
        "evidence_snapshot_id": 46,
        "link_id": 46,
+       "observations": "[]",
        "operation_key": null,
        "revision": 0,
        "state": "completed_nonempty",
        "updated_at": "2026-09-22T00:00:00Z",
      },
@@ -4238,10 +4284,11 @@
        "content_hash": "hash",
        "content_revision": 1,
        "entities": "[\"AcmeEntity\",\"OtherEntity\"]",
        "evidence_snapshot_id": 47,
        "link_id": 47,
+       "observations": "[]",
        "operation_key": null,
        "revision": 0,
        "state": "completed_nonempty",
        "updated_at": "2026-09-22T00:00:00Z",
      },
@@ -4249,10 +4296,11 @@
        "content_hash": "hash",
        "content_revision": 1,
        "entities": "[\"AcmeEntity\",\"OtherEntity\"]",
        "evidence_snapshot_id": 48,
        "link_id": 48,
+       "observations": "[]",
        "operation_key": null,
        "revision": 0,
        "state": "completed_nonempty",
        "updated_at": "2026-09-22T00:00:00Z",
      },
@@ -4260,10 +4308,11 @@
        "content_hash": "hash",
        "content_revision": 1,
        "entities": "[\"AcmeEntity\",\"OtherEntity\"]",
        "evidence_snapshot_id": 49,
        "link_id": 49,
+       "observations": "[]",
        "operation_key": null,
        "revision": 0,
        "state": "completed_nonempty",
        "updated_at": "2026-09-22T00:00:00Z",
      },
@@ -4271,10 +4320,11 @@
        "content_hash": "hash",
        "content_revision": 1,
        "entities": "[\"AcmeEntity\",\"OtherEntity\"]",
        "evidence_snapshot_id": 50,
        "link_id": 50,
+       "observations": "[]",
        "operation_key": null,
        "revision": 0,
        "state": "completed_nonempty",
        "updated_at": "2026-09-22T00:00:00Z",
      },
@@ -4282,10 +4332,11 @@
        "content_hash": "hash",
        "content_revision": 1,
        "entities": "[\"AcmeEntity\",\"OtherEntity\"]",
        "evidence_snapshot_id": 51,
        "link_id": 51,
+       "observations": "[]",
        "operation_key": null,
        "revision": 0,
        "state": "completed_nonempty",
        "updated_at": "2026-09-22T00:00:00Z",
      },
@@ -4293,10 +4344,11 @@
        "content_hash": "hash",
        "content_revision": 1,
        "entities": "[\"AcmeEntity\",\"OtherEntity\"]",
        "evidence_snapshot_id": 52,
        "link_id": 52,
+       "observations": "[]",
        "operation_key": null,
        "revision": 0,
        "state": "completed_nonempty",
        "updated_at": "2026-09-22T00:00:00Z",
      },
@@ -4304,10 +4356,11 @@
        "content_hash": "hash",
        "content_revision": 1,
        "entities": "[\"AcmeEntity\",\"OtherEntity\"]",
        "evidence_snapshot_id": 53,
        "link_id": 53,
+       "observations": "[]",
        "operation_key": null,
        "revision": 0,
        "state": "completed_nonempty",
        "updated_at": "2026-09-22T00:00:00Z",
      },
@@ -4315,10 +4368,11 @@
        "content_hash": "hash",
        "content_revision": 1,
        "entities": "[\"AcmeEntity\",\"OtherEntity\"]",
        "evidence_snapshot_id": 54,
        "link_id": 54,
+       "observations": "[]",
        "operation_key": null,
        "revision": 0,
        "state": "completed_nonempty",
        "updated_at": "2026-09-22T00:00:00Z",
      },
@@ -4326,10 +4380,11 @@
        "content_hash": "hash",
        "content_revision": 1,
        "entities": "[\"AcmeEntity\",\"OtherEntity\"]",
        "evidence_snapshot_id": 55,
        "link_id": 55,
+       "observations": "[]",
        "operation_key": null,
        "revision": 0,
        "state": "completed_nonempty",
        "updated_at": "2026-09-22T00:00:00Z",
      },
@@ -4337,10 +4392,11 @@
        "content_hash": "hash",
        "content_revision": 1,
        "entities": "[\"AcmeEntity\",\"OtherEntity\"]",
        "evidence_snapshot_id": 56,
        "link_id": 56,
+       "observations": "[]",
        "operation_key": null,
        "revision": 0,
        "state": "completed_nonempty",
        "updated_at": "2026-09-22T00:00:00Z",
      },
@@ -4348,10 +4404,11 @@
        "content_hash": "hash",
        "content_revision": 1,
        "entities": "[\"AcmeEntity\",\"OtherEntity\"]",
        "evidence_snapshot_id": 57,
        "link_id": 57,
+       "observations": "[]",
        "operation_key": null,
        "revision": 0,
        "state": "completed_nonempty",
        "updated_at": "2026-09-22T00:00:00Z",
      },
@@ -4359,10 +4416,11 @@
        "content_hash": "mismatch",
        "content_revision": 1,
        "entities": "[\"AcmeEntity\",\"OtherEntity\"]",
        "evidence_snapshot_id": 58,
        "link_id": 58,
+       "observations": "[]",
        "operation_key": null,
        "revision": 0,
        "state": "completed_nonempty",
        "updated_at": "2026-09-22T00:00:00Z",
      },
@@ -4370,10 +4428,11 @@
        "content_hash": "hash",
        "content_revision": 1,
        "entities": "[\"AcmeEntity\",\"OtherEntity\"]",
        "evidence_snapshot_id": 59,
        "link_id": 59,
+       "observations": "[]",
        "operation_key": null,
        "revision": 0,
        "state": "completed_nonempty",
        "updated_at": "2026-09-22T00:00:00Z",
      },
@@ -4381,10 +4440,11 @@
        "content_hash": "hash",
        "content_revision": 1,
        "entities": "[\"AcmeEntity\",\"OtherEntity\"]",
        "evidence_snapshot_id": 60,
        "link_id": 60,
+       "observations": "[]",
        "operation_key": null,
        "revision": 0,
        "state": "completed_nonempty",
        "updated_at": "2026-09-22T00:00:00Z",
      },
@@ -4392,10 +4452,11 @@
        "content_hash": "hash",
        "content_revision": 1,
        "entities": "[\"AcmeEntity\",\"OtherEntity\"]",
        "evidence_snapshot_id": 61,
        "link_id": 61,
+       "observations": "[]",
        "operation_key": null,
        "revision": 0,
        "state": "completed_nonempty",
        "updated_at": "2026-09-22T00:00:00Z",
      },
@@ -4403,10 +4464,11 @@
        "content_hash": "hash",
        "content_revision": 1,
        "entities": "[\"AcmeEntity\",\"OtherEntity\"]",
        "evidence_snapshot_id": 62,
        "link_id": 62,
+       "observations": "[]",
        "operation_key": null,
        "revision": 0,
        "state": "completed_nonempty",
        "updated_at": "2026-09-22T00:00:00Z",
      },

 ❯ checkUpgrade test/reset-migration.test.ts:92:29
     90|   const before = await immutable();
     91|   await applyD1Migrations(env.DB, env.TEST_MIGRATIONS);
     92|   expect(await immutable()).toEqual(before);
       |                             ^
     93|   for (const { id, expected, noDecision } of cases) {
     94|     const current = await readSelectionSnapshot(dbEnv as Parameters<ty…
 ❯ test/reset-migration.test.ts:158:3

⎯⎯⎯⎯⎯⎯⎯⎯⎯⎯⎯⎯⎯⎯⎯⎯⎯⎯⎯⎯⎯⎯⎯⎯[2/2]⎯


 Test Files  1 failed | 23 passed (24)
      Tests  2 failed | 273 passed (275)
   Start at  08:26:00
   Duration  35.78s (transform 4.82s, setup 0ms, import 23.59s, tests 314.78s, environment 2ms)
