[36mWHAT[0m: 执行完整门禁复测
[35mWHY[0m:  修正受控测试路径后保持所有规则开启
go vet ./...
go run github.com/golangci/golangci-lint/v2/cmd/golangci-lint@v2.13.2 run ./...
0 issues.
go test -race -coverprofile=coverage.out ./...
ok  	github.com/Alpenl/cairn-x-enricher/cmd/cairn-x-enricher	3.094s	coverage: 44.6% of statements
ok  	github.com/Alpenl/cairn-x-enricher/experiments/ablation	1.065s	coverage: 31.6% of statements
	github.com/Alpenl/cairn-x-enricher/experiments/ablation/main		coverage: 0.0% of statements
	github.com/Alpenl/cairn-x-enricher/experiments/ablation-report		coverage: 0.0% of statements
ok  	github.com/Alpenl/cairn-x-enricher/experiments/classification/main	2.154s	coverage: 43.5% of statements
ok  	github.com/Alpenl/cairn-x-enricher/experiments/classification/referencegen	1.272s	coverage: 82.7% of statements
	github.com/Alpenl/cairn-x-enricher/experiments/harvest		coverage: 0.0% of statements
	github.com/Alpenl/cairn-x-enricher/experiments/identity		coverage: 0.0% of statements
	github.com/Alpenl/cairn-x-enricher/experiments/rescore		coverage: 0.0% of statements
	github.com/Alpenl/cairn-x-enricher/experiments/threadreport		coverage: 0.0% of statements
	github.com/Alpenl/cairn-x-enricher/experiments/threadvalue		coverage: 0.0% of statements
	github.com/Alpenl/cairn-x-enricher/experiments/verifyurls		coverage: 0.0% of statements
ok  	github.com/Alpenl/cairn-x-enricher/internal/buildinfo	1.015s	coverage: 100.0% of statements
ok  	github.com/Alpenl/cairn-x-enricher/internal/cairn	1.838s	coverage: 41.3% of statements
--- FAIL: TestEvaluateRejectsInvalidWireConfidence (0.02s)
    jev_test.go:57: wrong endpoint or authorization
    jev_test.go:57: wrong endpoint or authorization
FAIL
coverage: 76.7% of statements
FAIL	github.com/Alpenl/cairn-x-enricher/internal/classify	0.400s
ok  	github.com/Alpenl/cairn-x-enricher/internal/config	1.032s	coverage: 88.3% of statements
ok  	github.com/Alpenl/cairn-x-enricher/internal/dashboard	1.356s	coverage: 53.3% of statements
ok  	github.com/Alpenl/cairn-x-enricher/internal/enrich	1.362s	coverage: 83.6% of statements
ok  	github.com/Alpenl/cairn-x-enricher/internal/evaluation	1.600s	coverage: 89.1% of statements
ok  	github.com/Alpenl/cairn-x-enricher/internal/extension	1.236s	coverage: 87.2% of statements
ok  	github.com/Alpenl/cairn-x-enricher/internal/health	1.017s	coverage: 94.2% of statements
ok  	github.com/Alpenl/cairn-x-enricher/internal/processor	1.327s	coverage: 83.6% of statements
ok  	github.com/Alpenl/cairn-x-enricher/internal/taxonomy	1.024s	coverage: 93.3% of statements
ok  	github.com/Alpenl/cairn-x-enricher/tests/localintegration	1.017s	coverage: [no statements]
FAIL
make: *** [Makefile:19: test] Error 1
