== TestLocalWorkerFullLifecycle: starting worker on 127.0.0.1:34535 ==
=== RUN   TestLocalWorkerFullLifecycle
--- PASS: TestLocalWorkerFullLifecycle (0.71s)
PASS
ok  	github.com/Alpenl/cairn-x-enricher/tests/localintegration	0.718s
== TestLocalWorkerVersionCompetition: starting worker on 127.0.0.1:56265 ==
=== RUN   TestLocalWorkerVersionCompetition
--- PASS: TestLocalWorkerVersionCompetition (0.63s)
PASS
ok  	github.com/Alpenl/cairn-x-enricher/tests/localintegration	0.632s
== TestLocalWorkerDisplayRenameKeepsSemantics: starting worker on 127.0.0.1:50275 ==
=== RUN   TestLocalWorkerDisplayRenameKeepsSemantics
--- PASS: TestLocalWorkerDisplayRenameKeepsSemantics (0.07s)
PASS
ok  	github.com/Alpenl/cairn-x-enricher/tests/localintegration	0.074s
== TestLocalWorkerEvidenceCheckpointAndBoundRead: starting worker on 127.0.0.1:42081 ==
=== RUN   TestLocalWorkerEvidenceCheckpointAndBoundRead
    evidence_test.go:153: source saved, snapshot 503, three empty claims without attempt consumption, retry repairs snapshot with one retrieval
=== RUN   TestLocalWorkerEvidenceCheckpointAndBoundRead/404
=== RUN   TestLocalWorkerEvidenceCheckpointAndBoundRead/503
=== RUN   TestLocalWorkerEvidenceCheckpointAndBoundRead/malformed
=== RUN   TestLocalWorkerEvidenceCheckpointAndBoundRead/id
=== RUN   TestLocalWorkerEvidenceCheckpointAndBoundRead/revision
=== RUN   TestLocalWorkerEvidenceCheckpointAndBoundRead/hash
=== RUN   TestLocalWorkerEvidenceCheckpointAndBoundRead/body
=== NAME  TestLocalWorkerEvidenceCheckpointAndBoundRead
    evidence_test.go:252: real bound snapshot retained 45435 archive bytes; outbound request=3182 state=613 runes=200 blocks=0, truncation recorded
    evidence_test.go:253: seven bound-read failures: zero model calls/commits; recovery: 1 model call, 1 run
--- PASS: TestLocalWorkerEvidenceCheckpointAndBoundRead (1.31s)
    --- PASS: TestLocalWorkerEvidenceCheckpointAndBoundRead/404 (0.11s)
    --- PASS: TestLocalWorkerEvidenceCheckpointAndBoundRead/503 (0.12s)
    --- PASS: TestLocalWorkerEvidenceCheckpointAndBoundRead/malformed (0.13s)
    --- PASS: TestLocalWorkerEvidenceCheckpointAndBoundRead/id (0.10s)
    --- PASS: TestLocalWorkerEvidenceCheckpointAndBoundRead/revision (0.10s)
    --- PASS: TestLocalWorkerEvidenceCheckpointAndBoundRead/hash (0.11s)
    --- PASS: TestLocalWorkerEvidenceCheckpointAndBoundRead/body (0.10s)
PASS
ok  	github.com/Alpenl/cairn-x-enricher/tests/localintegration	1.316s
== TestLocalWorkerEntitySnapshotIdentity: starting worker on 127.0.0.1:56413 ==
=== RUN   TestLocalWorkerEntitySnapshotIdentity
    entities_test.go:218: actual processor: input_revision=1 content_revision=3 snapshot=2; classification=1 entity=1; 3 archived blocks; reject/reset API+search agree; stale result refused
--- PASS: TestLocalWorkerEntitySnapshotIdentity (0.85s)
PASS
ok  	github.com/Alpenl/cairn-x-enricher/tests/localintegration	0.853s
== TestLocalWorkerStoredQuestionReuse: starting worker on 127.0.0.1:59361 ==
=== RUN   TestLocalWorkerStoredQuestionReuse
    reuse_test.go:259: production store/read/reuse: initial=4 changed=1 display=0 policy=0; legacy/partial/alias bounded full; drift=1 and no fallback; total requests=8
--- PASS: TestLocalWorkerStoredQuestionReuse (2.07s)
PASS
ok  	github.com/Alpenl/cairn-x-enricher/tests/localintegration	2.071s
== TestLocalWorkerDecisionReferences: starting worker on 127.0.0.1:57891 ==
=== RUN   TestLocalWorkerDecisionReferences
    decision_test.go:197: production multi-run references restored; alias drift rejected; committed response-loss recovery preserved human edit and made zero additional model calls; 3 local calls total
--- PASS: TestLocalWorkerDecisionReferences (0.88s)
PASS
ok  	github.com/Alpenl/cairn-x-enricher/tests/localintegration	0.886s
== TestLocalWorkerEvidenceExecutionRecovery: starting worker on 127.0.0.1:54359 ==
=== RUN   TestLocalWorkerEvidenceExecutionRecovery
    escalation_test.go:247: real production evidence escalation: competing owner denied; 1 external HTTP fetch, checkpoint lost-response replay, 3 bounded finalize failures, new processor recovery, 2 model fixture calls; 3 original blocks retained and third poll unchanged
--- PASS: TestLocalWorkerEvidenceExecutionRecovery (0.70s)
PASS
ok  	github.com/Alpenl/cairn-x-enricher/tests/localintegration	0.700s
== TestLocalWorkerEffectiveClientFilters: starting worker on 127.0.0.1:57291 ==
=== RUN   TestLocalWorkerEffectiveClientFilters
    filters_test.go:132: real dashboard -> Go -> Worker/D1: fourth topic, OR/AND, entity states, cursors/counts, export, invalid queries and confirmed membership changes passed; zero model calls
--- PASS: TestLocalWorkerEffectiveClientFilters (0.71s)
PASS
ok  	github.com/Alpenl/cairn-x-enricher/tests/localintegration	0.708s
