go vet ./...
go run github.com/golangci/golangci-lint/v2/cmd/golangci-lint@v2.13.2 run ./...
0 issues.
go test -race -coverprofile=coverage.out ./...
ok  	github.com/Alpenl/cairn-x-enricher/cmd/cairn-x-enricher	3.049s	coverage: 38.9% of statements
ok  	github.com/Alpenl/cairn-x-enricher/experiments/ablation	1.046s	coverage: 31.6% of statements
	github.com/Alpenl/cairn-x-enricher/experiments/ablation/main		coverage: 0.0% of statements
	github.com/Alpenl/cairn-x-enricher/experiments/ablation-report		coverage: 0.0% of statements
{
  "artifacts": "/tmp/TestPolicyFitCommandWritesPrivateReproducibleArtifact78342142/002/fitted",
  "candidates": 1,
  "independent_groups": 1,
  "model_calls": 0,
  "promote": false,
  "reference_hash": "3e48205a17e6c608b336a97c6e83d8b05f67e3f0f8f102f1ce1080fe0f946860",
  "samples": 1,
  "selected_policy": null,
  "status": "no_eligible_candidate"
}
--- FAIL: TestPolicyFitCommandWritesPrivateReproducibleArtifact (0.13s)
    policy_fit_test.go:50: offline fitting promoted or lost its result
FAIL
coverage: 40.9% of statements
FAIL	github.com/Alpenl/cairn-x-enricher/experiments/classification/main	0.774s
ok  	github.com/Alpenl/cairn-x-enricher/experiments/classification/referencegen	1.257s	coverage: 82.8% of statements
	github.com/Alpenl/cairn-x-enricher/experiments/harvest		coverage: 0.0% of statements
	github.com/Alpenl/cairn-x-enricher/experiments/identity		coverage: 0.0% of statements
	github.com/Alpenl/cairn-x-enricher/experiments/rescore		coverage: 0.0% of statements
	github.com/Alpenl/cairn-x-enricher/experiments/threadreport		coverage: 0.0% of statements
	github.com/Alpenl/cairn-x-enricher/experiments/threadvalue		coverage: 0.0% of statements
	github.com/Alpenl/cairn-x-enricher/experiments/verifyurls		coverage: 0.0% of statements
ok  	github.com/Alpenl/cairn-x-enricher/internal/buildinfo	1.018s	coverage: 100.0% of statements
ok  	github.com/Alpenl/cairn-x-enricher/internal/cairn	1.831s	coverage: 41.9% of statements
ok  	github.com/Alpenl/cairn-x-enricher/internal/classify	1.249s	coverage: 74.8% of statements
ok  	github.com/Alpenl/cairn-x-enricher/internal/config	1.026s	coverage: 88.3% of statements
ok  	github.com/Alpenl/cairn-x-enricher/internal/dashboard	1.335s	coverage: 53.3% of statements
ok  	github.com/Alpenl/cairn-x-enricher/internal/enrich	1.367s	coverage: 83.6% of statements
ok  	github.com/Alpenl/cairn-x-enricher/internal/evaluation	1.440s	coverage: 88.5% of statements
ok  	github.com/Alpenl/cairn-x-enricher/internal/extension	1.232s	coverage: 87.2% of statements
ok  	github.com/Alpenl/cairn-x-enricher/internal/health	1.016s	coverage: 94.2% of statements
ok  	github.com/Alpenl/cairn-x-enricher/internal/processor	1.325s	coverage: 83.7% of statements
ok  	github.com/Alpenl/cairn-x-enricher/internal/taxonomy	1.021s	coverage: 94.2% of statements
ok  	github.com/Alpenl/cairn-x-enricher/tests/localintegration	1.016s	coverage: [no statements]
FAIL
make: *** [Makefile:19: test] Error 1
