[36mWHAT[0m: 验证 Go 显式请求基线
[35mWHY[0m:  测试新的可选字段协商以及跨服务真实合同
go vet ./...
go run github.com/golangci/golangci-lint/v2/cmd/golangci-lint@v2.13.2 run ./...
0 issues.
go test -race -coverprofile=coverage.out ./...
ok  	github.com/Alpenl/cairn-x-enricher/cmd/cairn-x-enricher	3.050s	coverage: 38.9% of statements
ok  	github.com/Alpenl/cairn-x-enricher/experiments/ablation	(cached)	coverage: 31.6% of statements
	github.com/Alpenl/cairn-x-enricher/experiments/ablation/main		coverage: 0.0% of statements
	github.com/Alpenl/cairn-x-enricher/experiments/ablation-report		coverage: 0.0% of statements
ok  	github.com/Alpenl/cairn-x-enricher/experiments/classification/main	(cached)	coverage: 35.1% of statements
ok  	github.com/Alpenl/cairn-x-enricher/experiments/classification/referencegen	(cached)	coverage: 82.8% of statements
	github.com/Alpenl/cairn-x-enricher/experiments/harvest		coverage: 0.0% of statements
	github.com/Alpenl/cairn-x-enricher/experiments/identity		coverage: 0.0% of statements
	github.com/Alpenl/cairn-x-enricher/experiments/rescore		coverage: 0.0% of statements
	github.com/Alpenl/cairn-x-enricher/experiments/threadreport		coverage: 0.0% of statements
	github.com/Alpenl/cairn-x-enricher/experiments/threadvalue		coverage: 0.0% of statements
	github.com/Alpenl/cairn-x-enricher/experiments/verifyurls		coverage: 0.0% of statements
ok  	github.com/Alpenl/cairn-x-enricher/internal/buildinfo	(cached)	coverage: 100.0% of statements
ok  	github.com/Alpenl/cairn-x-enricher/internal/cairn	1.823s	coverage: 40.9% of statements
ok  	github.com/Alpenl/cairn-x-enricher/internal/classify	(cached)	coverage: 76.0% of statements
ok  	github.com/Alpenl/cairn-x-enricher/internal/config	(cached)	coverage: 88.3% of statements
ok  	github.com/Alpenl/cairn-x-enricher/internal/dashboard	(cached)	coverage: 49.0% of statements
ok  	github.com/Alpenl/cairn-x-enricher/internal/enrich	(cached)	coverage: 83.6% of statements
ok  	github.com/Alpenl/cairn-x-enricher/internal/evaluation	(cached)	coverage: 88.8% of statements
ok  	github.com/Alpenl/cairn-x-enricher/internal/extension	(cached)	coverage: 79.5% of statements
ok  	github.com/Alpenl/cairn-x-enricher/internal/health	(cached)	coverage: 94.2% of statements
ok  	github.com/Alpenl/cairn-x-enricher/internal/processor	(cached)	coverage: 83.6% of statements
ok  	github.com/Alpenl/cairn-x-enricher/internal/taxonomy	(cached)	coverage: 94.2% of statements
ok  	github.com/Alpenl/cairn-x-enricher/tests/localintegration	1.011s	coverage: [no statements]
node internal/dashboard/frontend-check.mjs internal/dashboard
ok   common.js parses
ok   home.js parses
ok   backstage.js parses
ok   reader.js parses
ok   reader bounds its polling attempts
ok   formatDate empty
ok   formatDate invalid
ok   formatDate formats
ok   formatDate same local day is stable
ok   formatDate different days differ
ok   formatDateTime formats
ok   formatDateTime distinguishes instants
ok   formatDateTime is stable for one instant
ok   formatDate still collapses one local day
ok   bucket invalid
ok   bucket today
ok   bucket 3 days
ok   bucket 10 days
ok   bucket 60 days
ok   shortURL strips www
ok   shortURL repeated
ok   shortURL invalid
ok   termLabel unknown
ok   metadata sparse
ok   metadata empty
ok   exportMarkdown returns a promise
ok   exportMarkdown resolves
ok   home renders cards into the stream
ok   home renders the bucket band
ok   home renders titles
ok   home keeps features out of the stream
ok   search highlights matches
ok   highlight marks carry the matched text
ok   empty result renders no cards
ok   empty state is revealed
ok   reader defers collapsed original paragraphs
ok   reader preserves unchanged body nodes during polling
ok   reader preserves unchanged images during polling
ok   reader expands original text on demand
ok   reader refreshes changed visible translation
ok   reader refreshes changed expanded original
ok   summary export hydrates the selected detail
ok   summary export includes both full languages
ok   failed hydration cannot produce a partial export
ok   editing a reason marks the form dirty
ok   polling does not refetch detail while the form is dirty
ok   a dirty reason draft is not overwritten by a poll
ok   a dirty status draft is not overwritten by a poll
ok   reader sends one patch for a why-only save
ok   why-only save omits classification
ok   reader sends one patch for a status-only save
ok   status-only save omits classification
ok   reader sends one patch for a why+status-only save
ok   why+status-only save omits classification
ok   explicit tag edit sends one patch
ok   explicit tag edit sends classification
ok   explicit tag edit keeps the reason field
ok   confirm button is offered before review
ok   explicit confirmation sends one patch
ok   explicit confirmation sends classification
ok   explicit confirmation keeps the AI topics
ok   errorLabel(job_busy)
ok   errorLabel(not_found)
ok   errorLabel(backend_error)
ok   errorLabel(queue_full)
ok   errorLabel(invalid_ids)
ok   errorLabel(invalid_source)
ok   errorLabel(invalid_curation)
ok   errorLabel(invalid_id)
ok   errorLabel(invalid_query)
ok   errorLabel(invalid_json)
ok   errorLabel(invalid_content_type)
ok   errorLabel unknown is shown verbatim

73/73 checks passed
mkdir -p bin
CGO_ENABLED=0 go build -trimpath -ldflags "-s -w -X github.com/Alpenl/cairn-x-enricher/internal/buildinfo.Version=dev -X github.com/Alpenl/cairn-x-enricher/internal/buildinfo.Commit=ac71472 -X github.com/Alpenl/cairn-x-enricher/internal/buildinfo.Date=2026-09-22T12:19:17Z" -o bin/cairn-x-enricher ./cmd/cairn-x-enricher
go test ./experiments/... ./internal/evaluation/...
ok  	github.com/Alpenl/cairn-x-enricher/experiments/ablation	(cached)
?   	github.com/Alpenl/cairn-x-enricher/experiments/ablation/main	[no test files]
?   	github.com/Alpenl/cairn-x-enricher/experiments/ablation-report	[no test files]
ok  	github.com/Alpenl/cairn-x-enricher/experiments/classification/main	(cached)
ok  	github.com/Alpenl/cairn-x-enricher/experiments/classification/referencegen	(cached)
?   	github.com/Alpenl/cairn-x-enricher/experiments/harvest	[no test files]
?   	github.com/Alpenl/cairn-x-enricher/experiments/identity	[no test files]
?   	github.com/Alpenl/cairn-x-enricher/experiments/rescore	[no test files]
?   	github.com/Alpenl/cairn-x-enricher/experiments/threadreport	[no test files]
?   	github.com/Alpenl/cairn-x-enricher/experiments/threadvalue	[no test files]
?   	github.com/Alpenl/cairn-x-enricher/experiments/verifyurls	[no test files]
ok  	github.com/Alpenl/cairn-x-enricher/internal/evaluation	(cached)
== TestLocalWorkerFullLifecycle: starting worker on 127.0.0.1:51355 ==
=== RUN   TestLocalWorkerFullLifecycle
--- PASS: TestLocalWorkerFullLifecycle (1.26s)
PASS
ok  	github.com/Alpenl/cairn-x-enricher/tests/localintegration	1.267s
== TestLocalWorkerVersionCompetition: starting worker on 127.0.0.1:54815 ==
=== RUN   TestLocalWorkerVersionCompetition
--- PASS: TestLocalWorkerVersionCompetition (0.70s)
PASS
ok  	github.com/Alpenl/cairn-x-enricher/tests/localintegration	0.701s
== TestLocalWorkerDisplayRenameKeepsSemantics: starting worker on 127.0.0.1:37217 ==
=== RUN   TestLocalWorkerDisplayRenameKeepsSemantics
--- PASS: TestLocalWorkerDisplayRenameKeepsSemantics (0.07s)
PASS
ok  	github.com/Alpenl/cairn-x-enricher/tests/localintegration	0.078s
== TestLocalWorkerEvidenceCheckpointAndBoundRead: starting worker on 127.0.0.1:35063 ==
=== RUN   TestLocalWorkerEvidenceCheckpointAndBoundRead
    evidence_test.go:153: source saved, snapshot 503, three empty claims without attempt consumption, retry repairs snapshot with one retrieval
=== RUN   TestLocalWorkerEvidenceCheckpointAndBoundRead/404
=== RUN   TestLocalWorkerEvidenceCheckpointAndBoundRead/503
=== RUN   TestLocalWorkerEvidenceCheckpointAndBoundRead/malformed
=== RUN   TestLocalWorkerEvidenceCheckpointAndBoundRead/id
=== RUN   TestLocalWorkerEvidenceCheckpointAndBoundRead/revision
=== RUN   TestLocalWorkerEvidenceCheckpointAndBoundRead/hash
=== RUN   TestLocalWorkerEvidenceCheckpointAndBoundRead/body
=== NAME  TestLocalWorkerEvidenceCheckpointAndBoundRead
    evidence_test.go:252: real bound snapshot retained 45435 archive bytes; outbound request=2057 state=613 runes=200 blocks=0, truncation recorded
    evidence_test.go:253: seven bound-read failures: zero model calls/commits; recovery: 1 model call, 1 run
--- PASS: TestLocalWorkerEvidenceCheckpointAndBoundRead (1.39s)
    --- PASS: TestLocalWorkerEvidenceCheckpointAndBoundRead/404 (0.13s)
    --- PASS: TestLocalWorkerEvidenceCheckpointAndBoundRead/503 (0.10s)
    --- PASS: TestLocalWorkerEvidenceCheckpointAndBoundRead/malformed (0.12s)
    --- PASS: TestLocalWorkerEvidenceCheckpointAndBoundRead/id (0.12s)
    --- PASS: TestLocalWorkerEvidenceCheckpointAndBoundRead/revision (0.16s)
    --- PASS: TestLocalWorkerEvidenceCheckpointAndBoundRead/hash (0.10s)
    --- PASS: TestLocalWorkerEvidenceCheckpointAndBoundRead/body (0.11s)
PASS
ok  	github.com/Alpenl/cairn-x-enricher/tests/localintegration	1.396s
== TestLocalWorkerEntitySnapshotIdentity: starting worker on 127.0.0.1:49181 ==
=== RUN   TestLocalWorkerEntitySnapshotIdentity
    entities_test.go:210: actual processor: input_revision=1 content_revision=3 snapshot=2; classification=1 entity=1; 3 archived blocks; reject/reset API+search agree; stale result refused
--- PASS: TestLocalWorkerEntitySnapshotIdentity (0.80s)
PASS
ok  	github.com/Alpenl/cairn-x-enricher/tests/localintegration	0.799s
== TestLocalWorkerStoredQuestionReuse: starting worker on 127.0.0.1:45551 ==
=== RUN   TestLocalWorkerStoredQuestionReuse
    reuse_test.go:259: production store/read/reuse: initial=4 changed=1 display=0 policy=0; legacy/partial/alias bounded full; drift=1 and no fallback; total requests=8
--- PASS: TestLocalWorkerStoredQuestionReuse (2.19s)
PASS
ok  	github.com/Alpenl/cairn-x-enricher/tests/localintegration	2.197s
== TestLocalWorkerDecisionReferences: starting worker on 127.0.0.1:42443 ==
=== RUN   TestLocalWorkerDecisionReferences
    decision_test.go:197: production multi-run references restored; alias drift rejected; committed response-loss recovery preserved human edit and made zero additional model calls; 3 local calls total
--- PASS: TestLocalWorkerDecisionReferences (1.13s)
PASS
ok  	github.com/Alpenl/cairn-x-enricher/tests/localintegration	1.136s
== TestLocalWorkerEvidenceExecutionRecovery: starting worker on 127.0.0.1:34565 ==
=== RUN   TestLocalWorkerEvidenceExecutionRecovery
    escalation_test.go:247: real production evidence escalation: competing owner denied; 1 external HTTP fetch, checkpoint lost-response replay, 3 bounded finalize failures, new processor recovery, 2 model fixture calls; 3 original blocks retained and third poll unchanged
--- PASS: TestLocalWorkerEvidenceExecutionRecovery (0.75s)
PASS
ok  	github.com/Alpenl/cairn-x-enricher/tests/localintegration	0.753s
