== TestLocalWorkerFullLifecycle: starting worker on 127.0.0.1:36911 ==
=== RUN   TestLocalWorkerFullLifecycle
--- PASS: TestLocalWorkerFullLifecycle (0.88s)
PASS
ok  	github.com/Alpenl/cairn-x-enricher/tests/localintegration	0.887s
== TestLocalWorkerVersionCompetition: starting worker on 127.0.0.1:44975 ==
=== RUN   TestLocalWorkerVersionCompetition
--- PASS: TestLocalWorkerVersionCompetition (0.70s)
PASS
ok  	github.com/Alpenl/cairn-x-enricher/tests/localintegration	0.704s
== TestLocalWorkerDisplayRenameKeepsSemantics: starting worker on 127.0.0.1:44887 ==
=== RUN   TestLocalWorkerDisplayRenameKeepsSemantics
--- PASS: TestLocalWorkerDisplayRenameKeepsSemantics (0.07s)
PASS
ok  	github.com/Alpenl/cairn-x-enricher/tests/localintegration	0.074s
== TestLocalWorkerEvidenceCheckpointAndBoundRead: starting worker on 127.0.0.1:47967 ==
=== RUN   TestLocalWorkerEvidenceCheckpointAndBoundRead
    evidence_test.go:153: source saved, snapshot 503, three empty claims without attempt consumption, retry repairs snapshot with one retrieval
=== RUN   TestLocalWorkerEvidenceCheckpointAndBoundRead/404
=== RUN   TestLocalWorkerEvidenceCheckpointAndBoundRead/503
=== RUN   TestLocalWorkerEvidenceCheckpointAndBoundRead/malformed
=== RUN   TestLocalWorkerEvidenceCheckpointAndBoundRead/id
=== RUN   TestLocalWorkerEvidenceCheckpointAndBoundRead/revision
=== RUN   TestLocalWorkerEvidenceCheckpointAndBoundRead/hash
=== RUN   TestLocalWorkerEvidenceCheckpointAndBoundRead/body
=== NAME  TestLocalWorkerEvidenceCheckpointAndBoundRead
    evidence_test.go:252: real bound snapshot retained 45435 archive bytes; outbound request=2057 state=613 runes=200 blocks=0, truncation recorded
    evidence_test.go:253: seven bound-read failures: zero model calls/commits; recovery: 1 model call, 1 run
--- PASS: TestLocalWorkerEvidenceCheckpointAndBoundRead (1.37s)
    --- PASS: TestLocalWorkerEvidenceCheckpointAndBoundRead/404 (0.12s)
    --- PASS: TestLocalWorkerEvidenceCheckpointAndBoundRead/503 (0.12s)
    --- PASS: TestLocalWorkerEvidenceCheckpointAndBoundRead/malformed (0.13s)
    --- PASS: TestLocalWorkerEvidenceCheckpointAndBoundRead/id (0.09s)
    --- PASS: TestLocalWorkerEvidenceCheckpointAndBoundRead/revision (0.10s)
    --- PASS: TestLocalWorkerEvidenceCheckpointAndBoundRead/hash (0.12s)
    --- PASS: TestLocalWorkerEvidenceCheckpointAndBoundRead/body (0.12s)
PASS
ok  	github.com/Alpenl/cairn-x-enricher/tests/localintegration	1.373s
== TestLocalWorkerEntitySnapshotIdentity: starting worker on 127.0.0.1:40767 ==
=== RUN   TestLocalWorkerEntitySnapshotIdentity
    entities_test.go:210: actual processor: input_revision=1 content_revision=3 snapshot=2; classification=1 entity=1; 3 archived blocks; reject/reset API+search agree; stale result refused
--- PASS: TestLocalWorkerEntitySnapshotIdentity (0.86s)
PASS
ok  	github.com/Alpenl/cairn-x-enricher/tests/localintegration	0.861s
== TestLocalWorkerStoredQuestionReuse: starting worker on 127.0.0.1:40831 ==
=== RUN   TestLocalWorkerStoredQuestionReuse
    reuse_test.go:259: production store/read/reuse: initial=4 changed=1 display=0 policy=0; legacy/partial/alias bounded full; drift=1 and no fallback; total requests=8
--- PASS: TestLocalWorkerStoredQuestionReuse (2.29s)
PASS
ok  	github.com/Alpenl/cairn-x-enricher/tests/localintegration	2.297s
