[36mWHAT[0m: 重新执行最终八个跨仓集成场景
[35mWHY[0m:  覆盖同一最终 Worker 读取快照版本
== TestLocalWorkerFullLifecycle: starting worker on 127.0.0.1:37475 ==
=== RUN   TestLocalWorkerFullLifecycle
--- PASS: TestLocalWorkerFullLifecycle (0.72s)
PASS
ok  	github.com/Alpenl/cairn-x-enricher/tests/localintegration	0.723s
== TestLocalWorkerVersionCompetition: starting worker on 127.0.0.1:40635 ==
=== RUN   TestLocalWorkerVersionCompetition
--- PASS: TestLocalWorkerVersionCompetition (0.64s)
PASS
ok  	github.com/Alpenl/cairn-x-enricher/tests/localintegration	0.649s
== TestLocalWorkerDisplayRenameKeepsSemantics: starting worker on 127.0.0.1:51697 ==
=== RUN   TestLocalWorkerDisplayRenameKeepsSemantics
--- PASS: TestLocalWorkerDisplayRenameKeepsSemantics (0.08s)
PASS
ok  	github.com/Alpenl/cairn-x-enricher/tests/localintegration	0.086s
== TestLocalWorkerEvidenceCheckpointAndBoundRead: starting worker on 127.0.0.1:45845 ==
=== RUN   TestLocalWorkerEvidenceCheckpointAndBoundRead
    evidence_test.go:153: source saved, snapshot 503, three empty claims without attempt consumption, retry repairs snapshot with one retrieval
=== RUN   TestLocalWorkerEvidenceCheckpointAndBoundRead/404
=== RUN   TestLocalWorkerEvidenceCheckpointAndBoundRead/503
=== RUN   TestLocalWorkerEvidenceCheckpointAndBoundRead/malformed
=== RUN   TestLocalWorkerEvidenceCheckpointAndBoundRead/id
=== RUN   TestLocalWorkerEvidenceCheckpointAndBoundRead/revision
=== RUN   TestLocalWorkerEvidenceCheckpointAndBoundRead/hash
=== RUN   TestLocalWorkerEvidenceCheckpointAndBoundRead/body
=== NAME  TestLocalWorkerEvidenceCheckpointAndBoundRead
    evidence_test.go:252: real bound snapshot retained 45435 archive bytes; outbound request=2057 state=613 runes=200 blocks=0, truncation recorded
    evidence_test.go:253: seven bound-read failures: zero model calls/commits; recovery: 1 model call, 1 run
--- PASS: TestLocalWorkerEvidenceCheckpointAndBoundRead (1.37s)
    --- PASS: TestLocalWorkerEvidenceCheckpointAndBoundRead/404 (0.12s)
    --- PASS: TestLocalWorkerEvidenceCheckpointAndBoundRead/503 (0.13s)
    --- PASS: TestLocalWorkerEvidenceCheckpointAndBoundRead/malformed (0.13s)
    --- PASS: TestLocalWorkerEvidenceCheckpointAndBoundRead/id (0.11s)
    --- PASS: TestLocalWorkerEvidenceCheckpointAndBoundRead/revision (0.10s)
    --- PASS: TestLocalWorkerEvidenceCheckpointAndBoundRead/hash (0.12s)
    --- PASS: TestLocalWorkerEvidenceCheckpointAndBoundRead/body (0.11s)
PASS
ok  	github.com/Alpenl/cairn-x-enricher/tests/localintegration	1.373s
== TestLocalWorkerEntitySnapshotIdentity: starting worker on 127.0.0.1:37531 ==
=== RUN   TestLocalWorkerEntitySnapshotIdentity
    entities_test.go:210: actual processor: input_revision=1 content_revision=3 snapshot=2; classification=1 entity=1; 3 archived blocks; reject/reset API+search agree; stale result refused
--- PASS: TestLocalWorkerEntitySnapshotIdentity (0.80s)
PASS
ok  	github.com/Alpenl/cairn-x-enricher/tests/localintegration	0.802s
== TestLocalWorkerStoredQuestionReuse: starting worker on 127.0.0.1:49705 ==
=== RUN   TestLocalWorkerStoredQuestionReuse
    reuse_test.go:259: production store/read/reuse: initial=4 changed=1 display=0 policy=0; legacy/partial/alias bounded full; drift=1 and no fallback; total requests=8
--- PASS: TestLocalWorkerStoredQuestionReuse (1.97s)
PASS
ok  	github.com/Alpenl/cairn-x-enricher/tests/localintegration	1.976s
== TestLocalWorkerDecisionReferences: starting worker on 127.0.0.1:36239 ==
=== RUN   TestLocalWorkerDecisionReferences
    decision_test.go:197: production multi-run references restored; alias drift rejected; committed response-loss recovery preserved human edit and made zero additional model calls; 3 local calls total
--- PASS: TestLocalWorkerDecisionReferences (0.84s)
PASS
ok  	github.com/Alpenl/cairn-x-enricher/tests/localintegration	0.842s
== TestLocalWorkerEvidenceExecutionRecovery: starting worker on 127.0.0.1:56107 ==
=== RUN   TestLocalWorkerEvidenceExecutionRecovery
    escalation_test.go:247: real production evidence escalation: competing owner denied; 1 external HTTP fetch, checkpoint lost-response replay, 3 bounded finalize failures, new processor recovery, 2 model fixture calls; 3 original blocks retained and third poll unchanged
--- PASS: TestLocalWorkerEvidenceExecutionRecovery (0.72s)
PASS
ok  	github.com/Alpenl/cairn-x-enricher/tests/localintegration	0.726s
