
> test
> vitest run

[33m▲ [43;33m[[43;30mWARNING[43;33m][0m [1mProxy environment variables detected. We'll use your proxy for fetch requests.[0m


(node:2898931) [DEP0040] DeprecationWarning: The `punycode` module is deprecated. Please use a userland alternative instead.
(Use `node --trace-deprecation ...` to show where the warning was created)

 RUN  v4.1.11 /tmp/cairn-share-rerank-next/worker

exception = workerd/api/unsafe.c++:229: failed: jsg.Error: Application called deleteAllDurableObjects().
stack: /home/alpen/Stu/Cairn/cairn-share/worker/node_modules/@cloudflare/workerd-linux-64/bin/workerd@376c0d0 /home/alpen/Stu/Cairn/cairn-share/worker/node_modules/@cloudflare/workerd-linux-64/bin/workerd@23ba480 /home/alpen/Stu/Cairn/cairn-share/worker/node_modules/@cloudflare/workerd-linux-64/bin/workerd@579605a /home/alpen/Stu/Cairn/cairn-share/worker/node_modules/@cloudflare/workerd-linux-64/bin/workerd@5934588 /home/alpen/Stu/Cairn/cairn-share/worker/node_modules/@cloudflare/workerd-linux-64/bin/workerd@57957c0 /home/alpen/Stu/Cairn/cairn-share/worker/node_modules/@cloudflare/workerd-linux-64/bin/workerd@34c54e0 /home/alpen/Stu/Cairn/cairn-share/worker/node_modules/@cloudflare/workerd-linux-64/bin/workerd@34c5a00 /home/alpen/Stu/Cairn/cairn-share/worker/node_modules/@cloudflare/workerd-linux-64/bin/workerd@3359440 /home/alpen/Stu/Cairn/cairn-share/worker/node_modules/@cloudflare/workerd-linux-64/bin/workerd@33597f6 /home/alpen/Stu/Cairn/cairn-share/worker/node_modules/@cloudflare/workerd-linux-64/bin/workerd@5934588 /home/alpen/Stu/Cairn/cairn-share/worker/node_modules/@cloudflare/workerd-linux-64/bin/workerd@30c87cb /home/alpen/Stu/Cairn/cairn-share/worker/node_modules/@cloudflare/workerd-linux-64/bin/workerd@30c8c94
exception = workerd/api/unsafe.c++:229: failed: jsg.Error: Application called deleteAllDurableObjects().
stack: /home/alpen/Stu/Cairn/cairn-share/worker/node_modules/@cloudflare/workerd-linux-64/bin/workerd@376c0d0 /home/alpen/Stu/Cairn/cairn-share/worker/node_modules/@cloudflare/workerd-linux-64/bin/workerd@23ba480 /home/alpen/Stu/Cairn/cairn-share/worker/node_modules/@cloudflare/workerd-linux-64/bin/workerd@579605a /home/alpen/Stu/Cairn/cairn-share/worker/node_modules/@cloudflare/workerd-linux-64/bin/workerd@5934588 /home/alpen/Stu/Cairn/cairn-share/worker/node_modules/@cloudflare/workerd-linux-64/bin/workerd@57957c0 /home/alpen/Stu/Cairn/cairn-share/worker/node_modules/@cloudflare/workerd-linux-64/bin/workerd@34c54e0 /home/alpen/Stu/Cairn/cairn-share/worker/node_modules/@cloudflare/workerd-linux-64/bin/workerd@34c5a00 /home/alpen/Stu/Cairn/cairn-share/worker/node_modules/@cloudflare/workerd-linux-64/bin/workerd@3359440 /home/alpen/Stu/Cairn/cairn-share/worker/node_modules/@cloudflare/workerd-linux-64/bin/workerd@33597f6 /home/alpen/Stu/Cairn/cairn-share/worker/node_modules/@cloudflare/workerd-linux-64/bin/workerd@5934588 /home/alpen/Stu/Cairn/cairn-share/worker/node_modules/@cloudflare/workerd-linux-64/bin/workerd@30c87cb /home/alpen/Stu/Cairn/cairn-share/worker/node_modules/@cloudflare/workerd-linux-64/bin/workerd@30c8c94
 ❯ test/app-enrichment.test.ts (10 tests | 1 failed) 8630ms
     × negotiates cache identity separately from legacy summary/detail and mutation responses 1345ms
 ❯ test/rerank-cache.test.ts (10 tests | 1 failed) 8837ms
   × actual human and reading field updates invalidate ownership without requiring consumer-side revision writes 1329ms
exception = workerd/api/unsafe.c++:229: failed: jsg.Error: Application called deleteAllDurableObjects().
stack: /home/alpen/Stu/Cairn/cairn-share/worker/node_modules/@cloudflare/workerd-linux-64/bin/workerd@376c0d0 /home/alpen/Stu/Cairn/cairn-share/worker/node_modules/@cloudflare/workerd-linux-64/bin/workerd@23ba480 /home/alpen/Stu/Cairn/cairn-share/worker/node_modules/@cloudflare/workerd-linux-64/bin/workerd@579605a /home/alpen/Stu/Cairn/cairn-share/worker/node_modules/@cloudflare/workerd-linux-64/bin/workerd@5934588 /home/alpen/Stu/Cairn/cairn-share/worker/node_modules/@cloudflare/workerd-linux-64/bin/workerd@57957c0 /home/alpen/Stu/Cairn/cairn-share/worker/node_modules/@cloudflare/workerd-linux-64/bin/workerd@34c54e0 /home/alpen/Stu/Cairn/cairn-share/worker/node_modules/@cloudflare/workerd-linux-64/bin/workerd@34c5a00 /home/alpen/Stu/Cairn/cairn-share/worker/node_modules/@cloudflare/workerd-linux-64/bin/workerd@3359440 /home/alpen/Stu/Cairn/cairn-share/worker/node_modules/@cloudflare/workerd-linux-64/bin/workerd@33597f6 /home/alpen/Stu/Cairn/cairn-share/worker/node_modules/@cloudflare/workerd-linux-64/bin/workerd@5934588 /home/alpen/Stu/Cairn/cairn-share/worker/node_modules/@cloudflare/workerd-linux-64/bin/workerd@30c87cb /home/alpen/Stu/Cairn/cairn-share/worker/node_modules/@cloudflare/workerd-linux-64/bin/workerd@30c8c94
exception = workerd/api/unsafe.c++:229: failed: jsg.Error: Application called deleteAllDurableObjects().
stack: /home/alpen/Stu/Cairn/cairn-share/worker/node_modules/@cloudflare/workerd-linux-64/bin/workerd@376c0d0 /home/alpen/Stu/Cairn/cairn-share/worker/node_modules/@cloudflare/workerd-linux-64/bin/workerd@23ba480 /home/alpen/Stu/Cairn/cairn-share/worker/node_modules/@cloudflare/workerd-linux-64/bin/workerd@579605a /home/alpen/Stu/Cairn/cairn-share/worker/node_modules/@cloudflare/workerd-linux-64/bin/workerd@5934588 /home/alpen/Stu/Cairn/cairn-share/worker/node_modules/@cloudflare/workerd-linux-64/bin/workerd@57957c0 /home/alpen/Stu/Cairn/cairn-share/worker/node_modules/@cloudflare/workerd-linux-64/bin/workerd@34c54e0 /home/alpen/Stu/Cairn/cairn-share/worker/node_modules/@cloudflare/workerd-linux-64/bin/workerd@34c5a00 /home/alpen/Stu/Cairn/cairn-share/worker/node_modules/@cloudflare/workerd-linux-64/bin/workerd@3359440 /home/alpen/Stu/Cairn/cairn-share/worker/node_modules/@cloudflare/workerd-linux-64/bin/workerd@33597f6 /home/alpen/Stu/Cairn/cairn-share/worker/node_modules/@cloudflare/workerd-linux-64/bin/workerd@5934588 /home/alpen/Stu/Cairn/cairn-share/worker/node_modules/@cloudflare/workerd-linux-64/bin/workerd@30c87cb /home/alpen/Stu/Cairn/cairn-share/worker/node_modules/@cloudflare/workerd-linux-64/bin/workerd@30c8c94
exception = workerd/api/unsafe.c++:229: failed: jsg.Error: Application called deleteAllDurableObjects().
stack: /home/alpen/Stu/Cairn/cairn-share/worker/node_modules/@cloudflare/workerd-linux-64/bin/workerd@376c0d0 /home/alpen/Stu/Cairn/cairn-share/worker/node_modules/@cloudflare/workerd-linux-64/bin/workerd@23ba480 /home/alpen/Stu/Cairn/cairn-share/worker/node_modules/@cloudflare/workerd-linux-64/bin/workerd@579605a /home/alpen/Stu/Cairn/cairn-share/worker/node_modules/@cloudflare/workerd-linux-64/bin/workerd@5934588 /home/alpen/Stu/Cairn/cairn-share/worker/node_modules/@cloudflare/workerd-linux-64/bin/workerd@57957c0 /home/alpen/Stu/Cairn/cairn-share/worker/node_modules/@cloudflare/workerd-linux-64/bin/workerd@34c54e0 /home/alpen/Stu/Cairn/cairn-share/worker/node_modules/@cloudflare/workerd-linux-64/bin/workerd@34c5a00 /home/alpen/Stu/Cairn/cairn-share/worker/node_modules/@cloudflare/workerd-linux-64/bin/workerd@3359440 /home/alpen/Stu/Cairn/cairn-share/worker/node_modules/@cloudflare/workerd-linux-64/bin/workerd@33597f6 /home/alpen/Stu/Cairn/cairn-share/worker/node_modules/@cloudflare/workerd-linux-64/bin/workerd@5934588 /home/alpen/Stu/Cairn/cairn-share/worker/node_modules/@cloudflare/workerd-linux-64/bin/workerd@30c87cb /home/alpen/Stu/Cairn/cairn-share/worker/node_modules/@cloudflare/workerd-linux-64/bin/workerd@30c8c94
exception = workerd/api/unsafe.c++:229: failed: jsg.Error: Application called deleteAllDurableObjects().
stack: /home/alpen/Stu/Cairn/cairn-share/worker/node_modules/@cloudflare/workerd-linux-64/bin/workerd@376c0d0 /home/alpen/Stu/Cairn/cairn-share/worker/node_modules/@cloudflare/workerd-linux-64/bin/workerd@23ba480 /home/alpen/Stu/Cairn/cairn-share/worker/node_modules/@cloudflare/workerd-linux-64/bin/workerd@579605a /home/alpen/Stu/Cairn/cairn-share/worker/node_modules/@cloudflare/workerd-linux-64/bin/workerd@5934588 /home/alpen/Stu/Cairn/cairn-share/worker/node_modules/@cloudflare/workerd-linux-64/bin/workerd@57957c0 /home/alpen/Stu/Cairn/cairn-share/worker/node_modules/@cloudflare/workerd-linux-64/bin/workerd@34c54e0 /home/alpen/Stu/Cairn/cairn-share/worker/node_modules/@cloudflare/workerd-linux-64/bin/workerd@34c5a00 /home/alpen/Stu/Cairn/cairn-share/worker/node_modules/@cloudflare/workerd-linux-64/bin/workerd@3359440 /home/alpen/Stu/Cairn/cairn-share/worker/node_modules/@cloudflare/workerd-linux-64/bin/workerd@33597f6 /home/alpen/Stu/Cairn/cairn-share/worker/node_modules/@cloudflare/workerd-linux-64/bin/workerd@5934588 /home/alpen/Stu/Cairn/cairn-share/worker/node_modules/@cloudflare/workerd-linux-64/bin/workerd@30c87cb /home/alpen/Stu/Cairn/cairn-share/worker/node_modules/@cloudflare/workerd-linux-64/bin/workerd@30c8c94
exception = workerd/api/unsafe.c++:229: failed: jsg.Error: Application called deleteAllDurableObjects().
stack: /home/alpen/Stu/Cairn/cairn-share/worker/node_modules/@cloudflare/workerd-linux-64/bin/workerd@376c0d0 /home/alpen/Stu/Cairn/cairn-share/worker/node_modules/@cloudflare/workerd-linux-64/bin/workerd@23ba480 /home/alpen/Stu/Cairn/cairn-share/worker/node_modules/@cloudflare/workerd-linux-64/bin/workerd@579605a /home/alpen/Stu/Cairn/cairn-share/worker/node_modules/@cloudflare/workerd-linux-64/bin/workerd@5934588 /home/alpen/Stu/Cairn/cairn-share/worker/node_modules/@cloudflare/workerd-linux-64/bin/workerd@57957c0 /home/alpen/Stu/Cairn/cairn-share/worker/node_modules/@cloudflare/workerd-linux-64/bin/workerd@34c54e0 /home/alpen/Stu/Cairn/cairn-share/worker/node_modules/@cloudflare/workerd-linux-64/bin/workerd@34c5a00 /home/alpen/Stu/Cairn/cairn-share/worker/node_modules/@cloudflare/workerd-linux-64/bin/workerd@3359440 /home/alpen/Stu/Cairn/cairn-share/worker/node_modules/@cloudflare/workerd-linux-64/bin/workerd@33597f6 /home/alpen/Stu/Cairn/cairn-share/worker/node_modules/@cloudflare/workerd-linux-64/bin/workerd@5934588 /home/alpen/Stu/Cairn/cairn-share/worker/node_modules/@cloudflare/workerd-linux-64/bin/workerd@30c87cb /home/alpen/Stu/Cairn/cairn-share/worker/node_modules/@cloudflare/workerd-linux-64/bin/workerd@30c8c94
exception = workerd/api/unsafe.c++:229: failed: jsg.Error: Application called deleteAllDurableObjects().
stack: /home/alpen/Stu/Cairn/cairn-share/worker/node_modules/@cloudflare/workerd-linux-64/bin/workerd@376c0d0 /home/alpen/Stu/Cairn/cairn-share/worker/node_modules/@cloudflare/workerd-linux-64/bin/workerd@23ba480 /home/alpen/Stu/Cairn/cairn-share/worker/node_modules/@cloudflare/workerd-linux-64/bin/workerd@579605a /home/alpen/Stu/Cairn/cairn-share/worker/node_modules/@cloudflare/workerd-linux-64/bin/workerd@5934588 /home/alpen/Stu/Cairn/cairn-share/worker/node_modules/@cloudflare/workerd-linux-64/bin/workerd@57957c0 /home/alpen/Stu/Cairn/cairn-share/worker/node_modules/@cloudflare/workerd-linux-64/bin/workerd@34c54e0 /home/alpen/Stu/Cairn/cairn-share/worker/node_modules/@cloudflare/workerd-linux-64/bin/workerd@34c5a00 /home/alpen/Stu/Cairn/cairn-share/worker/node_modules/@cloudflare/workerd-linux-64/bin/workerd@3359440 /home/alpen/Stu/Cairn/cairn-share/worker/node_modules/@cloudflare/workerd-linux-64/bin/workerd@33597f6 /home/alpen/Stu/Cairn/cairn-share/worker/node_modules/@cloudflare/workerd-linux-64/bin/workerd@5934588 /home/alpen/Stu/Cairn/cairn-share/worker/node_modules/@cloudflare/workerd-linux-64/bin/workerd@30c87cb /home/alpen/Stu/Cairn/cairn-share/worker/node_modules/@cloudflare/workerd-linux-64/bin/workerd@30c8c94
exception = workerd/api/unsafe.c++:229: failed: jsg.Error: Application called deleteAllDurableObjects().
stack: /home/alpen/Stu/Cairn/cairn-share/worker/node_modules/@cloudflare/workerd-linux-64/bin/workerd@376c0d0 /home/alpen/Stu/Cairn/cairn-share/worker/node_modules/@cloudflare/workerd-linux-64/bin/workerd@23ba480 /home/alpen/Stu/Cairn/cairn-share/worker/node_modules/@cloudflare/workerd-linux-64/bin/workerd@579605a /home/alpen/Stu/Cairn/cairn-share/worker/node_modules/@cloudflare/workerd-linux-64/bin/workerd@5934588 /home/alpen/Stu/Cairn/cairn-share/worker/node_modules/@cloudflare/workerd-linux-64/bin/workerd@57957c0 /home/alpen/Stu/Cairn/cairn-share/worker/node_modules/@cloudflare/workerd-linux-64/bin/workerd@34c54e0 /home/alpen/Stu/Cairn/cairn-share/worker/node_modules/@cloudflare/workerd-linux-64/bin/workerd@34c5a00 /home/alpen/Stu/Cairn/cairn-share/worker/node_modules/@cloudflare/workerd-linux-64/bin/workerd@3359440 /home/alpen/Stu/Cairn/cairn-share/worker/node_modules/@cloudflare/workerd-linux-64/bin/workerd@33597f6 /home/alpen/Stu/Cairn/cairn-share/worker/node_modules/@cloudflare/workerd-linux-64/bin/workerd@5934588 /home/alpen/Stu/Cairn/cairn-share/worker/node_modules/@cloudflare/workerd-linux-64/bin/workerd@30c87cb /home/alpen/Stu/Cairn/cairn-share/worker/node_modules/@cloudflare/workerd-linux-64/bin/workerd@30c8c94
exception = workerd/api/unsafe.c++:229: failed: jsg.Error: Application called deleteAllDurableObjects().
stack: /home/alpen/Stu/Cairn/cairn-share/worker/node_modules/@cloudflare/workerd-linux-64/bin/workerd@376c0d0 /home/alpen/Stu/Cairn/cairn-share/worker/node_modules/@cloudflare/workerd-linux-64/bin/workerd@23ba480 /home/alpen/Stu/Cairn/cairn-share/worker/node_modules/@cloudflare/workerd-linux-64/bin/workerd@579605a /home/alpen/Stu/Cairn/cairn-share/worker/node_modules/@cloudflare/workerd-linux-64/bin/workerd@5934588 /home/alpen/Stu/Cairn/cairn-share/worker/node_modules/@cloudflare/workerd-linux-64/bin/workerd@57957c0 /home/alpen/Stu/Cairn/cairn-share/worker/node_modules/@cloudflare/workerd-linux-64/bin/workerd@34c54e0 /home/alpen/Stu/Cairn/cairn-share/worker/node_modules/@cloudflare/workerd-linux-64/bin/workerd@34c5a00 /home/alpen/Stu/Cairn/cairn-share/worker/node_modules/@cloudflare/workerd-linux-64/bin/workerd@3359440 /home/alpen/Stu/Cairn/cairn-share/worker/node_modules/@cloudflare/workerd-linux-64/bin/workerd@33597f6 /home/alpen/Stu/Cairn/cairn-share/worker/node_modules/@cloudflare/workerd-linux-64/bin/workerd@5934588 /home/alpen/Stu/Cairn/cairn-share/worker/node_modules/@cloudflare/workerd-linux-64/bin/workerd@30c87cb /home/alpen/Stu/Cairn/cairn-share/worker/node_modules/@cloudflare/workerd-linux-64/bin/workerd@30c8c94
exception = workerd/api/unsafe.c++:229: failed: jsg.Error: Application called deleteAllDurableObjects().
stack: /home/alpen/Stu/Cairn/cairn-share/worker/node_modules/@cloudflare/workerd-linux-64/bin/workerd@376c0d0 /home/alpen/Stu/Cairn/cairn-share/worker/node_modules/@cloudflare/workerd-linux-64/bin/workerd@23ba480 /home/alpen/Stu/Cairn/cairn-share/worker/node_modules/@cloudflare/workerd-linux-64/bin/workerd@579605a /home/alpen/Stu/Cairn/cairn-share/worker/node_modules/@cloudflare/workerd-linux-64/bin/workerd@5934588 /home/alpen/Stu/Cairn/cairn-share/worker/node_modules/@cloudflare/workerd-linux-64/bin/workerd@57957c0 /home/alpen/Stu/Cairn/cairn-share/worker/node_modules/@cloudflare/workerd-linux-64/bin/workerd@34c54e0 /home/alpen/Stu/Cairn/cairn-share/worker/node_modules/@cloudflare/workerd-linux-64/bin/workerd@34c5a00 /home/alpen/Stu/Cairn/cairn-share/worker/node_modules/@cloudflare/workerd-linux-64/bin/workerd@3359440 /home/alpen/Stu/Cairn/cairn-share/worker/node_modules/@cloudflare/workerd-linux-64/bin/workerd@33597f6 /home/alpen/Stu/Cairn/cairn-share/worker/node_modules/@cloudflare/workerd-linux-64/bin/workerd@5934588 /home/alpen/Stu/Cairn/cairn-share/worker/node_modules/@cloudflare/workerd-linux-64/bin/workerd@30c87cb /home/alpen/Stu/Cairn/cairn-share/worker/node_modules/@cloudflare/workerd-linux-64/bin/workerd@30c8c94
exception = workerd/api/unsafe.c++:229: failed: jsg.Error: Application called deleteAllDurableObjects().
stack: /home/alpen/Stu/Cairn/cairn-share/worker/node_modules/@cloudflare/workerd-linux-64/bin/workerd@376c0d0 /home/alpen/Stu/Cairn/cairn-share/worker/node_modules/@cloudflare/workerd-linux-64/bin/workerd@23ba480 /home/alpen/Stu/Cairn/cairn-share/worker/node_modules/@cloudflare/workerd-linux-64/bin/workerd@579605a /home/alpen/Stu/Cairn/cairn-share/worker/node_modules/@cloudflare/workerd-linux-64/bin/workerd@5934588 /home/alpen/Stu/Cairn/cairn-share/worker/node_modules/@cloudflare/workerd-linux-64/bin/workerd@57957c0 /home/alpen/Stu/Cairn/cairn-share/worker/node_modules/@cloudflare/workerd-linux-64/bin/workerd@34c54e0 /home/alpen/Stu/Cairn/cairn-share/worker/node_modules/@cloudflare/workerd-linux-64/bin/workerd@34c5a00 /home/alpen/Stu/Cairn/cairn-share/worker/node_modules/@cloudflare/workerd-linux-64/bin/workerd@3359440 /home/alpen/Stu/Cairn/cairn-share/worker/node_modules/@cloudflare/workerd-linux-64/bin/workerd@33597f6 /home/alpen/Stu/Cairn/cairn-share/worker/node_modules/@cloudflare/workerd-linux-64/bin/workerd@5934588 /home/alpen/Stu/Cairn/cairn-share/worker/node_modules/@cloudflare/workerd-linux-64/bin/workerd@30c87cb /home/alpen/Stu/Cairn/cairn-share/worker/node_modules/@cloudflare/workerd-linux-64/bin/workerd@30c8c94
exception = workerd/api/unsafe.c++:229: failed: jsg.Error: Application called deleteAllDurableObjects().
stack: /home/alpen/Stu/Cairn/cairn-share/worker/node_modules/@cloudflare/workerd-linux-64/bin/workerd@376c0d0 /home/alpen/Stu/Cairn/cairn-share/worker/node_modules/@cloudflare/workerd-linux-64/bin/workerd@23ba480 /home/alpen/Stu/Cairn/cairn-share/worker/node_modules/@cloudflare/workerd-linux-64/bin/workerd@579605a /home/alpen/Stu/Cairn/cairn-share/worker/node_modules/@cloudflare/workerd-linux-64/bin/workerd@5934588 /home/alpen/Stu/Cairn/cairn-share/worker/node_modules/@cloudflare/workerd-linux-64/bin/workerd@57957c0 /home/alpen/Stu/Cairn/cairn-share/worker/node_modules/@cloudflare/workerd-linux-64/bin/workerd@34c54e0 /home/alpen/Stu/Cairn/cairn-share/worker/node_modules/@cloudflare/workerd-linux-64/bin/workerd@34c5a00 /home/alpen/Stu/Cairn/cairn-share/worker/node_modules/@cloudflare/workerd-linux-64/bin/workerd@3359440 /home/alpen/Stu/Cairn/cairn-share/worker/node_modules/@cloudflare/workerd-linux-64/bin/workerd@33597f6 /home/alpen/Stu/Cairn/cairn-share/worker/node_modules/@cloudflare/workerd-linux-64/bin/workerd@5934588 /home/alpen/Stu/Cairn/cairn-share/worker/node_modules/@cloudflare/workerd-linux-64/bin/workerd@30c87cb /home/alpen/Stu/Cairn/cairn-share/worker/node_modules/@cloudflare/workerd-linux-64/bin/workerd@30c8c94

⎯⎯⎯⎯⎯⎯⎯ Failed Tests 2 ⎯⎯⎯⎯⎯⎯⎯

 FAIL  test/app-enrichment.test.ts > App enrichment integration > negotiates cache identity separately from legacy summary/detail and mutation responses
AssertionError: expected 6 to be 5 // Object.is equality

- Expected
+ Received

- 5
+ 6

 ❯ test/app-enrichment.test.ts:96:60
     94|     expect(edited.enrichment.cache_identity.body_revision).toBe(stored…
     95|     expect(edited.enrichment.cache_identity.content_revision).toBeGrea…
     96|     expect(edited.enrichment.cache_identity.body_revision).toBe(bodyRe…
       |                                                            ^
     97|     expect(edited.enrichment.translated_text).toBeNull();
     98|   });

⎯⎯⎯⎯⎯⎯⎯⎯⎯⎯⎯⎯⎯⎯⎯⎯⎯⎯⎯⎯⎯⎯⎯⎯[1/2]⎯

 FAIL  test/rerank-cache.test.ts > actual human and reading field updates invalidate ownership without requiring consumer-side revision writes
AssertionError: expected 200 to be 409 // Object.is equality

- Expected
+ Received

- 409
+ 200

 ❯ test/rerank-cache.test.ts:122:57
    120|   const body=await requestFor();const {key}=await (await call("v2/rera…
    121|   await env.DB.prepare(`UPDATE links SET ${field}=? WHERE id=1`).bind(…
    122|   expect((await call(`v2/rerank-cache/${key}`)).status).toBe(409);
       |                                                         ^
    123|   expect((await call(`v2/rerank-cache/${key}/complete`,{owner_token:bo…
    124|  }

⎯⎯⎯⎯⎯⎯⎯⎯⎯⎯⎯⎯⎯⎯⎯⎯⎯⎯⎯⎯⎯⎯⎯⎯[2/2]⎯


 Test Files  2 failed | 18 passed (20)
      Tests  2 failed | 236 passed (238)
   Start at  06:30:12
   Duration  32.74s (transform 3.54s, setup 0ms, import 16.19s, tests 241.67s, environment 0ms)
